Information: Updating design information... (UID-85)
Warning: Design 'local_ctrl_row' contains 3 high-fanout nets. A fanout number of 1000 will be used for delay calculations involving these nets. (TIM-134)
 
****************************************
Report : constraint
        -all_violators
Design : local_ctrl_row
Version: S-2021.06-SP1
Date   : Tue Apr 28 13:16:22 2026
****************************************


   max_transition

                             Required        Actual
   Net                      Transition     Transition        Slack
   -----------------------------------------------------------------
   cp_ctrl[33]                  0.40           0.48          -0.08  (VIOLATED)
       PORT :  cp_ctrl[33]      0.40           0.48          -0.08  (VIOLATED)
   cp_ctrl[34]                  0.40           0.48          -0.08  (VIOLATED)
       PORT :  cp_ctrl[34]      0.40           0.48          -0.08  (VIOLATED)
   cp_ctrl[36]                  0.40           0.48          -0.08  (VIOLATED)
       PORT :  cp_ctrl[36]      0.40           0.48          -0.08  (VIOLATED)
   cp_ctrl[37]                  0.40           0.48          -0.08  (VIOLATED)
       PORT :  cp_ctrl[37]      0.40           0.48          -0.08  (VIOLATED)
   cp_ctrl[39]                  0.40           0.48          -0.08  (VIOLATED)
       PORT :  cp_ctrl[39]      0.40           0.48          -0.08  (VIOLATED)
   cp_ctrl[40]                  0.40           0.48          -0.08  (VIOLATED)
       PORT :  cp_ctrl[40]      0.40           0.48          -0.08  (VIOLATED)
   cp_ctrl[42]                  0.40           0.48          -0.08  (VIOLATED)
       PORT :  cp_ctrl[42]      0.40           0.48          -0.08  (VIOLATED)
   cp_ctrl[43]                  0.40           0.48          -0.08  (VIOLATED)
       PORT :  cp_ctrl[43]      0.40           0.48          -0.08  (VIOLATED)
   cp_ctrl[45]                  0.40           0.48          -0.08  (VIOLATED)
       PORT :  cp_ctrl[45]      0.40           0.48          -0.08  (VIOLATED)
   cp_ctrl[46]                  0.40           0.48          -0.08  (VIOLATED)
       PORT :  cp_ctrl[46]      0.40           0.48          -0.08  (VIOLATED)
   cp_ctrl[48]                  0.40           0.48          -0.08  (VIOLATED)
       PORT :  cp_ctrl[48]      0.40           0.48          -0.08  (VIOLATED)
   cp_ctrl[49]                  0.40           0.48          -0.08  (VIOLATED)
       PORT :  cp_ctrl[49]      0.40           0.48          -0.08  (VIOLATED)
   cp_ctrl[51]                  0.40           0.48          -0.08  (VIOLATED)
       PORT :  cp_ctrl[51]      0.40           0.48          -0.08  (VIOLATED)
   cp_ctrl[52]                  0.40           0.48          -0.08  (VIOLATED)
       PORT :  cp_ctrl[52]      0.40           0.48          -0.08  (VIOLATED)
   cp_ctrl[54]                  0.40           0.48          -0.08  (VIOLATED)
       PORT :  cp_ctrl[54]      0.40           0.48          -0.08  (VIOLATED)
   cp_ctrl[55]                  0.40           0.48          -0.08  (VIOLATED)
       PORT :  cp_ctrl[55]      0.40           0.48          -0.08  (VIOLATED)
   cp_ctrl[57]                  0.40           0.48          -0.08  (VIOLATED)
       PORT :  cp_ctrl[57]      0.40           0.48          -0.08  (VIOLATED)
   cp_ctrl[58]                  0.40           0.48          -0.08  (VIOLATED)
       PORT :  cp_ctrl[58]      0.40           0.48          -0.08  (VIOLATED)
   cp_ctrl[60]                  0.40           0.48          -0.08  (VIOLATED)
       PORT :  cp_ctrl[60]      0.40           0.48          -0.08  (VIOLATED)
   cp_ctrl[61]                  0.40           0.48          -0.08  (VIOLATED)
       PORT :  cp_ctrl[61]      0.40           0.48          -0.08  (VIOLATED)
   cp_ctrl[63]                  0.40           0.48          -0.08  (VIOLATED)
       PORT :  cp_ctrl[63]      0.40           0.48          -0.08  (VIOLATED)
   cp_ctrl[96]                  0.40           0.48          -0.08  (VIOLATED)
       PORT :  cp_ctrl[96]      0.40           0.48          -0.08  (VIOLATED)
   cp_ctrl[97]                  0.40           0.48          -0.08  (VIOLATED)
       PORT :  cp_ctrl[97]      0.40           0.48          -0.08  (VIOLATED)
   cp_ctrl[99]                  0.40           0.48          -0.08  (VIOLATED)
       PORT :  cp_ctrl[99]      0.40           0.48          -0.08  (VIOLATED)
   cp_ctrl[100]                 0.40           0.48          -0.08  (VIOLATED)
       PORT :  cp_ctrl[100]     0.40           0.48          -0.08  (VIOLATED)
   cp_ctrl[102]                 0.40           0.48          -0.08  (VIOLATED)
       PORT :  cp_ctrl[102]     0.40           0.48          -0.08  (VIOLATED)
   cp_ctrl[103]                 0.40           0.48          -0.08  (VIOLATED)
       PORT :  cp_ctrl[103]     0.40           0.48          -0.08  (VIOLATED)
   cp_ctrl[105]                 0.40           0.48          -0.08  (VIOLATED)
       PORT :  cp_ctrl[105]     0.40           0.48          -0.08  (VIOLATED)
   cp_ctrl[106]                 0.40           0.48          -0.08  (VIOLATED)
       PORT :  cp_ctrl[106]     0.40           0.48          -0.08  (VIOLATED)
   cp_ctrl[108]                 0.40           0.48          -0.08  (VIOLATED)
       PORT :  cp_ctrl[108]     0.40           0.48          -0.08  (VIOLATED)
   cp_ctrl[109]                 0.40           0.48          -0.08  (VIOLATED)
       PORT :  cp_ctrl[109]     0.40           0.48          -0.08  (VIOLATED)
   cp_ctrl[111]                 0.40           0.48          -0.08  (VIOLATED)
       PORT :  cp_ctrl[111]     0.40           0.48          -0.08  (VIOLATED)
   cp_ctrl[112]                 0.40           0.48          -0.08  (VIOLATED)
       PORT :  cp_ctrl[112]     0.40           0.48          -0.08  (VIOLATED)
   cp_ctrl[114]                 0.40           0.48          -0.08  (VIOLATED)
       PORT :  cp_ctrl[114]     0.40           0.48          -0.08  (VIOLATED)
   cp_ctrl[115]                 0.40           0.48          -0.08  (VIOLATED)
       PORT :  cp_ctrl[115]     0.40           0.48          -0.08  (VIOLATED)
   cp_ctrl[117]                 0.40           0.48          -0.08  (VIOLATED)
       PORT :  cp_ctrl[117]     0.40           0.48          -0.08  (VIOLATED)
   cp_ctrl[118]                 0.40           0.48          -0.08  (VIOLATED)
       PORT :  cp_ctrl[118]     0.40           0.48          -0.08  (VIOLATED)
   cp_ctrl[120]                 0.40           0.48          -0.08  (VIOLATED)
       PORT :  cp_ctrl[120]     0.40           0.48          -0.08  (VIOLATED)
   cp_ctrl[121]                 0.40           0.48          -0.08  (VIOLATED)
       PORT :  cp_ctrl[121]     0.40           0.48          -0.08  (VIOLATED)
   cp_ctrl[123]                 0.40           0.48          -0.08  (VIOLATED)
       PORT :  cp_ctrl[123]     0.40           0.48          -0.08  (VIOLATED)
   cp_ctrl[124]                 0.40           0.48          -0.08  (VIOLATED)
       PORT :  cp_ctrl[124]     0.40           0.48          -0.08  (VIOLATED)
   cp_ctrl[126]                 0.40           0.48          -0.08  (VIOLATED)
       PORT :  cp_ctrl[126]     0.40           0.48          -0.08  (VIOLATED)
   cp_ctrl[127]                 0.40           0.48          -0.08  (VIOLATED)
       PORT :  cp_ctrl[127]     0.40           0.48          -0.08  (VIOLATED)
   cp_ctrl[160]                 0.40           0.48          -0.08  (VIOLATED)
       PORT :  cp_ctrl[160]     0.40           0.48          -0.08  (VIOLATED)
   cp_ctrl[161]                 0.40           0.48          -0.08  (VIOLATED)
       PORT :  cp_ctrl[161]     0.40           0.48          -0.08  (VIOLATED)
   cp_ctrl[163]                 0.40           0.48          -0.08  (VIOLATED)
       PORT :  cp_ctrl[163]     0.40           0.48          -0.08  (VIOLATED)
   cp_ctrl[164]                 0.40           0.48          -0.08  (VIOLATED)
       PORT :  cp_ctrl[164]     0.40           0.48          -0.08  (VIOLATED)
   cp_ctrl[166]                 0.40           0.48          -0.08  (VIOLATED)
       PORT :  cp_ctrl[166]     0.40           0.48          -0.08  (VIOLATED)
   cp_ctrl[167]                 0.40           0.48          -0.08  (VIOLATED)
       PORT :  cp_ctrl[167]     0.40           0.48          -0.08  (VIOLATED)
   cp_ctrl[169]                 0.40           0.48          -0.08  (VIOLATED)
       PORT :  cp_ctrl[169]     0.40           0.48          -0.08  (VIOLATED)
   cp_ctrl[170]                 0.40           0.48          -0.08  (VIOLATED)
       PORT :  cp_ctrl[170]     0.40           0.48          -0.08  (VIOLATED)
   cp_ctrl[172]                 0.40           0.48          -0.08  (VIOLATED)
       PORT :  cp_ctrl[172]     0.40           0.48          -0.08  (VIOLATED)
   cp_ctrl[173]                 0.40           0.48          -0.08  (VIOLATED)
       PORT :  cp_ctrl[173]     0.40           0.48          -0.08  (VIOLATED)
   cp_ctrl[175]                 0.40           0.48          -0.08  (VIOLATED)
       PORT :  cp_ctrl[175]     0.40           0.48          -0.08  (VIOLATED)
   cp_ctrl[176]                 0.40           0.48          -0.08  (VIOLATED)
       PORT :  cp_ctrl[176]     0.40           0.48          -0.08  (VIOLATED)
   cp_ctrl[178]                 0.40           0.48          -0.08  (VIOLATED)
       PORT :  cp_ctrl[178]     0.40           0.48          -0.08  (VIOLATED)
   cp_ctrl[179]                 0.40           0.48          -0.08  (VIOLATED)
       PORT :  cp_ctrl[179]     0.40           0.48          -0.08  (VIOLATED)
   cp_ctrl[181]                 0.40           0.48          -0.08  (VIOLATED)
       PORT :  cp_ctrl[181]     0.40           0.48          -0.08  (VIOLATED)
   cp_ctrl[182]                 0.40           0.48          -0.08  (VIOLATED)
       PORT :  cp_ctrl[182]     0.40           0.48          -0.08  (VIOLATED)
   cp_ctrl[184]                 0.40           0.48          -0.08  (VIOLATED)
       PORT :  cp_ctrl[184]     0.40           0.48          -0.08  (VIOLATED)
   cp_ctrl[185]                 0.40           0.48          -0.08  (VIOLATED)
       PORT :  cp_ctrl[185]     0.40           0.48          -0.08  (VIOLATED)
   cp_ctrl[187]                 0.40           0.48          -0.08  (VIOLATED)
       PORT :  cp_ctrl[187]     0.40           0.48          -0.08  (VIOLATED)
   cp_ctrl[188]                 0.40           0.48          -0.08  (VIOLATED)
       PORT :  cp_ctrl[188]     0.40           0.48          -0.08  (VIOLATED)
   cp_ctrl[190]                 0.40           0.48          -0.08  (VIOLATED)
       PORT :  cp_ctrl[190]     0.40           0.48          -0.08  (VIOLATED)
   cp_ctrl[191]                 0.40           0.48          -0.08  (VIOLATED)
       PORT :  cp_ctrl[191]     0.40           0.48          -0.08  (VIOLATED)
   cp_ctrl[224]                 0.40           0.48          -0.08  (VIOLATED)
       PORT :  cp_ctrl[224]     0.40           0.48          -0.08  (VIOLATED)
   cp_ctrl[225]                 0.40           0.48          -0.08  (VIOLATED)
       PORT :  cp_ctrl[225]     0.40           0.48          -0.08  (VIOLATED)
   cp_ctrl[227]                 0.40           0.48          -0.08  (VIOLATED)
       PORT :  cp_ctrl[227]     0.40           0.48          -0.08  (VIOLATED)
   cp_ctrl[228]                 0.40           0.48          -0.08  (VIOLATED)
       PORT :  cp_ctrl[228]     0.40           0.48          -0.08  (VIOLATED)
   cp_ctrl[230]                 0.40           0.48          -0.08  (VIOLATED)
       PORT :  cp_ctrl[230]     0.40           0.48          -0.08  (VIOLATED)
   cp_ctrl[231]                 0.40           0.48          -0.08  (VIOLATED)
       PORT :  cp_ctrl[231]     0.40           0.48          -0.08  (VIOLATED)
   cp_ctrl[233]                 0.40           0.48          -0.08  (VIOLATED)
       PORT :  cp_ctrl[233]     0.40           0.48          -0.08  (VIOLATED)
   cp_ctrl[234]                 0.40           0.48          -0.08  (VIOLATED)
       PORT :  cp_ctrl[234]     0.40           0.48          -0.08  (VIOLATED)
   cp_ctrl[236]                 0.40           0.48          -0.08  (VIOLATED)
       PORT :  cp_ctrl[236]     0.40           0.48          -0.08  (VIOLATED)
   cp_ctrl[237]                 0.40           0.48          -0.08  (VIOLATED)
       PORT :  cp_ctrl[237]     0.40           0.48          -0.08  (VIOLATED)
   cp_ctrl[239]                 0.40           0.48          -0.08  (VIOLATED)
       PORT :  cp_ctrl[239]     0.40           0.48          -0.08  (VIOLATED)
   cp_ctrl[240]                 0.40           0.48          -0.08  (VIOLATED)
       PORT :  cp_ctrl[240]     0.40           0.48          -0.08  (VIOLATED)
   cp_ctrl[242]                 0.40           0.48          -0.08  (VIOLATED)
       PORT :  cp_ctrl[242]     0.40           0.48          -0.08  (VIOLATED)
   cp_ctrl[243]                 0.40           0.48          -0.08  (VIOLATED)
       PORT :  cp_ctrl[243]     0.40           0.48          -0.08  (VIOLATED)
   cp_ctrl[245]                 0.40           0.48          -0.08  (VIOLATED)
       PORT :  cp_ctrl[245]     0.40           0.48          -0.08  (VIOLATED)
   cp_ctrl[246]                 0.40           0.48          -0.08  (VIOLATED)
       PORT :  cp_ctrl[246]     0.40           0.48          -0.08  (VIOLATED)
   cp_ctrl[248]                 0.40           0.48          -0.08  (VIOLATED)
       PORT :  cp_ctrl[248]     0.40           0.48          -0.08  (VIOLATED)
   cp_ctrl[249]                 0.40           0.48          -0.08  (VIOLATED)
       PORT :  cp_ctrl[249]     0.40           0.48          -0.08  (VIOLATED)
   cp_ctrl[251]                 0.40           0.48          -0.08  (VIOLATED)
       PORT :  cp_ctrl[251]     0.40           0.48          -0.08  (VIOLATED)
   cp_ctrl[252]                 0.40           0.48          -0.08  (VIOLATED)
       PORT :  cp_ctrl[252]     0.40           0.48          -0.08  (VIOLATED)
   cp_ctrl[254]                 0.40           0.48          -0.08  (VIOLATED)
       PORT :  cp_ctrl[254]     0.40           0.48          -0.08  (VIOLATED)
   cp_ctrl[255]                 0.40           0.48          -0.08  (VIOLATED)
       PORT :  cp_ctrl[255]     0.40           0.48          -0.08  (VIOLATED)
   cp_ctrl[288]                 0.40           0.48          -0.08  (VIOLATED)
       PORT :  cp_ctrl[288]     0.40           0.48          -0.08  (VIOLATED)
   cp_ctrl[289]                 0.40           0.48          -0.08  (VIOLATED)
       PORT :  cp_ctrl[289]     0.40           0.48          -0.08  (VIOLATED)
   cp_ctrl[291]                 0.40           0.48          -0.08  (VIOLATED)
       PORT :  cp_ctrl[291]     0.40           0.48          -0.08  (VIOLATED)
   cp_ctrl[292]                 0.40           0.48          -0.08  (VIOLATED)
       PORT :  cp_ctrl[292]     0.40           0.48          -0.08  (VIOLATED)
   cp_ctrl[294]                 0.40           0.48          -0.08  (VIOLATED)
       PORT :  cp_ctrl[294]     0.40           0.48          -0.08  (VIOLATED)
   cp_ctrl[295]                 0.40           0.48          -0.08  (VIOLATED)
       PORT :  cp_ctrl[295]     0.40           0.48          -0.08  (VIOLATED)
   cp_ctrl[297]                 0.40           0.48          -0.08  (VIOLATED)
       PORT :  cp_ctrl[297]     0.40           0.48          -0.08  (VIOLATED)
   cp_ctrl[298]                 0.40           0.48          -0.08  (VIOLATED)
       PORT :  cp_ctrl[298]     0.40           0.48          -0.08  (VIOLATED)
   cp_ctrl[300]                 0.40           0.48          -0.08  (VIOLATED)
       PORT :  cp_ctrl[300]     0.40           0.48          -0.08  (VIOLATED)
   cp_ctrl[301]                 0.40           0.48          -0.08  (VIOLATED)
       PORT :  cp_ctrl[301]     0.40           0.48          -0.08  (VIOLATED)
   cp_ctrl[303]                 0.40           0.48          -0.08  (VIOLATED)
       PORT :  cp_ctrl[303]     0.40           0.48          -0.08  (VIOLATED)
   cp_ctrl[304]                 0.40           0.48          -0.08  (VIOLATED)
       PORT :  cp_ctrl[304]     0.40           0.48          -0.08  (VIOLATED)
   cp_ctrl[306]                 0.40           0.48          -0.08  (VIOLATED)
       PORT :  cp_ctrl[306]     0.40           0.48          -0.08  (VIOLATED)
   cp_ctrl[307]                 0.40           0.48          -0.08  (VIOLATED)
       PORT :  cp_ctrl[307]     0.40           0.48          -0.08  (VIOLATED)
   cp_ctrl[309]                 0.40           0.48          -0.08  (VIOLATED)
       PORT :  cp_ctrl[309]     0.40           0.48          -0.08  (VIOLATED)
   cp_ctrl[310]                 0.40           0.48          -0.08  (VIOLATED)
       PORT :  cp_ctrl[310]     0.40           0.48          -0.08  (VIOLATED)
   cp_ctrl[312]                 0.40           0.48          -0.08  (VIOLATED)
       PORT :  cp_ctrl[312]     0.40           0.48          -0.08  (VIOLATED)
   cp_ctrl[313]                 0.40           0.48          -0.08  (VIOLATED)
       PORT :  cp_ctrl[313]     0.40           0.48          -0.08  (VIOLATED)
   cp_ctrl[315]                 0.40           0.48          -0.08  (VIOLATED)
       PORT :  cp_ctrl[315]     0.40           0.48          -0.08  (VIOLATED)
   cp_ctrl[316]                 0.40           0.48          -0.08  (VIOLATED)
       PORT :  cp_ctrl[316]     0.40           0.48          -0.08  (VIOLATED)
   cp_ctrl[318]                 0.40           0.48          -0.08  (VIOLATED)
       PORT :  cp_ctrl[318]     0.40           0.48          -0.08  (VIOLATED)
   cp_ctrl[319]                 0.40           0.48          -0.08  (VIOLATED)
       PORT :  cp_ctrl[319]     0.40           0.48          -0.08  (VIOLATED)
   cp_ctrl[352]                 0.40           0.48          -0.08  (VIOLATED)
       PORT :  cp_ctrl[352]     0.40           0.48          -0.08  (VIOLATED)
   cp_ctrl[353]                 0.40           0.48          -0.08  (VIOLATED)
       PORT :  cp_ctrl[353]     0.40           0.48          -0.08  (VIOLATED)
   cp_ctrl[355]                 0.40           0.48          -0.08  (VIOLATED)
       PORT :  cp_ctrl[355]     0.40           0.48          -0.08  (VIOLATED)
   cp_ctrl[356]                 0.40           0.48          -0.08  (VIOLATED)
       PORT :  cp_ctrl[356]     0.40           0.48          -0.08  (VIOLATED)
   cp_ctrl[358]                 0.40           0.48          -0.08  (VIOLATED)
       PORT :  cp_ctrl[358]     0.40           0.48          -0.08  (VIOLATED)
   cp_ctrl[359]                 0.40           0.48          -0.08  (VIOLATED)
       PORT :  cp_ctrl[359]     0.40           0.48          -0.08  (VIOLATED)
   cp_ctrl[361]                 0.40           0.48          -0.08  (VIOLATED)
       PORT :  cp_ctrl[361]     0.40           0.48          -0.08  (VIOLATED)
   cp_ctrl[362]                 0.40           0.48          -0.08  (VIOLATED)
       PORT :  cp_ctrl[362]     0.40           0.48          -0.08  (VIOLATED)
   cp_ctrl[364]                 0.40           0.48          -0.08  (VIOLATED)
       PORT :  cp_ctrl[364]     0.40           0.48          -0.08  (VIOLATED)
   cp_ctrl[365]                 0.40           0.48          -0.08  (VIOLATED)
       PORT :  cp_ctrl[365]     0.40           0.48          -0.08  (VIOLATED)
   cp_ctrl[367]                 0.40           0.48          -0.08  (VIOLATED)
       PORT :  cp_ctrl[367]     0.40           0.48          -0.08  (VIOLATED)
   cp_ctrl[368]                 0.40           0.48          -0.08  (VIOLATED)
       PORT :  cp_ctrl[368]     0.40           0.48          -0.08  (VIOLATED)
   cp_ctrl[370]                 0.40           0.48          -0.08  (VIOLATED)
       PORT :  cp_ctrl[370]     0.40           0.48          -0.08  (VIOLATED)
   cp_ctrl[371]                 0.40           0.48          -0.08  (VIOLATED)
       PORT :  cp_ctrl[371]     0.40           0.48          -0.08  (VIOLATED)
   cp_ctrl[373]                 0.40           0.48          -0.08  (VIOLATED)
       PORT :  cp_ctrl[373]     0.40           0.48          -0.08  (VIOLATED)
   cp_ctrl[374]                 0.40           0.48          -0.08  (VIOLATED)
       PORT :  cp_ctrl[374]     0.40           0.48          -0.08  (VIOLATED)
   cp_ctrl[376]                 0.40           0.48          -0.08  (VIOLATED)
       PORT :  cp_ctrl[376]     0.40           0.48          -0.08  (VIOLATED)
   cp_ctrl[377]                 0.40           0.48          -0.08  (VIOLATED)
       PORT :  cp_ctrl[377]     0.40           0.48          -0.08  (VIOLATED)
   cp_ctrl[379]                 0.40           0.48          -0.08  (VIOLATED)
       PORT :  cp_ctrl[379]     0.40           0.48          -0.08  (VIOLATED)
   cp_ctrl[380]                 0.40           0.48          -0.08  (VIOLATED)
       PORT :  cp_ctrl[380]     0.40           0.48          -0.08  (VIOLATED)
   cp_ctrl[382]                 0.40           0.48          -0.08  (VIOLATED)
       PORT :  cp_ctrl[382]     0.40           0.48          -0.08  (VIOLATED)
   cp_ctrl[383]                 0.40           0.48          -0.08  (VIOLATED)
       PORT :  cp_ctrl[383]     0.40           0.48          -0.08  (VIOLATED)
   cp_ctrl[416]                 0.40           0.48          -0.08  (VIOLATED)
       PORT :  cp_ctrl[416]     0.40           0.48          -0.08  (VIOLATED)
   cp_ctrl[417]                 0.40           0.48          -0.08  (VIOLATED)
       PORT :  cp_ctrl[417]     0.40           0.48          -0.08  (VIOLATED)
   cp_ctrl[419]                 0.40           0.48          -0.08  (VIOLATED)
       PORT :  cp_ctrl[419]     0.40           0.48          -0.08  (VIOLATED)
   cp_ctrl[420]                 0.40           0.48          -0.08  (VIOLATED)
       PORT :  cp_ctrl[420]     0.40           0.48          -0.08  (VIOLATED)
   cp_ctrl[422]                 0.40           0.48          -0.08  (VIOLATED)
       PORT :  cp_ctrl[422]     0.40           0.48          -0.08  (VIOLATED)
   cp_ctrl[423]                 0.40           0.48          -0.08  (VIOLATED)
       PORT :  cp_ctrl[423]     0.40           0.48          -0.08  (VIOLATED)
   cp_ctrl[425]                 0.40           0.48          -0.08  (VIOLATED)
       PORT :  cp_ctrl[425]     0.40           0.48          -0.08  (VIOLATED)
   cp_ctrl[426]                 0.40           0.48          -0.08  (VIOLATED)
       PORT :  cp_ctrl[426]     0.40           0.48          -0.08  (VIOLATED)
   cp_ctrl[428]                 0.40           0.48          -0.08  (VIOLATED)
       PORT :  cp_ctrl[428]     0.40           0.48          -0.08  (VIOLATED)
   cp_ctrl[429]                 0.40           0.48          -0.08  (VIOLATED)
       PORT :  cp_ctrl[429]     0.40           0.48          -0.08  (VIOLATED)
   cp_ctrl[431]                 0.40           0.48          -0.08  (VIOLATED)
       PORT :  cp_ctrl[431]     0.40           0.48          -0.08  (VIOLATED)
   cp_ctrl[432]                 0.40           0.48          -0.08  (VIOLATED)
       PORT :  cp_ctrl[432]     0.40           0.48          -0.08  (VIOLATED)
   cp_ctrl[434]                 0.40           0.48          -0.08  (VIOLATED)
       PORT :  cp_ctrl[434]     0.40           0.48          -0.08  (VIOLATED)
   cp_ctrl[435]                 0.40           0.48          -0.08  (VIOLATED)
       PORT :  cp_ctrl[435]     0.40           0.48          -0.08  (VIOLATED)
   cp_ctrl[437]                 0.40           0.48          -0.08  (VIOLATED)
       PORT :  cp_ctrl[437]     0.40           0.48          -0.08  (VIOLATED)
   cp_ctrl[438]                 0.40           0.48          -0.08  (VIOLATED)
       PORT :  cp_ctrl[438]     0.40           0.48          -0.08  (VIOLATED)
   cp_ctrl[440]                 0.40           0.48          -0.08  (VIOLATED)
       PORT :  cp_ctrl[440]     0.40           0.48          -0.08  (VIOLATED)
   cp_ctrl[441]                 0.40           0.48          -0.08  (VIOLATED)
       PORT :  cp_ctrl[441]     0.40           0.48          -0.08  (VIOLATED)
   cp_ctrl[443]                 0.40           0.48          -0.08  (VIOLATED)
       PORT :  cp_ctrl[443]     0.40           0.48          -0.08  (VIOLATED)
   cp_ctrl[444]                 0.40           0.48          -0.08  (VIOLATED)
       PORT :  cp_ctrl[444]     0.40           0.48          -0.08  (VIOLATED)
   cp_ctrl[446]                 0.40           0.48          -0.08  (VIOLATED)
       PORT :  cp_ctrl[446]     0.40           0.48          -0.08  (VIOLATED)
   cp_ctrl[447]                 0.40           0.48          -0.08  (VIOLATED)
       PORT :  cp_ctrl[447]     0.40           0.48          -0.08  (VIOLATED)
   cp_ctrl[480]                 0.40           0.48          -0.08  (VIOLATED)
       PORT :  cp_ctrl[480]     0.40           0.48          -0.08  (VIOLATED)
   cp_ctrl[481]                 0.40           0.48          -0.08  (VIOLATED)
       PORT :  cp_ctrl[481]     0.40           0.48          -0.08  (VIOLATED)
   cp_ctrl[483]                 0.40           0.48          -0.08  (VIOLATED)
       PORT :  cp_ctrl[483]     0.40           0.48          -0.08  (VIOLATED)
   cp_ctrl[484]                 0.40           0.48          -0.08  (VIOLATED)
       PORT :  cp_ctrl[484]     0.40           0.48          -0.08  (VIOLATED)
   cp_ctrl[486]                 0.40           0.48          -0.08  (VIOLATED)
       PORT :  cp_ctrl[486]     0.40           0.48          -0.08  (VIOLATED)
   cp_ctrl[487]                 0.40           0.48          -0.08  (VIOLATED)
       PORT :  cp_ctrl[487]     0.40           0.48          -0.08  (VIOLATED)
   cp_ctrl[489]                 0.40           0.48          -0.08  (VIOLATED)
       PORT :  cp_ctrl[489]     0.40           0.48          -0.08  (VIOLATED)
   cp_ctrl[490]                 0.40           0.48          -0.08  (VIOLATED)
       PORT :  cp_ctrl[490]     0.40           0.48          -0.08  (VIOLATED)
   cp_ctrl[492]                 0.40           0.48          -0.08  (VIOLATED)
       PORT :  cp_ctrl[492]     0.40           0.48          -0.08  (VIOLATED)
   cp_ctrl[493]                 0.40           0.48          -0.08  (VIOLATED)
       PORT :  cp_ctrl[493]     0.40           0.48          -0.08  (VIOLATED)
   cp_ctrl[495]                 0.40           0.48          -0.08  (VIOLATED)
       PORT :  cp_ctrl[495]     0.40           0.48          -0.08  (VIOLATED)
   cp_ctrl[496]                 0.40           0.48          -0.08  (VIOLATED)
       PORT :  cp_ctrl[496]     0.40           0.48          -0.08  (VIOLATED)
   cp_ctrl[498]                 0.40           0.48          -0.08  (VIOLATED)
       PORT :  cp_ctrl[498]     0.40           0.48          -0.08  (VIOLATED)
   cp_ctrl[499]                 0.40           0.48          -0.08  (VIOLATED)
       PORT :  cp_ctrl[499]     0.40           0.48          -0.08  (VIOLATED)
   cp_ctrl[501]                 0.40           0.48          -0.08  (VIOLATED)
       PORT :  cp_ctrl[501]     0.40           0.48          -0.08  (VIOLATED)
   cp_ctrl[502]                 0.40           0.48          -0.08  (VIOLATED)
       PORT :  cp_ctrl[502]     0.40           0.48          -0.08  (VIOLATED)
   cp_ctrl[504]                 0.40           0.48          -0.08  (VIOLATED)
       PORT :  cp_ctrl[504]     0.40           0.48          -0.08  (VIOLATED)
   cp_ctrl[505]                 0.40           0.48          -0.08  (VIOLATED)
       PORT :  cp_ctrl[505]     0.40           0.48          -0.08  (VIOLATED)
   cp_ctrl[507]                 0.40           0.48          -0.08  (VIOLATED)
       PORT :  cp_ctrl[507]     0.40           0.48          -0.08  (VIOLATED)
   cp_ctrl[508]                 0.40           0.48          -0.08  (VIOLATED)
       PORT :  cp_ctrl[508]     0.40           0.48          -0.08  (VIOLATED)
   cp_ctrl[510]                 0.40           0.48          -0.08  (VIOLATED)
       PORT :  cp_ctrl[510]     0.40           0.48          -0.08  (VIOLATED)
   cp_ctrl[511]                 0.40           0.48          -0.08  (VIOLATED)
       PORT :  cp_ctrl[511]     0.40           0.48          -0.08  (VIOLATED)
   cp_ctrl[544]                 0.40           0.48          -0.08  (VIOLATED)
       PORT :  cp_ctrl[544]     0.40           0.48          -0.08  (VIOLATED)
   cp_ctrl[545]                 0.40           0.48          -0.08  (VIOLATED)
       PORT :  cp_ctrl[545]     0.40           0.48          -0.08  (VIOLATED)
   cp_ctrl[547]                 0.40           0.48          -0.08  (VIOLATED)
       PORT :  cp_ctrl[547]     0.40           0.48          -0.08  (VIOLATED)
   cp_ctrl[548]                 0.40           0.48          -0.08  (VIOLATED)
       PORT :  cp_ctrl[548]     0.40           0.48          -0.08  (VIOLATED)
   cp_ctrl[550]                 0.40           0.48          -0.08  (VIOLATED)
       PORT :  cp_ctrl[550]     0.40           0.48          -0.08  (VIOLATED)
   cp_ctrl[551]                 0.40           0.48          -0.08  (VIOLATED)
       PORT :  cp_ctrl[551]     0.40           0.48          -0.08  (VIOLATED)
   cp_ctrl[553]                 0.40           0.48          -0.08  (VIOLATED)
       PORT :  cp_ctrl[553]     0.40           0.48          -0.08  (VIOLATED)
   cp_ctrl[554]                 0.40           0.48          -0.08  (VIOLATED)
       PORT :  cp_ctrl[554]     0.40           0.48          -0.08  (VIOLATED)
   cp_ctrl[556]                 0.40           0.48          -0.08  (VIOLATED)
       PORT :  cp_ctrl[556]     0.40           0.48          -0.08  (VIOLATED)
   cp_ctrl[557]                 0.40           0.48          -0.08  (VIOLATED)
       PORT :  cp_ctrl[557]     0.40           0.48          -0.08  (VIOLATED)
   cp_ctrl[559]                 0.40           0.48          -0.08  (VIOLATED)
       PORT :  cp_ctrl[559]     0.40           0.48          -0.08  (VIOLATED)
   cp_ctrl[560]                 0.40           0.48          -0.08  (VIOLATED)
       PORT :  cp_ctrl[560]     0.40           0.48          -0.08  (VIOLATED)
   cp_ctrl[562]                 0.40           0.48          -0.08  (VIOLATED)
       PORT :  cp_ctrl[562]     0.40           0.48          -0.08  (VIOLATED)
   cp_ctrl[563]                 0.40           0.48          -0.08  (VIOLATED)
       PORT :  cp_ctrl[563]     0.40           0.48          -0.08  (VIOLATED)
   cp_ctrl[565]                 0.40           0.48          -0.08  (VIOLATED)
       PORT :  cp_ctrl[565]     0.40           0.48          -0.08  (VIOLATED)
   cp_ctrl[566]                 0.40           0.48          -0.08  (VIOLATED)
       PORT :  cp_ctrl[566]     0.40           0.48          -0.08  (VIOLATED)
   cp_ctrl[568]                 0.40           0.48          -0.08  (VIOLATED)
       PORT :  cp_ctrl[568]     0.40           0.48          -0.08  (VIOLATED)
   cp_ctrl[569]                 0.40           0.48          -0.08  (VIOLATED)
       PORT :  cp_ctrl[569]     0.40           0.48          -0.08  (VIOLATED)
   cp_ctrl[571]                 0.40           0.48          -0.08  (VIOLATED)
       PORT :  cp_ctrl[571]     0.40           0.48          -0.08  (VIOLATED)
   cp_ctrl[572]                 0.40           0.48          -0.08  (VIOLATED)
       PORT :  cp_ctrl[572]     0.40           0.48          -0.08  (VIOLATED)
   cp_ctrl[574]                 0.40           0.48          -0.08  (VIOLATED)
       PORT :  cp_ctrl[574]     0.40           0.48          -0.08  (VIOLATED)
   cp_ctrl[575]                 0.40           0.48          -0.08  (VIOLATED)
       PORT :  cp_ctrl[575]     0.40           0.48          -0.08  (VIOLATED)
   cp_ctrl[608]                 0.40           0.48          -0.08  (VIOLATED)
       PORT :  cp_ctrl[608]     0.40           0.48          -0.08  (VIOLATED)
   cp_ctrl[609]                 0.40           0.48          -0.08  (VIOLATED)
       PORT :  cp_ctrl[609]     0.40           0.48          -0.08  (VIOLATED)
   cp_ctrl[611]                 0.40           0.48          -0.08  (VIOLATED)
       PORT :  cp_ctrl[611]     0.40           0.48          -0.08  (VIOLATED)
   cp_ctrl[612]                 0.40           0.48          -0.08  (VIOLATED)
       PORT :  cp_ctrl[612]     0.40           0.48          -0.08  (VIOLATED)
   cp_ctrl[614]                 0.40           0.48          -0.08  (VIOLATED)
       PORT :  cp_ctrl[614]     0.40           0.48          -0.08  (VIOLATED)
   cp_ctrl[615]                 0.40           0.48          -0.08  (VIOLATED)
       PORT :  cp_ctrl[615]     0.40           0.48          -0.08  (VIOLATED)
   cp_ctrl[617]                 0.40           0.48          -0.08  (VIOLATED)
       PORT :  cp_ctrl[617]     0.40           0.48          -0.08  (VIOLATED)
   cp_ctrl[618]                 0.40           0.48          -0.08  (VIOLATED)
       PORT :  cp_ctrl[618]     0.40           0.48          -0.08  (VIOLATED)
   cp_ctrl[620]                 0.40           0.48          -0.08  (VIOLATED)
       PORT :  cp_ctrl[620]     0.40           0.48          -0.08  (VIOLATED)
   cp_ctrl[621]                 0.40           0.48          -0.08  (VIOLATED)
       PORT :  cp_ctrl[621]     0.40           0.48          -0.08  (VIOLATED)
   cp_ctrl[623]                 0.40           0.48          -0.08  (VIOLATED)
       PORT :  cp_ctrl[623]     0.40           0.48          -0.08  (VIOLATED)
   cp_ctrl[624]                 0.40           0.48          -0.08  (VIOLATED)
       PORT :  cp_ctrl[624]     0.40           0.48          -0.08  (VIOLATED)
   cp_ctrl[626]                 0.40           0.48          -0.08  (VIOLATED)
       PORT :  cp_ctrl[626]     0.40           0.48          -0.08  (VIOLATED)
   cp_ctrl[627]                 0.40           0.48          -0.08  (VIOLATED)
       PORT :  cp_ctrl[627]     0.40           0.48          -0.08  (VIOLATED)
   cp_ctrl[629]                 0.40           0.48          -0.08  (VIOLATED)
       PORT :  cp_ctrl[629]     0.40           0.48          -0.08  (VIOLATED)
   cp_ctrl[630]                 0.40           0.48          -0.08  (VIOLATED)
       PORT :  cp_ctrl[630]     0.40           0.48          -0.08  (VIOLATED)
   cp_ctrl[632]                 0.40           0.48          -0.08  (VIOLATED)
       PORT :  cp_ctrl[632]     0.40           0.48          -0.08  (VIOLATED)
   cp_ctrl[633]                 0.40           0.48          -0.08  (VIOLATED)
       PORT :  cp_ctrl[633]     0.40           0.48          -0.08  (VIOLATED)
   cp_ctrl[635]                 0.40           0.48          -0.08  (VIOLATED)
       PORT :  cp_ctrl[635]     0.40           0.48          -0.08  (VIOLATED)
   cp_ctrl[636]                 0.40           0.48          -0.08  (VIOLATED)
       PORT :  cp_ctrl[636]     0.40           0.48          -0.08  (VIOLATED)
   cp_ctrl[638]                 0.40           0.48          -0.08  (VIOLATED)
       PORT :  cp_ctrl[638]     0.40           0.48          -0.08  (VIOLATED)
   cp_ctrl[639]                 0.40           0.48          -0.08  (VIOLATED)
       PORT :  cp_ctrl[639]     0.40           0.48          -0.08  (VIOLATED)
   cp_ctrl[672]                 0.40           0.48          -0.08  (VIOLATED)
       PORT :  cp_ctrl[672]     0.40           0.48          -0.08  (VIOLATED)
   cp_ctrl[673]                 0.40           0.48          -0.08  (VIOLATED)
       PORT :  cp_ctrl[673]     0.40           0.48          -0.08  (VIOLATED)
   cp_ctrl[675]                 0.40           0.48          -0.08  (VIOLATED)
       PORT :  cp_ctrl[675]     0.40           0.48          -0.08  (VIOLATED)
   cp_ctrl[676]                 0.40           0.48          -0.08  (VIOLATED)
       PORT :  cp_ctrl[676]     0.40           0.48          -0.08  (VIOLATED)
   cp_ctrl[678]                 0.40           0.48          -0.08  (VIOLATED)
       PORT :  cp_ctrl[678]     0.40           0.48          -0.08  (VIOLATED)
   cp_ctrl[679]                 0.40           0.48          -0.08  (VIOLATED)
       PORT :  cp_ctrl[679]     0.40           0.48          -0.08  (VIOLATED)
   cp_ctrl[681]                 0.40           0.48          -0.08  (VIOLATED)
       PORT :  cp_ctrl[681]     0.40           0.48          -0.08  (VIOLATED)
   cp_ctrl[682]                 0.40           0.48          -0.08  (VIOLATED)
       PORT :  cp_ctrl[682]     0.40           0.48          -0.08  (VIOLATED)
   cp_ctrl[684]                 0.40           0.48          -0.08  (VIOLATED)
       PORT :  cp_ctrl[684]     0.40           0.48          -0.08  (VIOLATED)
   cp_ctrl[685]                 0.40           0.48          -0.08  (VIOLATED)
       PORT :  cp_ctrl[685]     0.40           0.48          -0.08  (VIOLATED)
   cp_ctrl[687]                 0.40           0.48          -0.08  (VIOLATED)
       PORT :  cp_ctrl[687]     0.40           0.48          -0.08  (VIOLATED)
   cp_ctrl[688]                 0.40           0.48          -0.08  (VIOLATED)
       PORT :  cp_ctrl[688]     0.40           0.48          -0.08  (VIOLATED)
   cp_ctrl[690]                 0.40           0.48          -0.08  (VIOLATED)
       PORT :  cp_ctrl[690]     0.40           0.48          -0.08  (VIOLATED)
   cp_ctrl[691]                 0.40           0.48          -0.08  (VIOLATED)
       PORT :  cp_ctrl[691]     0.40           0.48          -0.08  (VIOLATED)
   cp_ctrl[693]                 0.40           0.48          -0.08  (VIOLATED)
       PORT :  cp_ctrl[693]     0.40           0.48          -0.08  (VIOLATED)
   cp_ctrl[694]                 0.40           0.48          -0.08  (VIOLATED)
       PORT :  cp_ctrl[694]     0.40           0.48          -0.08  (VIOLATED)
   cp_ctrl[696]                 0.40           0.48          -0.08  (VIOLATED)
       PORT :  cp_ctrl[696]     0.40           0.48          -0.08  (VIOLATED)
   cp_ctrl[697]                 0.40           0.48          -0.08  (VIOLATED)
       PORT :  cp_ctrl[697]     0.40           0.48          -0.08  (VIOLATED)
   cp_ctrl[699]                 0.40           0.48          -0.08  (VIOLATED)
       PORT :  cp_ctrl[699]     0.40           0.48          -0.08  (VIOLATED)
   cp_ctrl[700]                 0.40           0.48          -0.08  (VIOLATED)
       PORT :  cp_ctrl[700]     0.40           0.48          -0.08  (VIOLATED)
   cp_ctrl[702]                 0.40           0.48          -0.08  (VIOLATED)
       PORT :  cp_ctrl[702]     0.40           0.48          -0.08  (VIOLATED)
   cp_ctrl[703]                 0.40           0.48          -0.08  (VIOLATED)
       PORT :  cp_ctrl[703]     0.40           0.48          -0.08  (VIOLATED)
   cp_ctrl[736]                 0.40           0.48          -0.08  (VIOLATED)
       PORT :  cp_ctrl[736]     0.40           0.48          -0.08  (VIOLATED)
   cp_ctrl[737]                 0.40           0.48          -0.08  (VIOLATED)
       PORT :  cp_ctrl[737]     0.40           0.48          -0.08  (VIOLATED)
   cp_ctrl[739]                 0.40           0.48          -0.08  (VIOLATED)
       PORT :  cp_ctrl[739]     0.40           0.48          -0.08  (VIOLATED)
   cp_ctrl[740]                 0.40           0.48          -0.08  (VIOLATED)
       PORT :  cp_ctrl[740]     0.40           0.48          -0.08  (VIOLATED)
   cp_ctrl[742]                 0.40           0.48          -0.08  (VIOLATED)
       PORT :  cp_ctrl[742]     0.40           0.48          -0.08  (VIOLATED)
   cp_ctrl[743]                 0.40           0.48          -0.08  (VIOLATED)
       PORT :  cp_ctrl[743]     0.40           0.48          -0.08  (VIOLATED)
   cp_ctrl[745]                 0.40           0.48          -0.08  (VIOLATED)
       PORT :  cp_ctrl[745]     0.40           0.48          -0.08  (VIOLATED)
   cp_ctrl[746]                 0.40           0.48          -0.08  (VIOLATED)
       PORT :  cp_ctrl[746]     0.40           0.48          -0.08  (VIOLATED)
   cp_ctrl[748]                 0.40           0.48          -0.08  (VIOLATED)
       PORT :  cp_ctrl[748]     0.40           0.48          -0.08  (VIOLATED)
   cp_ctrl[749]                 0.40           0.48          -0.08  (VIOLATED)
       PORT :  cp_ctrl[749]     0.40           0.48          -0.08  (VIOLATED)
   cp_ctrl[751]                 0.40           0.48          -0.08  (VIOLATED)
       PORT :  cp_ctrl[751]     0.40           0.48          -0.08  (VIOLATED)
   cp_ctrl[752]                 0.40           0.48          -0.08  (VIOLATED)
       PORT :  cp_ctrl[752]     0.40           0.48          -0.08  (VIOLATED)
   cp_ctrl[754]                 0.40           0.48          -0.08  (VIOLATED)
       PORT :  cp_ctrl[754]     0.40           0.48          -0.08  (VIOLATED)
   cp_ctrl[755]                 0.40           0.48          -0.08  (VIOLATED)
       PORT :  cp_ctrl[755]     0.40           0.48          -0.08  (VIOLATED)
   cp_ctrl[757]                 0.40           0.48          -0.08  (VIOLATED)
       PORT :  cp_ctrl[757]     0.40           0.48          -0.08  (VIOLATED)
   cp_ctrl[758]                 0.40           0.48          -0.08  (VIOLATED)
       PORT :  cp_ctrl[758]     0.40           0.48          -0.08  (VIOLATED)
   cp_ctrl[760]                 0.40           0.48          -0.08  (VIOLATED)
       PORT :  cp_ctrl[760]     0.40           0.48          -0.08  (VIOLATED)
   cp_ctrl[761]                 0.40           0.48          -0.08  (VIOLATED)
       PORT :  cp_ctrl[761]     0.40           0.48          -0.08  (VIOLATED)
   cp_ctrl[763]                 0.40           0.48          -0.08  (VIOLATED)
       PORT :  cp_ctrl[763]     0.40           0.48          -0.08  (VIOLATED)
   cp_ctrl[764]                 0.40           0.48          -0.08  (VIOLATED)
       PORT :  cp_ctrl[764]     0.40           0.48          -0.08  (VIOLATED)
   cp_ctrl[766]                 0.40           0.48          -0.08  (VIOLATED)
       PORT :  cp_ctrl[766]     0.40           0.48          -0.08  (VIOLATED)
   cp_ctrl[767]                 0.40           0.48          -0.08  (VIOLATED)
       PORT :  cp_ctrl[767]     0.40           0.48          -0.08  (VIOLATED)
   cp_ctrl[800]                 0.40           0.48          -0.08  (VIOLATED)
       PORT :  cp_ctrl[800]     0.40           0.48          -0.08  (VIOLATED)
   cp_ctrl[801]                 0.40           0.48          -0.08  (VIOLATED)
       PORT :  cp_ctrl[801]     0.40           0.48          -0.08  (VIOLATED)
   cp_ctrl[803]                 0.40           0.48          -0.08  (VIOLATED)
       PORT :  cp_ctrl[803]     0.40           0.48          -0.08  (VIOLATED)
   cp_ctrl[804]                 0.40           0.48          -0.08  (VIOLATED)
       PORT :  cp_ctrl[804]     0.40           0.48          -0.08  (VIOLATED)
   cp_ctrl[806]                 0.40           0.48          -0.08  (VIOLATED)
       PORT :  cp_ctrl[806]     0.40           0.48          -0.08  (VIOLATED)
   cp_ctrl[807]                 0.40           0.48          -0.08  (VIOLATED)
       PORT :  cp_ctrl[807]     0.40           0.48          -0.08  (VIOLATED)
   cp_ctrl[809]                 0.40           0.48          -0.08  (VIOLATED)
       PORT :  cp_ctrl[809]     0.40           0.48          -0.08  (VIOLATED)
   cp_ctrl[810]                 0.40           0.48          -0.08  (VIOLATED)
       PORT :  cp_ctrl[810]     0.40           0.48          -0.08  (VIOLATED)
   cp_ctrl[812]                 0.40           0.48          -0.08  (VIOLATED)
       PORT :  cp_ctrl[812]     0.40           0.48          -0.08  (VIOLATED)
   cp_ctrl[813]                 0.40           0.48          -0.08  (VIOLATED)
       PORT :  cp_ctrl[813]     0.40           0.48          -0.08  (VIOLATED)
   cp_ctrl[815]                 0.40           0.48          -0.08  (VIOLATED)
       PORT :  cp_ctrl[815]     0.40           0.48          -0.08  (VIOLATED)
   cp_ctrl[816]                 0.40           0.48          -0.08  (VIOLATED)
       PORT :  cp_ctrl[816]     0.40           0.48          -0.08  (VIOLATED)
   cp_ctrl[818]                 0.40           0.48          -0.08  (VIOLATED)
       PORT :  cp_ctrl[818]     0.40           0.48          -0.08  (VIOLATED)
   cp_ctrl[819]                 0.40           0.48          -0.08  (VIOLATED)
       PORT :  cp_ctrl[819]     0.40           0.48          -0.08  (VIOLATED)
   cp_ctrl[821]                 0.40           0.48          -0.08  (VIOLATED)
       PORT :  cp_ctrl[821]     0.40           0.48          -0.08  (VIOLATED)
   cp_ctrl[822]                 0.40           0.48          -0.08  (VIOLATED)
       PORT :  cp_ctrl[822]     0.40           0.48          -0.08  (VIOLATED)
   cp_ctrl[824]                 0.40           0.48          -0.08  (VIOLATED)
       PORT :  cp_ctrl[824]     0.40           0.48          -0.08  (VIOLATED)
   cp_ctrl[825]                 0.40           0.48          -0.08  (VIOLATED)
       PORT :  cp_ctrl[825]     0.40           0.48          -0.08  (VIOLATED)
   cp_ctrl[827]                 0.40           0.48          -0.08  (VIOLATED)
       PORT :  cp_ctrl[827]     0.40           0.48          -0.08  (VIOLATED)
   cp_ctrl[828]                 0.40           0.48          -0.08  (VIOLATED)
       PORT :  cp_ctrl[828]     0.40           0.48          -0.08  (VIOLATED)
   cp_ctrl[830]                 0.40           0.48          -0.08  (VIOLATED)
       PORT :  cp_ctrl[830]     0.40           0.48          -0.08  (VIOLATED)
   cp_ctrl[831]                 0.40           0.48          -0.08  (VIOLATED)
       PORT :  cp_ctrl[831]     0.40           0.48          -0.08  (VIOLATED)
   cp_ctrl[864]                 0.40           0.48          -0.08  (VIOLATED)
       PORT :  cp_ctrl[864]     0.40           0.48          -0.08  (VIOLATED)
   cp_ctrl[865]                 0.40           0.48          -0.08  (VIOLATED)
       PORT :  cp_ctrl[865]     0.40           0.48          -0.08  (VIOLATED)
   cp_ctrl[867]                 0.40           0.48          -0.08  (VIOLATED)
       PORT :  cp_ctrl[867]     0.40           0.48          -0.08  (VIOLATED)
   cp_ctrl[868]                 0.40           0.48          -0.08  (VIOLATED)
       PORT :  cp_ctrl[868]     0.40           0.48          -0.08  (VIOLATED)
   cp_ctrl[870]                 0.40           0.48          -0.08  (VIOLATED)
       PORT :  cp_ctrl[870]     0.40           0.48          -0.08  (VIOLATED)
   cp_ctrl[871]                 0.40           0.48          -0.08  (VIOLATED)
       PORT :  cp_ctrl[871]     0.40           0.48          -0.08  (VIOLATED)
   cp_ctrl[873]                 0.40           0.48          -0.08  (VIOLATED)
       PORT :  cp_ctrl[873]     0.40           0.48          -0.08  (VIOLATED)
   cp_ctrl[874]                 0.40           0.48          -0.08  (VIOLATED)
       PORT :  cp_ctrl[874]     0.40           0.48          -0.08  (VIOLATED)
   cp_ctrl[876]                 0.40           0.48          -0.08  (VIOLATED)
       PORT :  cp_ctrl[876]     0.40           0.48          -0.08  (VIOLATED)
   cp_ctrl[877]                 0.40           0.48          -0.08  (VIOLATED)
       PORT :  cp_ctrl[877]     0.40           0.48          -0.08  (VIOLATED)
   cp_ctrl[879]                 0.40           0.48          -0.08  (VIOLATED)
       PORT :  cp_ctrl[879]     0.40           0.48          -0.08  (VIOLATED)
   cp_ctrl[880]                 0.40           0.48          -0.08  (VIOLATED)
       PORT :  cp_ctrl[880]     0.40           0.48          -0.08  (VIOLATED)
   cp_ctrl[882]                 0.40           0.48          -0.08  (VIOLATED)
       PORT :  cp_ctrl[882]     0.40           0.48          -0.08  (VIOLATED)
   cp_ctrl[883]                 0.40           0.48          -0.08  (VIOLATED)
       PORT :  cp_ctrl[883]     0.40           0.48          -0.08  (VIOLATED)
   cp_ctrl[885]                 0.40           0.48          -0.08  (VIOLATED)
       PORT :  cp_ctrl[885]     0.40           0.48          -0.08  (VIOLATED)
   cp_ctrl[886]                 0.40           0.48          -0.08  (VIOLATED)
       PORT :  cp_ctrl[886]     0.40           0.48          -0.08  (VIOLATED)
   cp_ctrl[888]                 0.40           0.48          -0.08  (VIOLATED)
       PORT :  cp_ctrl[888]     0.40           0.48          -0.08  (VIOLATED)
   cp_ctrl[889]                 0.40           0.48          -0.08  (VIOLATED)
       PORT :  cp_ctrl[889]     0.40           0.48          -0.08  (VIOLATED)
   cp_ctrl[891]                 0.40           0.48          -0.08  (VIOLATED)
       PORT :  cp_ctrl[891]     0.40           0.48          -0.08  (VIOLATED)
   cp_ctrl[892]                 0.40           0.48          -0.08  (VIOLATED)
       PORT :  cp_ctrl[892]     0.40           0.48          -0.08  (VIOLATED)
   cp_ctrl[894]                 0.40           0.48          -0.08  (VIOLATED)
       PORT :  cp_ctrl[894]     0.40           0.48          -0.08  (VIOLATED)
   cp_ctrl[895]                 0.40           0.48          -0.08  (VIOLATED)
       PORT :  cp_ctrl[895]     0.40           0.48          -0.08  (VIOLATED)
   cp_ctrl[928]                 0.40           0.48          -0.08  (VIOLATED)
       PORT :  cp_ctrl[928]     0.40           0.48          -0.08  (VIOLATED)
   cp_ctrl[929]                 0.40           0.48          -0.08  (VIOLATED)
       PORT :  cp_ctrl[929]     0.40           0.48          -0.08  (VIOLATED)
   cp_ctrl[931]                 0.40           0.48          -0.08  (VIOLATED)
       PORT :  cp_ctrl[931]     0.40           0.48          -0.08  (VIOLATED)
   cp_ctrl[932]                 0.40           0.48          -0.08  (VIOLATED)
       PORT :  cp_ctrl[932]     0.40           0.48          -0.08  (VIOLATED)
   cp_ctrl[934]                 0.40           0.48          -0.08  (VIOLATED)
       PORT :  cp_ctrl[934]     0.40           0.48          -0.08  (VIOLATED)
   cp_ctrl[935]                 0.40           0.48          -0.08  (VIOLATED)
       PORT :  cp_ctrl[935]     0.40           0.48          -0.08  (VIOLATED)
   cp_ctrl[937]                 0.40           0.48          -0.08  (VIOLATED)
       PORT :  cp_ctrl[937]     0.40           0.48          -0.08  (VIOLATED)
   cp_ctrl[938]                 0.40           0.48          -0.08  (VIOLATED)
       PORT :  cp_ctrl[938]     0.40           0.48          -0.08  (VIOLATED)
   cp_ctrl[940]                 0.40           0.48          -0.08  (VIOLATED)
       PORT :  cp_ctrl[940]     0.40           0.48          -0.08  (VIOLATED)
   cp_ctrl[941]                 0.40           0.48          -0.08  (VIOLATED)
       PORT :  cp_ctrl[941]     0.40           0.48          -0.08  (VIOLATED)
   cp_ctrl[943]                 0.40           0.48          -0.08  (VIOLATED)
       PORT :  cp_ctrl[943]     0.40           0.48          -0.08  (VIOLATED)
   cp_ctrl[944]                 0.40           0.48          -0.08  (VIOLATED)
       PORT :  cp_ctrl[944]     0.40           0.48          -0.08  (VIOLATED)
   cp_ctrl[946]                 0.40           0.48          -0.08  (VIOLATED)
       PORT :  cp_ctrl[946]     0.40           0.48          -0.08  (VIOLATED)
   cp_ctrl[947]                 0.40           0.48          -0.08  (VIOLATED)
       PORT :  cp_ctrl[947]     0.40           0.48          -0.08  (VIOLATED)
   cp_ctrl[949]                 0.40           0.48          -0.08  (VIOLATED)
       PORT :  cp_ctrl[949]     0.40           0.48          -0.08  (VIOLATED)
   cp_ctrl[950]                 0.40           0.48          -0.08  (VIOLATED)
       PORT :  cp_ctrl[950]     0.40           0.48          -0.08  (VIOLATED)
   cp_ctrl[952]                 0.40           0.48          -0.08  (VIOLATED)
       PORT :  cp_ctrl[952]     0.40           0.48          -0.08  (VIOLATED)
   cp_ctrl[953]                 0.40           0.48          -0.08  (VIOLATED)
       PORT :  cp_ctrl[953]     0.40           0.48          -0.08  (VIOLATED)
   cp_ctrl[955]                 0.40           0.48          -0.08  (VIOLATED)
       PORT :  cp_ctrl[955]     0.40           0.48          -0.08  (VIOLATED)
   cp_ctrl[956]                 0.40           0.48          -0.08  (VIOLATED)
       PORT :  cp_ctrl[956]     0.40           0.48          -0.08  (VIOLATED)
   cp_ctrl[958]                 0.40           0.48          -0.08  (VIOLATED)
       PORT :  cp_ctrl[958]     0.40           0.48          -0.08  (VIOLATED)
   cp_ctrl[959]                 0.40           0.48          -0.08  (VIOLATED)
       PORT :  cp_ctrl[959]     0.40           0.48          -0.08  (VIOLATED)
   cp_ctrl[992]                 0.40           0.48          -0.08  (VIOLATED)
       PORT :  cp_ctrl[992]     0.40           0.48          -0.08  (VIOLATED)
   cp_ctrl[993]                 0.40           0.48          -0.08  (VIOLATED)
       PORT :  cp_ctrl[993]     0.40           0.48          -0.08  (VIOLATED)
   cp_ctrl[995]                 0.40           0.48          -0.08  (VIOLATED)
       PORT :  cp_ctrl[995]     0.40           0.48          -0.08  (VIOLATED)
   cp_ctrl[996]                 0.40           0.48          -0.08  (VIOLATED)
       PORT :  cp_ctrl[996]     0.40           0.48          -0.08  (VIOLATED)
   cp_ctrl[998]                 0.40           0.48          -0.08  (VIOLATED)
       PORT :  cp_ctrl[998]     0.40           0.48          -0.08  (VIOLATED)
   cp_ctrl[999]                 0.40           0.48          -0.08  (VIOLATED)
       PORT :  cp_ctrl[999]     0.40           0.48          -0.08  (VIOLATED)
   cp_ctrl[1001]                0.40           0.48          -0.08  (VIOLATED)
       PORT :  cp_ctrl[1001]
                                0.40           0.48          -0.08  (VIOLATED)
   cp_ctrl[1002]                0.40           0.48          -0.08  (VIOLATED)
       PORT :  cp_ctrl[1002]
                                0.40           0.48          -0.08  (VIOLATED)
   cp_ctrl[1004]                0.40           0.48          -0.08  (VIOLATED)
       PORT :  cp_ctrl[1004]
                                0.40           0.48          -0.08  (VIOLATED)
   cp_ctrl[1005]                0.40           0.48          -0.08  (VIOLATED)
       PORT :  cp_ctrl[1005]
                                0.40           0.48          -0.08  (VIOLATED)
   cp_ctrl[1007]                0.40           0.48          -0.08  (VIOLATED)
       PORT :  cp_ctrl[1007]
                                0.40           0.48          -0.08  (VIOLATED)
   cp_ctrl[1008]                0.40           0.48          -0.08  (VIOLATED)
       PORT :  cp_ctrl[1008]
                                0.40           0.48          -0.08  (VIOLATED)
   cp_ctrl[1010]                0.40           0.48          -0.08  (VIOLATED)
       PORT :  cp_ctrl[1010]
                                0.40           0.48          -0.08  (VIOLATED)
   cp_ctrl[1011]                0.40           0.48          -0.08  (VIOLATED)
       PORT :  cp_ctrl[1011]
                                0.40           0.48          -0.08  (VIOLATED)
   cp_ctrl[1013]                0.40           0.48          -0.08  (VIOLATED)
       PORT :  cp_ctrl[1013]
                                0.40           0.48          -0.08  (VIOLATED)
   cp_ctrl[1014]                0.40           0.48          -0.08  (VIOLATED)
       PORT :  cp_ctrl[1014]
                                0.40           0.48          -0.08  (VIOLATED)
   cp_ctrl[1016]                0.40           0.48          -0.08  (VIOLATED)
       PORT :  cp_ctrl[1016]
                                0.40           0.48          -0.08  (VIOLATED)
   cp_ctrl[1017]                0.40           0.48          -0.08  (VIOLATED)
       PORT :  cp_ctrl[1017]
                                0.40           0.48          -0.08  (VIOLATED)
   cp_ctrl[1019]                0.40           0.48          -0.08  (VIOLATED)
       PORT :  cp_ctrl[1019]
                                0.40           0.48          -0.08  (VIOLATED)
   cp_ctrl[1020]                0.40           0.48          -0.08  (VIOLATED)
       PORT :  cp_ctrl[1020]
                                0.40           0.48          -0.08  (VIOLATED)
   cp_ctrl[1022]                0.40           0.48          -0.08  (VIOLATED)
       PORT :  cp_ctrl[1022]
                                0.40           0.48          -0.08  (VIOLATED)
   cp_ctrl[1023]                0.40           0.48          -0.08  (VIOLATED)
       PORT :  cp_ctrl[1023]
                                0.40           0.48          -0.08  (VIOLATED)
   cp_ctrl[1056]                0.40           0.48          -0.08  (VIOLATED)
       PORT :  cp_ctrl[1056]
                                0.40           0.48          -0.08  (VIOLATED)
   cp_ctrl[1057]                0.40           0.48          -0.08  (VIOLATED)
       PORT :  cp_ctrl[1057]
                                0.40           0.48          -0.08  (VIOLATED)
   cp_ctrl[1059]                0.40           0.48          -0.08  (VIOLATED)
       PORT :  cp_ctrl[1059]
                                0.40           0.48          -0.08  (VIOLATED)
   cp_ctrl[1060]                0.40           0.48          -0.08  (VIOLATED)
       PORT :  cp_ctrl[1060]
                                0.40           0.48          -0.08  (VIOLATED)
   cp_ctrl[1062]                0.40           0.48          -0.08  (VIOLATED)
       PORT :  cp_ctrl[1062]
                                0.40           0.48          -0.08  (VIOLATED)
   cp_ctrl[1063]                0.40           0.48          -0.08  (VIOLATED)
       PORT :  cp_ctrl[1063]
                                0.40           0.48          -0.08  (VIOLATED)
   cp_ctrl[1065]                0.40           0.48          -0.08  (VIOLATED)
       PORT :  cp_ctrl[1065]
                                0.40           0.48          -0.08  (VIOLATED)
   cp_ctrl[1066]                0.40           0.48          -0.08  (VIOLATED)
       PORT :  cp_ctrl[1066]
                                0.40           0.48          -0.08  (VIOLATED)
   cp_ctrl[1068]                0.40           0.48          -0.08  (VIOLATED)
       PORT :  cp_ctrl[1068]
                                0.40           0.48          -0.08  (VIOLATED)
   cp_ctrl[1069]                0.40           0.48          -0.08  (VIOLATED)
       PORT :  cp_ctrl[1069]
                                0.40           0.48          -0.08  (VIOLATED)
   cp_ctrl[1071]                0.40           0.48          -0.08  (VIOLATED)
       PORT :  cp_ctrl[1071]
                                0.40           0.48          -0.08  (VIOLATED)
   cp_ctrl[1072]                0.40           0.48          -0.08  (VIOLATED)
       PORT :  cp_ctrl[1072]
                                0.40           0.48          -0.08  (VIOLATED)
   cp_ctrl[1074]                0.40           0.48          -0.08  (VIOLATED)
       PORT :  cp_ctrl[1074]
                                0.40           0.48          -0.08  (VIOLATED)
   cp_ctrl[1075]                0.40           0.48          -0.08  (VIOLATED)
       PORT :  cp_ctrl[1075]
                                0.40           0.48          -0.08  (VIOLATED)
   cp_ctrl[1077]                0.40           0.48          -0.08  (VIOLATED)
       PORT :  cp_ctrl[1077]
                                0.40           0.48          -0.08  (VIOLATED)
   cp_ctrl[1078]                0.40           0.48          -0.08  (VIOLATED)
       PORT :  cp_ctrl[1078]
                                0.40           0.48          -0.08  (VIOLATED)
   cp_ctrl[1080]                0.40           0.48          -0.08  (VIOLATED)
       PORT :  cp_ctrl[1080]
                                0.40           0.48          -0.08  (VIOLATED)
   cp_ctrl[1081]                0.40           0.48          -0.08  (VIOLATED)
       PORT :  cp_ctrl[1081]
                                0.40           0.48          -0.08  (VIOLATED)
   cp_ctrl[1083]                0.40           0.48          -0.08  (VIOLATED)
       PORT :  cp_ctrl[1083]
                                0.40           0.48          -0.08  (VIOLATED)
   cp_ctrl[1084]                0.40           0.48          -0.08  (VIOLATED)
       PORT :  cp_ctrl[1084]
                                0.40           0.48          -0.08  (VIOLATED)
   cp_ctrl[1086]                0.40           0.48          -0.08  (VIOLATED)
       PORT :  cp_ctrl[1086]
                                0.40           0.48          -0.08  (VIOLATED)
   cp_ctrl[1087]                0.40           0.48          -0.08  (VIOLATED)
       PORT :  cp_ctrl[1087]
                                0.40           0.48          -0.08  (VIOLATED)
   cp_ctrl[1120]                0.40           0.48          -0.08  (VIOLATED)
       PORT :  cp_ctrl[1120]
                                0.40           0.48          -0.08  (VIOLATED)
   cp_ctrl[1121]                0.40           0.48          -0.08  (VIOLATED)
       PORT :  cp_ctrl[1121]
                                0.40           0.48          -0.08  (VIOLATED)
   cp_ctrl[1123]                0.40           0.48          -0.08  (VIOLATED)
       PORT :  cp_ctrl[1123]
                                0.40           0.48          -0.08  (VIOLATED)
   cp_ctrl[1124]                0.40           0.48          -0.08  (VIOLATED)
       PORT :  cp_ctrl[1124]
                                0.40           0.48          -0.08  (VIOLATED)
   cp_ctrl[1126]                0.40           0.48          -0.08  (VIOLATED)
       PORT :  cp_ctrl[1126]
                                0.40           0.48          -0.08  (VIOLATED)
   cp_ctrl[1127]                0.40           0.48          -0.08  (VIOLATED)
       PORT :  cp_ctrl[1127]
                                0.40           0.48          -0.08  (VIOLATED)
   cp_ctrl[1129]                0.40           0.48          -0.08  (VIOLATED)
       PORT :  cp_ctrl[1129]
                                0.40           0.48          -0.08  (VIOLATED)
   cp_ctrl[1130]                0.40           0.48          -0.08  (VIOLATED)
       PORT :  cp_ctrl[1130]
                                0.40           0.48          -0.08  (VIOLATED)
   cp_ctrl[1132]                0.40           0.48          -0.08  (VIOLATED)
       PORT :  cp_ctrl[1132]
                                0.40           0.48          -0.08  (VIOLATED)
   cp_ctrl[1133]                0.40           0.48          -0.08  (VIOLATED)
       PORT :  cp_ctrl[1133]
                                0.40           0.48          -0.08  (VIOLATED)
   cp_ctrl[1135]                0.40           0.48          -0.08  (VIOLATED)
       PORT :  cp_ctrl[1135]
                                0.40           0.48          -0.08  (VIOLATED)
   cp_ctrl[1136]                0.40           0.48          -0.08  (VIOLATED)
       PORT :  cp_ctrl[1136]
                                0.40           0.48          -0.08  (VIOLATED)
   cp_ctrl[1138]                0.40           0.48          -0.08  (VIOLATED)
       PORT :  cp_ctrl[1138]
                                0.40           0.48          -0.08  (VIOLATED)
   cp_ctrl[1139]                0.40           0.48          -0.08  (VIOLATED)
       PORT :  cp_ctrl[1139]
                                0.40           0.48          -0.08  (VIOLATED)
   cp_ctrl[1141]                0.40           0.48          -0.08  (VIOLATED)
       PORT :  cp_ctrl[1141]
                                0.40           0.48          -0.08  (VIOLATED)
   cp_ctrl[1142]                0.40           0.48          -0.08  (VIOLATED)
       PORT :  cp_ctrl[1142]
                                0.40           0.48          -0.08  (VIOLATED)
   cp_ctrl[1144]                0.40           0.48          -0.08  (VIOLATED)
       PORT :  cp_ctrl[1144]
                                0.40           0.48          -0.08  (VIOLATED)
   cp_ctrl[1145]                0.40           0.48          -0.08  (VIOLATED)
       PORT :  cp_ctrl[1145]
                                0.40           0.48          -0.08  (VIOLATED)
   cp_ctrl[1147]                0.40           0.48          -0.08  (VIOLATED)
       PORT :  cp_ctrl[1147]
                                0.40           0.48          -0.08  (VIOLATED)
   cp_ctrl[1148]                0.40           0.48          -0.08  (VIOLATED)
       PORT :  cp_ctrl[1148]
                                0.40           0.48          -0.08  (VIOLATED)
   cp_ctrl[1150]                0.40           0.48          -0.08  (VIOLATED)
       PORT :  cp_ctrl[1150]
                                0.40           0.48          -0.08  (VIOLATED)
   cp_ctrl[1151]                0.40           0.48          -0.08  (VIOLATED)
       PORT :  cp_ctrl[1151]
                                0.40           0.48          -0.08  (VIOLATED)
   cp_ctrl[1184]                0.40           0.48          -0.08  (VIOLATED)
       PORT :  cp_ctrl[1184]
                                0.40           0.48          -0.08  (VIOLATED)
   cp_ctrl[1185]                0.40           0.48          -0.08  (VIOLATED)
       PORT :  cp_ctrl[1185]
                                0.40           0.48          -0.08  (VIOLATED)
   cp_ctrl[1187]                0.40           0.48          -0.08  (VIOLATED)
       PORT :  cp_ctrl[1187]
                                0.40           0.48          -0.08  (VIOLATED)
   cp_ctrl[1188]                0.40           0.48          -0.08  (VIOLATED)
       PORT :  cp_ctrl[1188]
                                0.40           0.48          -0.08  (VIOLATED)
   cp_ctrl[1190]                0.40           0.48          -0.08  (VIOLATED)
       PORT :  cp_ctrl[1190]
                                0.40           0.48          -0.08  (VIOLATED)
   cp_ctrl[1191]                0.40           0.48          -0.08  (VIOLATED)
       PORT :  cp_ctrl[1191]
                                0.40           0.48          -0.08  (VIOLATED)
   cp_ctrl[1193]                0.40           0.48          -0.08  (VIOLATED)
       PORT :  cp_ctrl[1193]
                                0.40           0.48          -0.08  (VIOLATED)
   cp_ctrl[1194]                0.40           0.48          -0.08  (VIOLATED)
       PORT :  cp_ctrl[1194]
                                0.40           0.48          -0.08  (VIOLATED)
   cp_ctrl[1196]                0.40           0.48          -0.08  (VIOLATED)
       PORT :  cp_ctrl[1196]
                                0.40           0.48          -0.08  (VIOLATED)
   cp_ctrl[1197]                0.40           0.48          -0.08  (VIOLATED)
       PORT :  cp_ctrl[1197]
                                0.40           0.48          -0.08  (VIOLATED)
   cp_ctrl[1199]                0.40           0.48          -0.08  (VIOLATED)
       PORT :  cp_ctrl[1199]
                                0.40           0.48          -0.08  (VIOLATED)
   cp_ctrl[1200]                0.40           0.48          -0.08  (VIOLATED)
       PORT :  cp_ctrl[1200]
                                0.40           0.48          -0.08  (VIOLATED)
   cp_ctrl[1202]                0.40           0.48          -0.08  (VIOLATED)
       PORT :  cp_ctrl[1202]
                                0.40           0.48          -0.08  (VIOLATED)
   cp_ctrl[1203]                0.40           0.48          -0.08  (VIOLATED)
       PORT :  cp_ctrl[1203]
                                0.40           0.48          -0.08  (VIOLATED)
   cp_ctrl[1205]                0.40           0.48          -0.08  (VIOLATED)
       PORT :  cp_ctrl[1205]
                                0.40           0.48          -0.08  (VIOLATED)
   cp_ctrl[1206]                0.40           0.48          -0.08  (VIOLATED)
       PORT :  cp_ctrl[1206]
                                0.40           0.48          -0.08  (VIOLATED)
   cp_ctrl[1208]                0.40           0.48          -0.08  (VIOLATED)
       PORT :  cp_ctrl[1208]
                                0.40           0.48          -0.08  (VIOLATED)
   cp_ctrl[1209]                0.40           0.48          -0.08  (VIOLATED)
       PORT :  cp_ctrl[1209]
                                0.40           0.48          -0.08  (VIOLATED)
   cp_ctrl[1211]                0.40           0.48          -0.08  (VIOLATED)
       PORT :  cp_ctrl[1211]
                                0.40           0.48          -0.08  (VIOLATED)
   cp_ctrl[1212]                0.40           0.48          -0.08  (VIOLATED)
       PORT :  cp_ctrl[1212]
                                0.40           0.48          -0.08  (VIOLATED)
   cp_ctrl[1214]                0.40           0.48          -0.08  (VIOLATED)
       PORT :  cp_ctrl[1214]
                                0.40           0.48          -0.08  (VIOLATED)
   cp_ctrl[1215]                0.40           0.48          -0.08  (VIOLATED)
       PORT :  cp_ctrl[1215]
                                0.40           0.48          -0.08  (VIOLATED)
   cp_ctrl[1248]                0.40           0.48          -0.08  (VIOLATED)
       PORT :  cp_ctrl[1248]
                                0.40           0.48          -0.08  (VIOLATED)
   cp_ctrl[1249]                0.40           0.48          -0.08  (VIOLATED)
       PORT :  cp_ctrl[1249]
                                0.40           0.48          -0.08  (VIOLATED)
   cp_ctrl[1251]                0.40           0.48          -0.08  (VIOLATED)
       PORT :  cp_ctrl[1251]
                                0.40           0.48          -0.08  (VIOLATED)
   cp_ctrl[1252]                0.40           0.48          -0.08  (VIOLATED)
       PORT :  cp_ctrl[1252]
                                0.40           0.48          -0.08  (VIOLATED)
   cp_ctrl[1254]                0.40           0.48          -0.08  (VIOLATED)
       PORT :  cp_ctrl[1254]
                                0.40           0.48          -0.08  (VIOLATED)
   cp_ctrl[1255]                0.40           0.48          -0.08  (VIOLATED)
       PORT :  cp_ctrl[1255]
                                0.40           0.48          -0.08  (VIOLATED)
   cp_ctrl[1257]                0.40           0.48          -0.08  (VIOLATED)
       PORT :  cp_ctrl[1257]
                                0.40           0.48          -0.08  (VIOLATED)
   cp_ctrl[1258]                0.40           0.48          -0.08  (VIOLATED)
       PORT :  cp_ctrl[1258]
                                0.40           0.48          -0.08  (VIOLATED)
   cp_ctrl[1260]                0.40           0.48          -0.08  (VIOLATED)
       PORT :  cp_ctrl[1260]
                                0.40           0.48          -0.08  (VIOLATED)
   cp_ctrl[1261]                0.40           0.48          -0.08  (VIOLATED)
       PORT :  cp_ctrl[1261]
                                0.40           0.48          -0.08  (VIOLATED)
   cp_ctrl[1263]                0.40           0.48          -0.08  (VIOLATED)
       PORT :  cp_ctrl[1263]
                                0.40           0.48          -0.08  (VIOLATED)
   cp_ctrl[1264]                0.40           0.48          -0.08  (VIOLATED)
       PORT :  cp_ctrl[1264]
                                0.40           0.48          -0.08  (VIOLATED)
   cp_ctrl[1266]                0.40           0.48          -0.08  (VIOLATED)
       PORT :  cp_ctrl[1266]
                                0.40           0.48          -0.08  (VIOLATED)
   cp_ctrl[1267]                0.40           0.48          -0.08  (VIOLATED)
       PORT :  cp_ctrl[1267]
                                0.40           0.48          -0.08  (VIOLATED)
   cp_ctrl[1269]                0.40           0.48          -0.08  (VIOLATED)
       PORT :  cp_ctrl[1269]
                                0.40           0.48          -0.08  (VIOLATED)
   cp_ctrl[1270]                0.40           0.48          -0.08  (VIOLATED)
       PORT :  cp_ctrl[1270]
                                0.40           0.48          -0.08  (VIOLATED)
   cp_ctrl[1272]                0.40           0.48          -0.08  (VIOLATED)
       PORT :  cp_ctrl[1272]
                                0.40           0.48          -0.08  (VIOLATED)
   cp_ctrl[1273]                0.40           0.48          -0.08  (VIOLATED)
       PORT :  cp_ctrl[1273]
                                0.40           0.48          -0.08  (VIOLATED)
   cp_ctrl[1275]                0.40           0.48          -0.08  (VIOLATED)
       PORT :  cp_ctrl[1275]
                                0.40           0.48          -0.08  (VIOLATED)
   cp_ctrl[1276]                0.40           0.48          -0.08  (VIOLATED)
       PORT :  cp_ctrl[1276]
                                0.40           0.48          -0.08  (VIOLATED)
   cp_ctrl[1278]                0.40           0.48          -0.08  (VIOLATED)
       PORT :  cp_ctrl[1278]
                                0.40           0.48          -0.08  (VIOLATED)
   cp_ctrl[1279]                0.40           0.48          -0.08  (VIOLATED)
       PORT :  cp_ctrl[1279]
                                0.40           0.48          -0.08  (VIOLATED)
   cp_ctrl[1312]                0.40           0.48          -0.08  (VIOLATED)
       PORT :  cp_ctrl[1312]
                                0.40           0.48          -0.08  (VIOLATED)
   cp_ctrl[1313]                0.40           0.48          -0.08  (VIOLATED)
       PORT :  cp_ctrl[1313]
                                0.40           0.48          -0.08  (VIOLATED)
   cp_ctrl[1315]                0.40           0.48          -0.08  (VIOLATED)
       PORT :  cp_ctrl[1315]
                                0.40           0.48          -0.08  (VIOLATED)
   cp_ctrl[1316]                0.40           0.48          -0.08  (VIOLATED)
       PORT :  cp_ctrl[1316]
                                0.40           0.48          -0.08  (VIOLATED)
   cp_ctrl[1318]                0.40           0.48          -0.08  (VIOLATED)
       PORT :  cp_ctrl[1318]
                                0.40           0.48          -0.08  (VIOLATED)
   cp_ctrl[1319]                0.40           0.48          -0.08  (VIOLATED)
       PORT :  cp_ctrl[1319]
                                0.40           0.48          -0.08  (VIOLATED)
   cp_ctrl[1321]                0.40           0.48          -0.08  (VIOLATED)
       PORT :  cp_ctrl[1321]
                                0.40           0.48          -0.08  (VIOLATED)
   cp_ctrl[1322]                0.40           0.48          -0.08  (VIOLATED)
       PORT :  cp_ctrl[1322]
                                0.40           0.48          -0.08  (VIOLATED)
   cp_ctrl[1324]                0.40           0.48          -0.08  (VIOLATED)
       PORT :  cp_ctrl[1324]
                                0.40           0.48          -0.08  (VIOLATED)
   cp_ctrl[1325]                0.40           0.48          -0.08  (VIOLATED)
       PORT :  cp_ctrl[1325]
                                0.40           0.48          -0.08  (VIOLATED)
   cp_ctrl[1327]                0.40           0.48          -0.08  (VIOLATED)
       PORT :  cp_ctrl[1327]
                                0.40           0.48          -0.08  (VIOLATED)
   cp_ctrl[1328]                0.40           0.48          -0.08  (VIOLATED)
       PORT :  cp_ctrl[1328]
                                0.40           0.48          -0.08  (VIOLATED)
   cp_ctrl[1330]                0.40           0.48          -0.08  (VIOLATED)
       PORT :  cp_ctrl[1330]
                                0.40           0.48          -0.08  (VIOLATED)
   cp_ctrl[1331]                0.40           0.48          -0.08  (VIOLATED)
       PORT :  cp_ctrl[1331]
                                0.40           0.48          -0.08  (VIOLATED)
   cp_ctrl[1333]                0.40           0.48          -0.08  (VIOLATED)
       PORT :  cp_ctrl[1333]
                                0.40           0.48          -0.08  (VIOLATED)
   cp_ctrl[1334]                0.40           0.48          -0.08  (VIOLATED)
       PORT :  cp_ctrl[1334]
                                0.40           0.48          -0.08  (VIOLATED)
   cp_ctrl[1336]                0.40           0.48          -0.08  (VIOLATED)
       PORT :  cp_ctrl[1336]
                                0.40           0.48          -0.08  (VIOLATED)
   cp_ctrl[1337]                0.40           0.48          -0.08  (VIOLATED)
       PORT :  cp_ctrl[1337]
                                0.40           0.48          -0.08  (VIOLATED)
   cp_ctrl[1339]                0.40           0.48          -0.08  (VIOLATED)
       PORT :  cp_ctrl[1339]
                                0.40           0.48          -0.08  (VIOLATED)
   cp_ctrl[1340]                0.40           0.48          -0.08  (VIOLATED)
       PORT :  cp_ctrl[1340]
                                0.40           0.48          -0.08  (VIOLATED)
   cp_ctrl[1342]                0.40           0.48          -0.08  (VIOLATED)
       PORT :  cp_ctrl[1342]
                                0.40           0.48          -0.08  (VIOLATED)
   cp_ctrl[1343]                0.40           0.48          -0.08  (VIOLATED)
       PORT :  cp_ctrl[1343]
                                0.40           0.48          -0.08  (VIOLATED)
   cp_ctrl[1376]                0.40           0.48          -0.08  (VIOLATED)
       PORT :  cp_ctrl[1376]
                                0.40           0.48          -0.08  (VIOLATED)
   cp_ctrl[1407]                0.40           0.48          -0.08  (VIOLATED)
       PORT :  cp_ctrl[1407]
                                0.40           0.48          -0.08  (VIOLATED)
   cp_ctrl[1440]                0.40           0.48          -0.08  (VIOLATED)
       PORT :  cp_ctrl[1440]
                                0.40           0.48          -0.08  (VIOLATED)
   cp_ctrl[1471]                0.40           0.48          -0.08  (VIOLATED)
       PORT :  cp_ctrl[1471]
                                0.40           0.48          -0.08  (VIOLATED)
   cp_ctrl[1504]                0.40           0.48          -0.08  (VIOLATED)
       PORT :  cp_ctrl[1504]
                                0.40           0.48          -0.08  (VIOLATED)
   cp_ctrl[1535]                0.40           0.48          -0.08  (VIOLATED)
       PORT :  cp_ctrl[1535]
                                0.40           0.48          -0.08  (VIOLATED)
   cp_ctrl[1568]                0.40           0.48          -0.08  (VIOLATED)
       PORT :  cp_ctrl[1568]
                                0.40           0.48          -0.08  (VIOLATED)
   cp_ctrl[1599]                0.40           0.48          -0.08  (VIOLATED)
       PORT :  cp_ctrl[1599]
                                0.40           0.48          -0.08  (VIOLATED)
   cp_ctrl[1632]                0.40           0.48          -0.08  (VIOLATED)
       PORT :  cp_ctrl[1632]
                                0.40           0.48          -0.08  (VIOLATED)
   cp_ctrl[1663]                0.40           0.48          -0.08  (VIOLATED)
       PORT :  cp_ctrl[1663]
                                0.40           0.48          -0.08  (VIOLATED)
   cp_ctrl[1696]                0.40           0.48          -0.08  (VIOLATED)
       PORT :  cp_ctrl[1696]
                                0.40           0.48          -0.08  (VIOLATED)
   cp_ctrl[1727]                0.40           0.48          -0.08  (VIOLATED)
       PORT :  cp_ctrl[1727]
                                0.40           0.48          -0.08  (VIOLATED)
   cp_ctrl[1760]                0.40           0.48          -0.08  (VIOLATED)
       PORT :  cp_ctrl[1760]
                                0.40           0.48          -0.08  (VIOLATED)
   cp_ctrl[1791]                0.40           0.48          -0.08  (VIOLATED)
       PORT :  cp_ctrl[1791]
                                0.40           0.48          -0.08  (VIOLATED)
   cp_ctrl[1824]                0.40           0.48          -0.08  (VIOLATED)
       PORT :  cp_ctrl[1824]
                                0.40           0.48          -0.08  (VIOLATED)
   cp_ctrl[1855]                0.40           0.48          -0.08  (VIOLATED)
       PORT :  cp_ctrl[1855]
                                0.40           0.48          -0.08  (VIOLATED)
   cp_ctrl[1857]                0.40           0.48          -0.08  (VIOLATED)
       PORT :  cp_ctrl[1857]
                                0.40           0.48          -0.08  (VIOLATED)
   cp_ctrl[1859]                0.40           0.48          -0.08  (VIOLATED)
       PORT :  cp_ctrl[1859]
                                0.40           0.48          -0.08  (VIOLATED)
   cp_ctrl[1861]                0.40           0.48          -0.08  (VIOLATED)
       PORT :  cp_ctrl[1861]
                                0.40           0.48          -0.08  (VIOLATED)
   cp_ctrl[1864]                0.40           0.48          -0.08  (VIOLATED)
       PORT :  cp_ctrl[1864]
                                0.40           0.48          -0.08  (VIOLATED)
   cp_ctrl[1871]                0.40           0.48          -0.08  (VIOLATED)
       PORT :  cp_ctrl[1871]
                                0.40           0.48          -0.08  (VIOLATED)
   cp_ctrl[1880]                0.40           0.48          -0.08  (VIOLATED)
       PORT :  cp_ctrl[1880]
                                0.40           0.48          -0.08  (VIOLATED)
   cp_ctrl[1882]                0.40           0.48          -0.08  (VIOLATED)
       PORT :  cp_ctrl[1882]
                                0.40           0.48          -0.08  (VIOLATED)
   cp_ctrl[0]                   0.40           0.48          -0.08  (VIOLATED)
       PORT :  cp_ctrl[0]       0.40           0.48          -0.08  (VIOLATED)

   -----------------------------------------------------------------
   Total                      485               -39.66  

   max_area

                             Required        Actual
   Design                      Area           Area           Slack
   -----------------------------------------------------------------
   local_ctrl_row               0.00       16318.41       -16318.41 (VIOLATED)


   max_leakage_power

                             Required        Actual
   Design                   Leakage Power  Leakage Power     Slack
   -----------------------------------------------------------------
   local_ctrl_row               0.00       10485.98       -10485.98 (VIOLATED)


1
