 
****************************************
Report : timing
        -path full
        -delay min
        -max_paths 1
Design : local_ctrl_row
Version: S-2021.06-SP1
Date   : Tue Apr 28 13:16:22 2026
****************************************

 # A fanout number of 1000 was used for high fanout net computations.

Operating Conditions: WCCOM   Library: tcbn40lpbwpwc_ccs
Wire Load Model Mode: segmented

  Startpoint: p_code_vld (input port clocked by clk)
  Endpoint: p_out_vld_reg
            (rising edge-triggered flip-flop clocked by clk)
  Path Group: INPUTS
  Path Type: min

  Des/Clust/Port     Wire Load Model       Library
  ------------------------------------------------
  local_ctrl_row     ZeroWireload          tcbn40lpbwpwc_ccs

  Point                                    Incr       Path
  -----------------------------------------------------------
  clock clk (rise edge)                    0.00       0.00
  clock network delay (ideal)              0.00       0.00
  input external delay                     0.50       0.50 f
  p_code_vld (in)                          0.00       0.50 f
  p_out_vld_reg/D (DFCNQD1BWP)             0.00       0.50 f
  data arrival time                                   0.50

  clock clk (rise edge)                    0.00       0.00
  clock network delay (ideal)              0.00       0.00
  clock uncertainty                        0.15       0.15
  p_out_vld_reg/CP (DFCNQD1BWP)            0.00       0.15 r
  library hold time                        0.09       0.24
  data required time                                  0.24
  -----------------------------------------------------------
  data required time                                  0.24
  data arrival time                                  -0.50
  -----------------------------------------------------------
  slack (MET)                                         0.26


  Startpoint: cp_ctrl_reg[0]
              (rising edge-triggered flip-flop clocked by clk)
  Endpoint: cp_ctrl[0] (output port clocked by clk)
  Path Group: OUTPUTS
  Path Type: min

  Des/Clust/Port     Wire Load Model       Library
  ------------------------------------------------
  local_ctrl_row     ZeroWireload          tcbn40lpbwpwc_ccs

  Point                                    Incr       Path
  -----------------------------------------------------------
  clock clk (rise edge)                    0.00       0.00
  clock network delay (ideal)              0.00       0.00
  cp_ctrl_reg[0]/CP (EDFCNQD4BWP)          0.00 #     0.00 r
  cp_ctrl_reg[0]/Q (EDFCNQD4BWP)           0.43       0.43 f
  cp_ctrl[0] (out)                         0.00       0.43 f
  data arrival time                                   0.43

  clock clk (rise edge)                    0.00       0.00
  clock network delay (ideal)              0.00       0.00
  clock uncertainty                        0.15       0.15
  output external delay                   -0.50      -0.35
  data required time                                 -0.35
  -----------------------------------------------------------
  data required time                                 -0.35
  data arrival time                                  -0.43
  -----------------------------------------------------------
  slack (MET)                                         0.78


  Startpoint: cnt_reg[10]
              (rising edge-triggered flip-flop clocked by clk)
  Endpoint: cnt_reg[10]
            (rising edge-triggered flip-flop clocked by clk)
  Path Group: clk
  Path Type: min

  Des/Clust/Port     Wire Load Model       Library
  ------------------------------------------------
  local_ctrl_row     ZeroWireload          tcbn40lpbwpwc_ccs

  Point                                    Incr       Path
  -----------------------------------------------------------
  clock clk (rise edge)                    0.00       0.00
  clock network delay (ideal)              0.00       0.00
  cnt_reg[10]/CP (DFCNQD1BWP)              0.00 #     0.00 r
  cnt_reg[10]/Q (DFCNQD1BWP)               0.31       0.31 r
  U3050/ZN (OAI32D0BWP)                    0.08       0.39 f
  cnt_reg[10]/D (DFCNQD1BWP)               0.00       0.39 f
  data arrival time                                   0.39

  clock clk (rise edge)                    0.00       0.00
  clock network delay (ideal)              0.00       0.00
  clock uncertainty                        0.15       0.15
  cnt_reg[10]/CP (DFCNQD1BWP)              0.00       0.15 r
  library hold time                        0.10       0.25
  data required time                                  0.25
  -----------------------------------------------------------
  data required time                                  0.25
  data arrival time                                  -0.39
  -----------------------------------------------------------
  slack (MET)                                         0.14


1
