
                           Design Compiler Graphical 
                                 DC Ultra (TM)
                                  DFTMAX (TM)
                              Power Compiler (TM)
                                 DesignWare (R)
                                 DC Expert (TM)
                               Design Vision (TM)
                               HDL Compiler (TM)
                               VHDL Compiler (TM)
                                  DFT Compiler
                               Design Compiler(R)

               Version S-2021.06-SP1 for linux64 - Jul 13, 2021 

                    Copyright (c) 1988 - 2021 Synopsys, Inc.
   This software and the associated documentation are proprietary to Synopsys,
 Inc. This software may only be used in accordance with the terms and conditions
 of a written license agreement with Synopsys, Inc. All other use, reproduction,
   or distribution of this software is strictly prohibited.  Licensed Products
     communicate with Synopsys servers for the purpose of providing software
    updates, detecting software piracy and verifying that customers are using
    Licensed Products in conformity with the applicable License Key for such
  Licensed Products. Synopsys will use information gathered in connection with
    this process to deliver software updates and pursue software pirates and
                                   infringers.

 Inclusivity & Diversity - Visit SolvNetPlus to read the "Synopsys Statement on
            Inclusivity and Diversity" (Refer to article 000036315 at
                        https://solvnetplus.synopsys.com)
Initializing...
Initializing gui preferences from file  /home/yingna/.synopsys_dc_gui/preferences.tcl
#16 is the max acceptable number of cores
set_host_options -max_cores 16
1
#set top design, in the following $top_design_freq will be replaced.
set top_design global_ctrl
global_ctrl
#set top design with settings
set top_design_freq global_ctrl
global_ctrl
#define the design library path
define_design_lib work -path ./work/${top_design_freq}
1
#set rtl file location relative path is also allowed. (this must include all instantiates in the top block) Also the following $rtl will be replaced by this path list.
set rtl [ list ./../verilog/rtl/global_ctrl.v ]
./../verilog/rtl/global_ctrl.v
#analyze the specified verilog source files and stores the design templates they define into the specified library.
redirect -tee -file rpt/${top_design_freq}/analyze.rpt {analyze -format sverilog $rtl}
Running PRESTO HDLC
Compiling source file ./../verilog/rtl/global_ctrl.v
Opening include file ./../verilog/rtl/../rtl/define.v
Presto compilation completed successfully.
Loading db file '/home/yingna/project/tsmcN40_1p9m/stdcell/TSMCHOME/digital/Front_End/timing_power_noise/CCS/tcbn40lpbwp_200a/tcbn40lpbwpwc_ccs.db'
Information: Using CCS timing libraries. (TIM-024)
Loading db file '/home/yingna/project/tsmcN40_1p9m/IO/tsmcN40_1p9m_IO/tpfn40lpgv2od3_130c/tpfn40lpgv2od3_120a_nldm/TSMCHOME/digital/Front_End/timing_power_noise/NLDM/tpfn40lpgv2od3_120a/tpfn40lpgv2od3wc.db'
Loading db file '/home/yingna/project/tsmcN40_1p9m/IO/tsmcN40_1p9m_IO/tpan40lpgv2od3_130a/tpan40lpgv2od3_120a_nldm/TSMCHOME/digital/Front_End/timing_power_noise/NLDM/tpan40lpgv2od3_120a/tpan40lpgv2od3wc.db'
Loading db file '/opt/synopsys-new/design-compiler/installed/libraries/syn/dw_foundation.sldb'
1
#build a design from the intermediate format of verilog module.
redirect -tee -file rpt/${top_design_freq}/elaborate.rpt {elaborate -architecture verilog $top_design}
Loading db file '/opt/synopsys-new/design-compiler/installed/libraries/syn/gtech.db'
Loading db file '/opt/synopsys-new/design-compiler/installed/libraries/syn/standard.sldb'
  Loading link library 'tcbn40lpbwpwc_ccs'
  Loading link library 'tpfn40lpgv2od3wc'
  Loading link library 'tpan40lpgv2od3wc'
  Loading link library 'gtech'
Running PRESTO HDLC
Warning:  ./../verilog/rtl/global_ctrl.v:119: signed to unsigned conversion occurs. (VER-318)
Warning:  ./../verilog/rtl/global_ctrl.v:119: signed to unsigned conversion occurs. (VER-318)
Warning:  ./../verilog/rtl/global_ctrl.v:125: signed to unsigned conversion occurs. (VER-318)
Warning:  ./../verilog/rtl/global_ctrl.v:125: signed to unsigned conversion occurs. (VER-318)
Warning:  ./../verilog/rtl/global_ctrl.v:144: signed to unsigned conversion occurs. (VER-318)
Warning:  ./../verilog/rtl/global_ctrl.v:205: signed to unsigned conversion occurs. (VER-318)
Warning:  ./../verilog/rtl/global_ctrl.v:205: signed to unsigned conversion occurs. (VER-318)
Warning:  ./../verilog/rtl/global_ctrl.v:222: signed to unsigned conversion occurs. (VER-318)
Warning:  ./../verilog/rtl/global_ctrl.v:241: signed to unsigned conversion occurs. (VER-318)
Warning:  ./../verilog/rtl/global_ctrl.v:282: signed to unsigned conversion occurs. (VER-318)
Warning:  ./../verilog/rtl/global_ctrl.v:283: signed to unsigned conversion occurs. (VER-318)
Warning:  ./../verilog/rtl/global_ctrl.v:116: DEFAULT branch of CASE statement cannot be reached. (ELAB-311)

Statistics for case statements in always block at line 115 in file
	'./../verilog/rtl/global_ctrl.v'
===============================================
|           Line           |  full/ parallel  |
===============================================
|           116            |    auto/auto     |
===============================================

Statistics for case statements in always block at line 201 in file
	'./../verilog/rtl/global_ctrl.v'
===============================================
|           Line           |  full/ parallel  |
===============================================
|           202            |    auto/auto     |
===============================================

Statistics for case statements in always block at line 213 in file
	'./../verilog/rtl/global_ctrl.v'
===============================================
|           Line           |  full/ parallel  |
===============================================
|           218            |    auto/auto     |
===============================================

Inferred memory devices in process
	in routine global_ctrl line 81 in file
		'./../verilog/rtl/global_ctrl.v'.
===============================================================================
|    Register Name    |   Type    | Width | Bus | MB | AR | AS | SR | SS | ST |
===============================================================================
| wr_data_in_g_d2_reg | Flip-flop |   1   |  N  | N  | Y  | N  | N  | N  | N  |
|     en_g_d1_reg     | Flip-flop |   1   |  N  | N  | Y  | N  | N  | N  | N  |
| wr_data_in_g_d1_reg | Flip-flop |   1   |  N  | N  | Y  | N  | N  | N  | N  |
===============================================================================

Inferred memory devices in process
	in routine global_ctrl line 93 in file
		'./../verilog/rtl/global_ctrl.v'.
===============================================================================
|    Register Name    |   Type    | Width | Bus | MB | AR | AS | SR | SS | ST |
===============================================================================
|     p_en_d2_reg     | Flip-flop |   1   |  N  | N  | Y  | N  | N  | N  | N  |
|     p_en_d1_reg     | Flip-flop |   1   |  N  | N  | Y  | N  | N  | N  | N  |
===============================================================================

Inferred memory devices in process
	in routine global_ctrl line 108 in file
		'./../verilog/rtl/global_ctrl.v'.
===============================================================================
|    Register Name    |   Type    | Width | Bus | MB | AR | AS | SR | SS | ST |
===============================================================================
|  ul_cur_state_reg   | Flip-flop |   2   |  Y  | N  | Y  | N  | N  | N  | N  |
===============================================================================

Inferred memory devices in process
	in routine global_ctrl line 135 in file
		'./../verilog/rtl/global_ctrl.v'.
===============================================================================
|    Register Name    |   Type    | Width | Bus | MB | AR | AS | SR | SS | ST |
===============================================================================
|     row_id_reg      | Flip-flop |   3   |  Y  | N  | Y  | N  | N  | N  | N  |
|     col_id_reg      | Flip-flop |  11   |  Y  | N  | Y  | N  | N  | N  | N  |
===============================================================================

Inferred memory devices in process
	in routine global_ctrl line 156 in file
		'./../verilog/rtl/global_ctrl.v'.
===============================================================================
|    Register Name    |   Type    | Width | Bus | MB | AR | AS | SR | SS | ST |
===============================================================================
|    couple_en_reg    | Flip-flop |   1   |  N  | N  | Y  | N  | N  | N  | N  |
|    rd_row_id_reg    | Flip-flop |   3   |  Y  | N  | Y  | N  | N  | N  | N  |
===============================================================================

Inferred memory devices in process
	in routine global_ctrl line 171 in file
		'./../verilog/rtl/global_ctrl.v'.
===============================================================================
|    Register Name    |   Type    | Width | Bus | MB | AR | AS | SR | SS | ST |
===============================================================================
|  rd_row_id_d1_reg   | Flip-flop |   3   |  Y  | N  | Y  | N  | N  | N  | N  |
| ul_cur_state_d1_reg | Flip-flop |   2   |  Y  | N  | Y  | N  | N  | N  | N  |
===============================================================================

Inferred memory devices in process
	in routine global_ctrl line 181 in file
		'./../verilog/rtl/global_ctrl.v'.
===============================================================================
|    Register Name    |   Type    | Width | Bus | MB | AR | AS | SR | SS | ST |
===============================================================================
|  rd_data_out_g_reg  | Flip-flop |   1   |  N  | N  | Y  | N  | N  | N  | N  |
|    rd_vld_g_reg     | Flip-flop |   1   |  N  | N  | Y  | N  | N  | N  | N  |
===============================================================================

Inferred memory devices in process
	in routine global_ctrl line 194 in file
		'./../verilog/rtl/global_ctrl.v'.
===============================================================================
|    Register Name    |   Type    | Width | Bus | MB | AR | AS | SR | SS | ST |
===============================================================================
|  dl_cur_state_reg   | Flip-flop |   1   |  N  | N  | Y  | N  | N  | N  | N  |
===============================================================================

Inferred memory devices in process
	in routine global_ctrl line 213 in file
		'./../verilog/rtl/global_ctrl.v'.
===============================================================================
|    Register Name    |   Type    | Width | Bus | MB | AR | AS | SR | SS | ST |
===============================================================================
|  phase_row_id_reg   | Flip-flop |   3   |  Y  | N  | Y  | N  | N  | N  | N  |
|  phase_col_id_reg   | Flip-flop |   7   |  Y  | N  | Y  | N  | N  | N  | N  |
===============================================================================

Inferred memory devices in process
	in routine global_ctrl line 236 in file
		'./../verilog/rtl/global_ctrl.v'.
===============================================================================
|    Register Name    |   Type    | Width | Bus | MB | AR | AS | SR | SS | ST |
===============================================================================
| p_code_vld_bus_reg  | Flip-flop |   8   |  Y  | N  | Y  | N  | N  | N  | N  |
===============================================================================

Inferred memory devices in process
	in routine global_ctrl line 246 in file
		'./../verilog/rtl/global_ctrl.v'.
===============================================================================
|    Register Name    |   Type    | Width | Bus | MB | AR | AS | SR | SS | ST |
===============================================================================
| phase_row_id_d2_reg | Flip-flop |   3   |  Y  | N  | Y  | N  | N  | N  | N  |
| dl_cur_state_d1_reg | Flip-flop |   1   |  N  | N  | Y  | N  | N  | N  | N  |
| dl_cur_state_d2_reg | Flip-flop |   1   |  N  | N  | Y  | N  | N  | N  | N  |
| phase_row_id_d1_reg | Flip-flop |   3   |  Y  | N  | Y  | N  | N  | N  | N  |
===============================================================================

Inferred memory devices in process
	in routine global_ctrl line 260 in file
		'./../verilog/rtl/global_ctrl.v'.
===============================================================================
|    Register Name    |   Type    | Width | Bus | MB | AR | AS | SR | SS | ST |
===============================================================================
|     p_out_g_reg     | Flip-flop |   1   |  N  | N  | Y  | N  | N  | N  | N  |
|   p_out_vld_g_reg   | Flip-flop |   1   |  N  | N  | Y  | N  | N  | N  | N  |
===============================================================================

Inferred memory devices in process
	in routine global_ctrl line 274 in file
		'./../verilog/rtl/global_ctrl.v'.
===============================================================================
|    Register Name    |   Type    | Width | Bus | MB | AR | AS | SR | SS | ST |
===============================================================================
|   wr_vld_bus_reg    | Flip-flop |   8   |  Y  | N  | Y  | N  | N  | N  | N  |
|   rd_rdy_bus_reg    | Flip-flop |   8   |  Y  | N  | Y  | N  | N  | N  | N  |
===============================================================================
Statistics for MUX_OPs
======================================================
| block name/line  | Inputs | Outputs | # sel inputs |
======================================================
| global_ctrl/186  |   8    |    2    |      3       |
| global_ctrl/265  |   8    |    2    |      3       |
======================================================
Presto compilation completed successfully. (global_ctrl)
Elaborated 1 design.
Current design is now 'global_ctrl'.
1
#write ddc first to check design, if necessary
write -format ddc -hierarchy -output ./ddc/${top_design_freq}.ddc
Writing ddc file './ddc/global_ctrl.ddc'.
1
# #removes the multiply instantiated hierarchy in the current design by creating a unique design for each cell instance.
uniquify -force
1
#sets the current design
current_design $top_design
Current design is 'global_ctrl'.
{global_ctrl}
redirect -tee -file rpt/${top_design_freq}/0_link.rpt {link}

  Linking design 'global_ctrl'
  Using the following designs and libraries:
  --------------------------------------------------------------------------
  global_ctrl                 /home/yingna/project/MBPM/main/syn/global_ctrl.db
  tcbn40lpbwpwc_ccs (library) /home/yingna/project/tsmcN40_1p9m/stdcell/TSMCHOME/digital/Front_End/timing_power_noise/CCS/tcbn40lpbwp_200a/tcbn40lpbwpwc_ccs.db
  tpfn40lpgv2od3wc (library)  /home/yingna/project/tsmcN40_1p9m/IO/tsmcN40_1p9m_IO/tpfn40lpgv2od3_130c/tpfn40lpgv2od3_120a_nldm/TSMCHOME/digital/Front_End/timing_power_noise/NLDM/tpfn40lpgv2od3_120a/tpfn40lpgv2od3wc.db
  tpan40lpgv2od3wc (library)  /home/yingna/project/tsmcN40_1p9m/IO/tsmcN40_1p9m_IO/tpan40lpgv2od3_130a/tpan40lpgv2od3_120a_nldm/TSMCHOME/digital/Front_End/timing_power_noise/NLDM/tpan40lpgv2od3_120a/tpan40lpgv2od3wc.db
  dw_foundation.sldb (library) /opt/synopsys-new/design-compiler/installed/libraries/syn/dw_foundation.sldb

1
redirect -tee -file rpt/${top_design_freq}/1_check_design.rpt {check_design}
 
****************************************
check_design summary:
Version:     S-2021.06-SP1
Date:        Tue Apr 28 16:37:22 2026
****************************************

                   Name                                            Total
--------------------------------------------------------------------------------
Cells                                                               4
    Cells do not drive (LINT-1)                                     4
--------------------------------------------------------------------------------

Warning: In design 'global_ctrl', cell 'C859' does not drive any nets. (LINT-1)
Warning: In design 'global_ctrl', cell 'C860' does not drive any nets. (LINT-1)
Warning: In design 'global_ctrl', cell 'C882' does not drive any nets. (LINT-1)
Warning: In design 'global_ctrl', cell 'C883' does not drive any nets. (LINT-1)
1
#do "dcprocheck" prior to source the below constraint file
redirect -tee -file rpt/${top_design_freq}/2_source.rpt {source -echo -verbose cons/${top_design_freq}_cons.tcl}
###################################
#                                 #
#   CLEAN-UP                      #
#                                 #
###################################
# Remove any existing constraints and attributes
#
reset_design
1
###################################
#                                 #
#   CLOCK DEFINITION              #
#                                 #
###################################
# create clock clk = 100MHz
create_clock -period [expr 10*0.95] -name clk -waveform "0 [expr 5*0.95]" [get_ports "clk"]
1
# False paths
set_false_path -from "rstn"
1
# Don't touch networks
set_dont_touch_network "rstn"
1
set_dont_touch_network [all_clocks]
1
# Setup uncertainty is not main problem here because clock is very slow. Hold uncertainty set to 3~5 FO4 delay.
set_clock_uncertainty -setup 0.2 [all_clocks]
1
set_clock_uncertainty -hold 0.15 [all_clocks]
1
# The maximum clock transition is 1ns
set_clock_transition -min 0.15 [all_clocks]
1
set_clock_transition -max 0.4 [all_clocks]
1
###################################
#                                 #
#   SPECIAL CLOCK DEFINITION      #
#                                 #
###################################
group_path -name INPUTS -from [all_inputs]
1
group_path -name OUTPUTS -to [all_outputs]
1
group_path -name COMBO -from [all_inputs] -to [all_outputs]
1
group_path -name INPUTS -weight 1 -critical 1
1
group_path -name OUTPUTS -weight 1 -critical 1
1
group_path -name COMBO -weight 1 -critical 1
1
###################################
#                                 #
#   INPUT/OUTPUT TIMING           #
#                                 #
###################################
# in/out is consists of board(switch,led), memory, UART
# Delay is estimated like below
set_input_delay -min 0.5 -clock clk [all_inputs]
1
set_input_delay -max 5.0 -clock clk [all_inputs]
1
remove_input_delay [get_ports "clk"]
1
set_output_delay -min 0.5 -clock clk [all_outputs]
1
set_output_delay -max 5.0 -clock clk [all_outputs] 
1
###################################
#                                 #
#   DESIGN AREA                   #
#                                 #
###################################
# Area Constraint
#
set_max_area 0.0
1
###################################
#                                 #
#   ENVIRONMENTAL ATTRIBUTES      #
#                                 #
###################################
#set_input_transition
set_input_transition -min 0.15 [all_inputs]
1
set_input_transition -max 0.2 [all_inputs]
1
set_max_transition 0.4 [all_outputs]
1
#####################
####### DRC  ########
set_load 0.1 [all_outputs]
1
# there is no need to be the numerous buffers on RESETn network during synthesis
set_ideal_network "clk rstn"
1
1
redirect -tee -file rpt/${top_design_freq}/3_check_timing.rpt {check_timing}
Information: Checking out the license 'DesignWare'. (SEC-104)
Information: Changed wire load model for 'DW01_inc_width3' from '(none)' to 'ZeroWireload'. (OPT-170)
Information: Changed wire load model for '*ADD_UNS_OP_3_1_3' from '(none)' to 'ZeroWireload'. (OPT-170)
Information: Changed wire load model for 'DW01_inc_width11' from '(none)' to 'ZeroWireload'. (OPT-170)
Information: Changed wire load model for '*ADD_UNS_OP_11_1_11' from '(none)' to 'ZeroWireload'. (OPT-170)
Information: Changed wire load model for 'DW01_inc_width3' from '(none)' to 'ZeroWireload'. (OPT-170)
Information: Changed wire load model for '*ADD_UNS_OP_3_1_3' from '(none)' to 'ZeroWireload'. (OPT-170)
Information: Changed wire load model for 'DW01_inc_width7' from '(none)' to 'ZeroWireload'. (OPT-170)
Information: Changed wire load model for '*ADD_UNS_OP_7_1_7' from '(none)' to 'ZeroWireload'. (OPT-170)
Information: Updating design information... (UID-85)

Information: Checking generated_clocks...

Information: Checking loops...

Information: Checking no_input_delay...

Information: Checking unconstrained_endpoints...

Information: Checking pulse_clock_cell_type...

Information: Checking no_driving_cell...

Information: Checking partial_input_delay...
1
redirect -tee -file rpt/${top_design_freq}/4_report_port.rpt {report_port -verbose}
 
****************************************
Report : port
        -verbose
Design : global_ctrl
Version: S-2021.06-SP1
Date   : Tue Apr 28 16:37:23 2026
****************************************



Attributes:
    d - dont_touch_network
    i - ideal_network

                       Pin      Wire     Max     Max     Connection
Port           Dir     Load     Load     Trans   Cap     Class      Attrs
--------------------------------------------------------------------------------
clk            in      0.0000   0.0000   --      --      --         d, i
en_g           in      0.0000   0.0000   --      --      --         
p_en           in      0.0000   0.0000   --      --      --         
p_out_bus[0]   in      0.0000   0.0000   --      --      --         
p_out_bus[1]   in      0.0000   0.0000   --      --      --         
p_out_bus[2]   in      0.0000   0.0000   --      --      --         
p_out_bus[3]   in      0.0000   0.0000   --      --      --         
p_out_bus[4]   in      0.0000   0.0000   --      --      --         
p_out_bus[5]   in      0.0000   0.0000   --      --      --         
p_out_bus[6]   in      0.0000   0.0000   --      --      --         
p_out_bus[7]   in      0.0000   0.0000   --      --      --         
p_out_vld_bus[0]
               in      0.0000   0.0000   --      --      --         
p_out_vld_bus[1]
               in      0.0000   0.0000   --      --      --         
p_out_vld_bus[2]
               in      0.0000   0.0000   --      --      --         
p_out_vld_bus[3]
               in      0.0000   0.0000   --      --      --         
p_out_vld_bus[4]
               in      0.0000   0.0000   --      --      --         
p_out_vld_bus[5]
               in      0.0000   0.0000   --      --      --         
p_out_vld_bus[6]
               in      0.0000   0.0000   --      --      --         
p_out_vld_bus[7]
               in      0.0000   0.0000   --      --      --         
rd_data_out_bus[0]
               in      0.0000   0.0000   --      --      --         
rd_data_out_bus[1]
               in      0.0000   0.0000   --      --      --         
rd_data_out_bus[2]
               in      0.0000   0.0000   --      --      --         
rd_data_out_bus[3]
               in      0.0000   0.0000   --      --      --         
rd_data_out_bus[4]
               in      0.0000   0.0000   --      --      --         
rd_data_out_bus[5]
               in      0.0000   0.0000   --      --      --         
rd_data_out_bus[6]
               in      0.0000   0.0000   --      --      --         
rd_data_out_bus[7]
               in      0.0000   0.0000   --      --      --         
rd_vld_bus[0]  in      0.0000   0.0000   --      --      --         
rd_vld_bus[1]  in      0.0000   0.0000   --      --      --         
rd_vld_bus[2]  in      0.0000   0.0000   --      --      --         
rd_vld_bus[3]  in      0.0000   0.0000   --      --      --         
rd_vld_bus[4]  in      0.0000   0.0000   --      --      --         
rd_vld_bus[5]  in      0.0000   0.0000   --      --      --         
rd_vld_bus[6]  in      0.0000   0.0000   --      --      --         
rd_vld_bus[7]  in      0.0000   0.0000   --      --      --         
rstn           in      0.0000   0.0000   --      --      --         d, i
wr_data_in_g   in      0.0000   0.0000   --      --      --         
couple_en      out     0.1000   0.0000    0.40   --      --         
p_code_vld_bus[0]
               out     0.1000   0.0000    0.40   --      --         
p_code_vld_bus[1]
               out     0.1000   0.0000    0.40   --      --         
p_code_vld_bus[2]
               out     0.1000   0.0000    0.40   --      --         
p_code_vld_bus[3]
               out     0.1000   0.0000    0.40   --      --         
p_code_vld_bus[4]
               out     0.1000   0.0000    0.40   --      --         
p_code_vld_bus[5]
               out     0.1000   0.0000    0.40   --      --         
p_code_vld_bus[6]
               out     0.1000   0.0000    0.40   --      --         
p_code_vld_bus[7]
               out     0.1000   0.0000    0.40   --      --         
p_out_g        out     0.1000   0.0000    0.40   --      --         
p_out_vld_g    out     0.1000   0.0000    0.40   --      --         
rd_data_out_g  out     0.1000   0.0000    0.40   --      --         
rd_rdy_bus[0]  out     0.1000   0.0000    0.40   --      --         
rd_rdy_bus[1]  out     0.1000   0.0000    0.40   --      --         
rd_rdy_bus[2]  out     0.1000   0.0000    0.40   --      --         
rd_rdy_bus[3]  out     0.1000   0.0000    0.40   --      --         
rd_rdy_bus[4]  out     0.1000   0.0000    0.40   --      --         
rd_rdy_bus[5]  out     0.1000   0.0000    0.40   --      --         
rd_rdy_bus[6]  out     0.1000   0.0000    0.40   --      --         
rd_rdy_bus[7]  out     0.1000   0.0000    0.40   --      --         
rd_vld_g       out     0.1000   0.0000    0.40   --      --         
wr_data_in_g_d2
               out     0.1000   0.0000    0.40   --      --         
wr_vld_bus[0]  out     0.1000   0.0000    0.40   --      --         
wr_vld_bus[1]  out     0.1000   0.0000    0.40   --      --         
wr_vld_bus[2]  out     0.1000   0.0000    0.40   --      --         
wr_vld_bus[3]  out     0.1000   0.0000    0.40   --      --         
wr_vld_bus[4]  out     0.1000   0.0000    0.40   --      --         
wr_vld_bus[5]  out     0.1000   0.0000    0.40   --      --         
wr_vld_bus[6]  out     0.1000   0.0000    0.40   --      --         
wr_vld_bus[7]  out     0.1000   0.0000    0.40   --      --         


              External  Max             Min                Min       Min
              Number    Wireload        Wireload           Pin       Wire
Port          Points    Model           Model              Load      Load
--------------------------------------------------------------------------------
clk                1      --              --              --        -- 
en_g               1      --              --              --        -- 
p_en               1      --              --              --        -- 
p_out_bus[0]       1      --              --              --        -- 
p_out_bus[1]       1      --              --              --        -- 
p_out_bus[2]       1      --              --              --        -- 
p_out_bus[3]       1      --              --              --        -- 
p_out_bus[4]       1      --              --              --        -- 
p_out_bus[5]       1      --              --              --        -- 
p_out_bus[6]       1      --              --              --        -- 
p_out_bus[7]       1      --              --              --        -- 
p_out_vld_bus[0]
                   1      --              --              --        -- 
p_out_vld_bus[1]
                   1      --              --              --        -- 
p_out_vld_bus[2]
                   1      --              --              --        -- 
p_out_vld_bus[3]
                   1      --              --              --        -- 
p_out_vld_bus[4]
                   1      --              --              --        -- 
p_out_vld_bus[5]
                   1      --              --              --        -- 
p_out_vld_bus[6]
                   1      --              --              --        -- 
p_out_vld_bus[7]
                   1      --              --              --        -- 
rd_data_out_bus[0]
                   1      --              --              --        -- 
rd_data_out_bus[1]
                   1      --              --              --        -- 
rd_data_out_bus[2]
                   1      --              --              --        -- 
rd_data_out_bus[3]
                   1      --              --              --        -- 
rd_data_out_bus[4]
                   1      --              --              --        -- 
rd_data_out_bus[5]
                   1      --              --              --        -- 
rd_data_out_bus[6]
                   1      --              --              --        -- 
rd_data_out_bus[7]
                   1      --              --              --        -- 
rd_vld_bus[0]      1      --              --              --        -- 
rd_vld_bus[1]      1      --              --              --        -- 
rd_vld_bus[2]      1      --              --              --        -- 
rd_vld_bus[3]      1      --              --              --        -- 
rd_vld_bus[4]      1      --              --              --        -- 
rd_vld_bus[5]      1      --              --              --        -- 
rd_vld_bus[6]      1      --              --              --        -- 
rd_vld_bus[7]      1      --              --              --        -- 
rstn               1      --              --              --        -- 
wr_data_in_g       1      --              --              --        -- 
couple_en          1      --              --              --        -- 
p_code_vld_bus[0]
                   1      --              --              --        -- 
p_code_vld_bus[1]
                   1      --              --              --        -- 
p_code_vld_bus[2]
                   1      --              --              --        -- 
p_code_vld_bus[3]
                   1      --              --              --        -- 
p_code_vld_bus[4]
                   1      --              --              --        -- 
p_code_vld_bus[5]
                   1      --              --              --        -- 
p_code_vld_bus[6]
                   1      --              --              --        -- 
p_code_vld_bus[7]
                   1      --              --              --        -- 
p_out_g            1      --              --              --        -- 
p_out_vld_g        1      --              --              --        -- 
rd_data_out_g      1      --              --              --        -- 
rd_rdy_bus[0]      1      --              --              --        -- 
rd_rdy_bus[1]      1      --              --              --        -- 
rd_rdy_bus[2]      1      --              --              --        -- 
rd_rdy_bus[3]      1      --              --              --        -- 
rd_rdy_bus[4]      1      --              --              --        -- 
rd_rdy_bus[5]      1      --              --              --        -- 
rd_rdy_bus[6]      1      --              --              --        -- 
rd_rdy_bus[7]      1      --              --              --        -- 
rd_vld_g           1      --              --              --        -- 
wr_data_in_g_d2
                   1      --              --              --        -- 
wr_vld_bus[0]      1      --              --              --        -- 
wr_vld_bus[1]      1      --              --              --        -- 
wr_vld_bus[2]      1      --              --              --        -- 
wr_vld_bus[3]      1      --              --              --        -- 
wr_vld_bus[4]      1      --              --              --        -- 
wr_vld_bus[5]      1      --              --              --        -- 
wr_vld_bus[6]      1      --              --              --        -- 
wr_vld_bus[7]      1      --              --              --        -- 

                    Input Delay
                  Min             Max       Related   Max
Input Port    Rise    Fall    Rise    Fall   Clock  Fanout
--------------------------------------------------------------------------------
clk           --      --      --      --      --      -- 
en_g          0.50    0.50    5.00    5.00  clk       --    
p_en          0.50    0.50    5.00    5.00  clk       --    
p_out_bus[0]
              0.50    0.50    5.00    5.00  clk       --    
p_out_bus[1]
              0.50    0.50    5.00    5.00  clk       --    
p_out_bus[2]
              0.50    0.50    5.00    5.00  clk       --    
p_out_bus[3]
              0.50    0.50    5.00    5.00  clk       --    
p_out_bus[4]
              0.50    0.50    5.00    5.00  clk       --    
p_out_bus[5]
              0.50    0.50    5.00    5.00  clk       --    
p_out_bus[6]
              0.50    0.50    5.00    5.00  clk       --    
p_out_bus[7]
              0.50    0.50    5.00    5.00  clk       --    
p_out_vld_bus[0]
              0.50    0.50    5.00    5.00  clk       --    
p_out_vld_bus[1]
              0.50    0.50    5.00    5.00  clk       --    
p_out_vld_bus[2]
              0.50    0.50    5.00    5.00  clk       --    
p_out_vld_bus[3]
              0.50    0.50    5.00    5.00  clk       --    
p_out_vld_bus[4]
              0.50    0.50    5.00    5.00  clk       --    
p_out_vld_bus[5]
              0.50    0.50    5.00    5.00  clk       --    
p_out_vld_bus[6]
              0.50    0.50    5.00    5.00  clk       --    
p_out_vld_bus[7]
              0.50    0.50    5.00    5.00  clk       --    
rd_data_out_bus[0]
              0.50    0.50    5.00    5.00  clk       --    
rd_data_out_bus[1]
              0.50    0.50    5.00    5.00  clk       --    
rd_data_out_bus[2]
              0.50    0.50    5.00    5.00  clk       --    
rd_data_out_bus[3]
              0.50    0.50    5.00    5.00  clk       --    
rd_data_out_bus[4]
              0.50    0.50    5.00    5.00  clk       --    
rd_data_out_bus[5]
              0.50    0.50    5.00    5.00  clk       --    
rd_data_out_bus[6]
              0.50    0.50    5.00    5.00  clk       --    
rd_data_out_bus[7]
              0.50    0.50    5.00    5.00  clk       --    
rd_vld_bus[0]
              0.50    0.50    5.00    5.00  clk       --    
rd_vld_bus[1]
              0.50    0.50    5.00    5.00  clk       --    
rd_vld_bus[2]
              0.50    0.50    5.00    5.00  clk       --    
rd_vld_bus[3]
              0.50    0.50    5.00    5.00  clk       --    
rd_vld_bus[4]
              0.50    0.50    5.00    5.00  clk       --    
rd_vld_bus[5]
              0.50    0.50    5.00    5.00  clk       --    
rd_vld_bus[6]
              0.50    0.50    5.00    5.00  clk       --    
rd_vld_bus[7]
              0.50    0.50    5.00    5.00  clk       --    
rstn          0.50    0.50    5.00    5.00  clk       --    
wr_data_in_g
              0.50    0.50    5.00    5.00  clk       --    


               Max Drive      Min Drive      Resistance    Min    Min       Cell
Input Port    Rise    Fall   Rise    Fall   Max     Min    Cap    Fanout    Deg
--------------------------------------------------------------------------------
clk           --      --     --      --     --      --     --     --        -- 
en_g          --      --     --      --     --      --     --     --        -- 
p_en          --      --     --      --     --      --     --     --        -- 
p_out_bus[0]
              --      --     --      --     --      --     --     --        -- 
p_out_bus[1]
              --      --     --      --     --      --     --     --        -- 
p_out_bus[2]
              --      --     --      --     --      --     --     --        -- 
p_out_bus[3]
              --      --     --      --     --      --     --     --        -- 
p_out_bus[4]
              --      --     --      --     --      --     --     --        -- 
p_out_bus[5]
              --      --     --      --     --      --     --     --        -- 
p_out_bus[6]
              --      --     --      --     --      --     --     --        -- 
p_out_bus[7]
              --      --     --      --     --      --     --     --        -- 
p_out_vld_bus[0]
              --      --     --      --     --      --     --     --        -- 
p_out_vld_bus[1]
              --      --     --      --     --      --     --     --        -- 
p_out_vld_bus[2]
              --      --     --      --     --      --     --     --        -- 
p_out_vld_bus[3]
              --      --     --      --     --      --     --     --        -- 
p_out_vld_bus[4]
              --      --     --      --     --      --     --     --        -- 
p_out_vld_bus[5]
              --      --     --      --     --      --     --     --        -- 
p_out_vld_bus[6]
              --      --     --      --     --      --     --     --        -- 
p_out_vld_bus[7]
              --      --     --      --     --      --     --     --        -- 
rd_data_out_bus[0]
              --      --     --      --     --      --     --     --        -- 
rd_data_out_bus[1]
              --      --     --      --     --      --     --     --        -- 
rd_data_out_bus[2]
              --      --     --      --     --      --     --     --        -- 
rd_data_out_bus[3]
              --      --     --      --     --      --     --     --        -- 
rd_data_out_bus[4]
              --      --     --      --     --      --     --     --        -- 
rd_data_out_bus[5]
              --      --     --      --     --      --     --     --        -- 
rd_data_out_bus[6]
              --      --     --      --     --      --     --     --        -- 
rd_data_out_bus[7]
              --      --     --      --     --      --     --     --        -- 
rd_vld_bus[0]
              --      --     --      --     --      --     --     --        -- 
rd_vld_bus[1]
              --      --     --      --     --      --     --     --        -- 
rd_vld_bus[2]
              --      --     --      --     --      --     --     --        -- 
rd_vld_bus[3]
              --      --     --      --     --      --     --     --        -- 
rd_vld_bus[4]
              --      --     --      --     --      --     --     --        -- 
rd_vld_bus[5]
              --      --     --      --     --      --     --     --        -- 
rd_vld_bus[6]
              --      --     --      --     --      --     --     --        -- 
rd_vld_bus[7]
              --      --     --      --     --      --     --     --        -- 
rstn          --      --     --      --     --      --     --     --        -- 
wr_data_in_g
              --      --     --      --     --      --     --     --        -- 


               Max Tran        Min Tran
Input Port    Rise    Fall    Rise    Fall
--------------------------------------------------------------------------------
clk           0.20    0.20    0.15    0.15
en_g          0.20    0.20    0.15    0.15
p_en          0.20    0.20    0.15    0.15
p_out_bus[0]
              0.20    0.20    0.15    0.15
p_out_bus[1]
              0.20    0.20    0.15    0.15
p_out_bus[2]
              0.20    0.20    0.15    0.15
p_out_bus[3]
              0.20    0.20    0.15    0.15
p_out_bus[4]
              0.20    0.20    0.15    0.15
p_out_bus[5]
              0.20    0.20    0.15    0.15
p_out_bus[6]
              0.20    0.20    0.15    0.15
p_out_bus[7]
              0.20    0.20    0.15    0.15
p_out_vld_bus[0]
              0.20    0.20    0.15    0.15
p_out_vld_bus[1]
              0.20    0.20    0.15    0.15
p_out_vld_bus[2]
              0.20    0.20    0.15    0.15
p_out_vld_bus[3]
              0.20    0.20    0.15    0.15
p_out_vld_bus[4]
              0.20    0.20    0.15    0.15
p_out_vld_bus[5]
              0.20    0.20    0.15    0.15
p_out_vld_bus[6]
              0.20    0.20    0.15    0.15
p_out_vld_bus[7]
              0.20    0.20    0.15    0.15
rd_data_out_bus[0]
              0.20    0.20    0.15    0.15
rd_data_out_bus[1]
              0.20    0.20    0.15    0.15
rd_data_out_bus[2]
              0.20    0.20    0.15    0.15
rd_data_out_bus[3]
              0.20    0.20    0.15    0.15
rd_data_out_bus[4]
              0.20    0.20    0.15    0.15
rd_data_out_bus[5]
              0.20    0.20    0.15    0.15
rd_data_out_bus[6]
              0.20    0.20    0.15    0.15
rd_data_out_bus[7]
              0.20    0.20    0.15    0.15
rd_vld_bus[0]
              0.20    0.20    0.15    0.15
rd_vld_bus[1]
              0.20    0.20    0.15    0.15
rd_vld_bus[2]
              0.20    0.20    0.15    0.15
rd_vld_bus[3]
              0.20    0.20    0.15    0.15
rd_vld_bus[4]
              0.20    0.20    0.15    0.15
rd_vld_bus[5]
              0.20    0.20    0.15    0.15
rd_vld_bus[6]
              0.20    0.20    0.15    0.15
rd_vld_bus[7]
              0.20    0.20    0.15    0.15
rstn          0.20    0.20    0.15    0.15
wr_data_in_g
              0.20    0.20    0.15    0.15


                    Output Delay
                  Min             Max      Related  Fanout
Output Port   Rise    Fall    Rise    Fall  Clock     Load
--------------------------------------------------------------------------------
couple_en     0.50    0.50    5.00    5.00  clk       0.00  
p_code_vld_bus[0]
              0.50    0.50    5.00    5.00  clk       0.00  
p_code_vld_bus[1]
              0.50    0.50    5.00    5.00  clk       0.00  
p_code_vld_bus[2]
              0.50    0.50    5.00    5.00  clk       0.00  
p_code_vld_bus[3]
              0.50    0.50    5.00    5.00  clk       0.00  
p_code_vld_bus[4]
              0.50    0.50    5.00    5.00  clk       0.00  
p_code_vld_bus[5]
              0.50    0.50    5.00    5.00  clk       0.00  
p_code_vld_bus[6]
              0.50    0.50    5.00    5.00  clk       0.00  
p_code_vld_bus[7]
              0.50    0.50    5.00    5.00  clk       0.00  
p_out_g       0.50    0.50    5.00    5.00  clk       0.00  
p_out_vld_g   0.50    0.50    5.00    5.00  clk       0.00  
rd_data_out_g
              0.50    0.50    5.00    5.00  clk       0.00  
rd_rdy_bus[0]
              0.50    0.50    5.00    5.00  clk       0.00  
rd_rdy_bus[1]
              0.50    0.50    5.00    5.00  clk       0.00  
rd_rdy_bus[2]
              0.50    0.50    5.00    5.00  clk       0.00  
rd_rdy_bus[3]
              0.50    0.50    5.00    5.00  clk       0.00  
rd_rdy_bus[4]
              0.50    0.50    5.00    5.00  clk       0.00  
rd_rdy_bus[5]
              0.50    0.50    5.00    5.00  clk       0.00  
rd_rdy_bus[6]
              0.50    0.50    5.00    5.00  clk       0.00  
rd_rdy_bus[7]
              0.50    0.50    5.00    5.00  clk       0.00  
rd_vld_g      0.50    0.50    5.00    5.00  clk       0.00  
wr_data_in_g_d2
              0.50    0.50    5.00    5.00  clk       0.00  
wr_vld_bus[0]
              0.50    0.50    5.00    5.00  clk       0.00  
wr_vld_bus[1]
              0.50    0.50    5.00    5.00  clk       0.00  
wr_vld_bus[2]
              0.50    0.50    5.00    5.00  clk       0.00  
wr_vld_bus[3]
              0.50    0.50    5.00    5.00  clk       0.00  
wr_vld_bus[4]
              0.50    0.50    5.00    5.00  clk       0.00  
wr_vld_bus[5]
              0.50    0.50    5.00    5.00  clk       0.00  
wr_vld_bus[6]
              0.50    0.50    5.00    5.00  clk       0.00  
wr_vld_bus[7]
              0.50    0.50    5.00    5.00  clk       0.00  

1
#set_boundary_optimization $top_design_freq false
redirect -tee -file rpt/${top_design_freq}/5_compile.rpt {compile_ultra -no_autoungroup}
Information: Performing power optimization. (PWR-850)
Alib files are up-to-date.
Information: Running optimization using a maximum of 16 cores. (OPT-1500)
Warning: Setting attribute 'fix_multiple_port_nets' on design 'global_ctrl'. (UIO-59)
Information: Evaluating DesignWare library utilization. (UISN-27)

============================================================================
| DesignWare Building Block Library  |         Version         | Available |
============================================================================
| Basic DW Building Blocks           | S-2021.06-DWBB_202106.1 |     *     |
| Licensed DW Building Blocks        | S-2021.06-DWBB_202106.1 |     *     |
============================================================================

Information: Sequential output inversion is enabled.  SVF file must be used for formal verification. (OPT-1208)

Information: There are 4 potential problems in your design. Please run 'check_design' for more information. (LINT-99)

  Simplifying Design 'global_ctrl'

Warning: The trip points for the library named tpfn40lpgv2od3wc differ from those in the library named tcbn40lpbwpwc_ccs. (TIM-164)
Warning: The trip points for the library named tpan40lpgv2od3wc differ from those in the library named tcbn40lpbwpwc_ccs. (TIM-164)
  Loading target library 'tpfn40lpgv2od3wc'
  Loading target library 'tpan40lpgv2od3wc'
Warning: IO pad 'PVSS3DGZ' is unusable: unknown logic function.  (OPT-1022)
Warning: IO pad 'PVSS2DGZ' is unusable: unknown logic function.  (OPT-1022)
Warning: IO pad 'PVSS2ANA' is unusable: unknown logic function.  (OPT-1022)
Warning: IO pad 'PVSS1DGZ' is unusable: unknown logic function.  (OPT-1022)
Warning: IO pad 'PVSS1ANA' is unusable: unknown logic function.  (OPT-1022)
Warning: IO pad 'PVDD2POC' is unusable: unknown logic function.  (OPT-1022)
Warning: IO pad 'PVDD2DGZ' is unusable: unknown logic function.  (OPT-1022)
Warning: IO pad 'PVDD2ANA' is unusable: unknown logic function.  (OPT-1022)
Warning: IO pad 'PVDD1DGZ' is unusable: unknown logic function.  (OPT-1022)
Warning: IO pad 'PVDD1ANA' is unusable: unknown logic function.  (OPT-1022)
Warning: IO pad 'PCLAMP2ANA' is unusable: unknown logic function.  (OPT-1022)
Warning: IO pad 'PCLAMP1ANA' is unusable: unknown logic function.  (OPT-1022)
Warning: IO pad 'PVSS3AC' is unusable: unknown logic function.  (OPT-1022)
Warning: IO pad 'PVSS3A' is unusable: unknown logic function.  (OPT-1022)
Warning: IO pad 'PVSS2AC' is unusable: unknown logic function.  (OPT-1022)
Warning: IO pad 'PVSS2A' is unusable: unknown logic function.  (OPT-1022)
Warning: IO pad 'PVDD3AC' is unusable: unknown logic function.  (OPT-1022)
Warning: IO pad 'PVDD3A' is unusable: unknown logic function.  (OPT-1022)
Warning: IO pad 'PVBUS' is unusable: unknown logic function.  (OPT-1022)
Warning: IO pad 'PDB3AC' is unusable: unknown logic function.  (OPT-1022)
Warning: IO pad 'PDB3A' is unusable: unknown logic function.  (OPT-1022)
Warning: IO pad 'PDB2AC' is unusable: unknown logic function.  (OPT-1022)
Warning: IO pad 'PDB2A' is unusable: unknown logic function.  (OPT-1022)
Warning: IO pad 'PDB1AC' is unusable: unknown logic function.  (OPT-1022)
Warning: IO pad 'PDB1A' is unusable: unknown logic function.  (OPT-1022)
Warning: IO pad 'PCLAMPAC' is unusable: unknown logic function.  (OPT-1022)
Warning: IO pad 'PCLAMPA' is unusable: unknown logic function.  (OPT-1022)
Loaded alib file './alib-52/tcbn40lpbwpwc_ccs.db.alib'
Loaded alib file './alib-52/tpfn40lpgv2od3wc.db.alib' (placeholder)
Loaded alib file './alib-52/tpan40lpgv2od3wc.db.alib' (placeholder)
Warning: Operating condition WCCOM set on design global_ctrl has different process,
voltage and temperatures parameters than the parameters at which target library 
tpfn40lpgv2od3wc is characterized. Delays may be inaccurate as a result. (OPT-998)
Information: State dependent leakage is now switched from on to off.

  Beginning Pass 1 Mapping
  ------------------------
  Processing 'global_ctrl'
Information: Added key list 'DesignWare' to design 'global_ctrl'. (DDB-72)
Information: In design 'global_ctrl', the register 'ul_cur_state_d1_reg[1]' is removed because it is merged to 'ul_cur_state_d1_reg[0]'. (OPT-1215)
 Implement Synthetic for 'global_ctrl'.

  Updating timing information
Information: Updating design information... (UID-85)
Information: The library cell 'TIELBWP' in the library 'tcbn40lpbwpwc_ccs' is not characterized for internal power. (PWR-536)
Information: The library cell 'TIEHBWP' in the library 'tcbn40lpbwpwc_ccs' is not characterized for internal power. (PWR-536)
Information: The library cell 'PVSS3DGZ' in the library 'tpfn40lpgv2od3wc' is not characterized for internal power. (PWR-536)
Information: The library cell 'PVSS2DGZ' in the library 'tpfn40lpgv2od3wc' is not characterized for internal power. (PWR-536)
Information: The library cell 'PVSS2ANA' in the library 'tpfn40lpgv2od3wc' is not characterized for internal power. (PWR-536)
Information: The library cell 'PVSS1DGZ' in the library 'tpfn40lpgv2od3wc' is not characterized for internal power. (PWR-536)
Information: The library cell 'PVSS1ANA' in the library 'tpfn40lpgv2od3wc' is not characterized for internal power. (PWR-536)
Information: The library cell 'PVDD2POC' in the library 'tpfn40lpgv2od3wc' is not characterized for internal power. (PWR-536)
Information: The library cell 'PVDD2DGZ' in the library 'tpfn40lpgv2od3wc' is not characterized for internal power. (PWR-536)
Information: The library cell 'PVDD2ANA' in the library 'tpfn40lpgv2od3wc' is not characterized for internal power. (PWR-536)
Information: The library cell 'PVDD1DGZ' in the library 'tpfn40lpgv2od3wc' is not characterized for internal power. (PWR-536)
Information: The library cell 'PVDD1ANA' in the library 'tpfn40lpgv2od3wc' is not characterized for internal power. (PWR-536)
Information: The library cell 'PCLAMP2ANA' in the library 'tpfn40lpgv2od3wc' is not characterized for internal power. (PWR-536)
Information: The library cell 'PCLAMP1ANA' in the library 'tpfn40lpgv2od3wc' is not characterized for internal power. (PWR-536)
Information: The library cell 'PVSS3AC' in the library 'tpan40lpgv2od3wc' is not characterized for internal power. (PWR-536)
Information: The library cell 'PVSS3A' in the library 'tpan40lpgv2od3wc' is not characterized for internal power. (PWR-536)
Information: The library cell 'PVSS2AC' in the library 'tpan40lpgv2od3wc' is not characterized for internal power. (PWR-536)
Information: The library cell 'PVSS2A' in the library 'tpan40lpgv2od3wc' is not characterized for internal power. (PWR-536)
Information: The library cell 'PVDD3AC' in the library 'tpan40lpgv2od3wc' is not characterized for internal power. (PWR-536)
Information: The library cell 'PVDD3A' in the library 'tpan40lpgv2od3wc' is not characterized for internal power. (PWR-536)
Information: The library cell 'PVBUS' in the library 'tpan40lpgv2od3wc' is not characterized for internal power. (PWR-536)
Information: The library cell 'PDB3AC' in the library 'tpan40lpgv2od3wc' is not characterized for internal power. (PWR-536)
Information: The library cell 'PDB3A' in the library 'tpan40lpgv2od3wc' is not characterized for internal power. (PWR-536)
Information: The library cell 'PDB2AC' in the library 'tpan40lpgv2od3wc' is not characterized for internal power. (PWR-536)
Information: The library cell 'PDB2A' in the library 'tpan40lpgv2od3wc' is not characterized for internal power. (PWR-536)
Information: The library cell 'PDB1AC' in the library 'tpan40lpgv2od3wc' is not characterized for internal power. (PWR-536)
Information: The library cell 'PDB1A' in the library 'tpan40lpgv2od3wc' is not characterized for internal power. (PWR-536)
Information: The library cell 'PCLAMPAC' in the library 'tpan40lpgv2od3wc' is not characterized for internal power. (PWR-536)
Information: The library cell 'PCLAMPA' in the library 'tpan40lpgv2od3wc' is not characterized for internal power. (PWR-536)
Information: The target library(s) contains cell(s), other than black boxes, that are not characterized for internal power. (PWR-24)

  Beginning Mapping Optimizations  (Ultra High effort)
  -------------------------------

                                  TOTAL                                                
   ELAPSED            WORST NEG   SETUP    DESIGN                              LEAKAGE 
    TIME      AREA      SLACK     COST    RULE COST         ENDPOINT            POWER  
  --------- --------- --------- --------- --------- ------------------------- ---------
    0:00:12     457.4      0.00       0.0    6457.7                            193.8811
    0:00:12     457.4      0.00       0.0    6457.7                            193.8811

  Beginning Constant Register Removal
  -----------------------------------

  Beginning Global Optimizations
  ------------------------------
  Numerical Synthesis (Phase 1)
  Numerical Synthesis (Phase 2)
  Global Optimization (Phase 1)
  Global Optimization (Phase 2)
  Global Optimization (Phase 3)
  Global Optimization (Phase 4)
  Global Optimization (Phase 5)
  Global Optimization (Phase 6)
  Global Optimization (Phase 7)
  Global Optimization (Phase 8)
  Global Optimization (Phase 9)
  Global Optimization (Phase 10)
  Global Optimization (Phase 11)
  Global Optimization (Phase 12)
  Global Optimization (Phase 13)
  Global Optimization (Phase 14)
  Global Optimization (Phase 15)
  Global Optimization (Phase 16)
  Global Optimization (Phase 17)
  Global Optimization (Phase 18)
  Global Optimization (Phase 19)
  Global Optimization (Phase 20)
  Global Optimization (Phase 21)
  Global Optimization (Phase 22)
  Global Optimization (Phase 23)
  Global Optimization (Phase 24)
  Global Optimization (Phase 25)
  Global Optimization (Phase 26)
  Global Optimization (Phase 27)
  Global Optimization (Phase 28)
  Global Optimization (Phase 29)

  Beginning Isolate Ports
  -----------------------

  Beginning Delay Optimization
  ----------------------------
    0:00:13     457.2      0.00       0.0    6457.7                            232.7221
    0:00:13     457.2      0.00       0.0    6457.7                            232.7221
    0:00:13     457.2      0.00       0.0    6457.7                            232.7221
    0:00:14     457.2      0.00       0.0    6457.7                            232.7221
    0:00:14     456.7      0.00       0.0    6457.7                            232.7206
    0:00:14     456.7      0.00       0.0    6457.7                            232.7206

  Beginning WLM Backend Optimization
  --------------------------------------
    0:00:14     457.2      0.00       0.0    6457.7                            232.4790
    0:00:14     457.2      0.00       0.0    6457.7                            232.4790
    0:00:14     457.2      0.00       0.0    6457.7                            232.4790
    0:00:14     456.5      0.00       0.0    6457.7                            193.1132
    0:00:14     456.5      0.00       0.0    6457.7                            193.1132
    0:00:14     456.5      0.00       0.0    6457.7                            193.1132
    0:00:14     456.5      0.00       0.0    6457.7                            193.1132
    0:00:14     456.5      0.00       0.0    6457.7                            193.1132
    0:00:14     456.5      0.00       0.0    6457.7                            193.1132
    0:00:14     456.5      0.00       0.0    6457.7                            193.1132
    0:00:14     456.5      0.00       0.0    6457.7                            193.1132
    0:00:14     456.5      0.00       0.0    6457.7                            193.1132
    0:00:14     456.5      0.00       0.0    6457.7                            193.1132
    0:00:14     456.5      0.00       0.0    6457.7                            193.1132
    0:00:14     456.5      0.00       0.0    6457.7                            193.1132
    0:00:14     456.5      0.00       0.0    6457.7                            193.1132
    0:00:14     456.5      0.00       0.0    6457.7                            193.1132
    0:00:14     456.5      0.00       0.0    6457.7                            193.1132
    0:00:14     456.5      0.00       0.0    6457.7                            193.1132
    0:00:14     456.5      0.00       0.0    6457.7                            193.1132
    0:00:14     456.5      0.00       0.0    6457.7                            193.1132
    0:00:14     456.5      0.00       0.0    6457.7                            193.1132


  Beginning Design Rule Fixing  (max_transition)  (max_capacitance)
  ----------------------------

                                  TOTAL                                                
   ELAPSED            WORST NEG   SETUP    DESIGN                              LEAKAGE 
    TIME      AREA      SLACK     COST    RULE COST         ENDPOINT            POWER  
  --------- --------- --------- --------- --------- ------------------------- ---------
    0:00:14     456.5      0.00       0.0    6457.7                            193.1132
  Global Optimization (Phase 30)
  Global Optimization (Phase 31)
  Global Optimization (Phase 32)
    0:00:14     520.0      0.00       0.0       0.0                            270.0429
    0:00:14     520.0      0.00       0.0       0.0                            270.0429


  Beginning Leakage Power Optimization  (max_leakage_power 0)
  ------------------------------------

                                  TOTAL                                                
   ELAPSED            WORST NEG   SETUP    DESIGN                              LEAKAGE 
    TIME      AREA      SLACK     COST    RULE COST         ENDPOINT            POWER  
  --------- --------- --------- --------- --------- ------------------------- ---------
    0:00:14     520.0      0.00       0.0       0.0                            270.0429
  Global Optimization (Phase 33)
  Global Optimization (Phase 34)
  Global Optimization (Phase 35)
  Global Optimization (Phase 36)
  Global Optimization (Phase 37)
  Global Optimization (Phase 38)
  Global Optimization (Phase 39)
  Global Optimization (Phase 40)
  Global Optimization (Phase 41)
  Global Optimization (Phase 42)
  Global Optimization (Phase 43)
    0:00:15     520.0      0.00       0.0       0.0                            269.7860
    0:00:15     520.0      0.00       0.0       0.0                            269.7860
    0:00:15     520.0      0.00       0.0       0.0                            269.7860
    0:00:15     520.0      0.00       0.0       0.0                            269.7860
    0:00:15     520.0      0.00       0.0       0.0                            269.7860
    0:00:15     520.0      0.00       0.0       0.0                            269.7860
    0:00:15     520.0      0.00       0.0       0.0                            269.7860
    0:00:15     520.0      0.00       0.0       0.0                            269.7860
    0:00:15     520.0      0.00       0.0       0.0                            269.7860
    0:00:15     520.0      0.00       0.0       0.0                            269.7860
    0:00:15     520.0      0.00       0.0       0.0                            269.7860
    0:00:15     520.0      0.00       0.0       0.0                            269.7860
    0:00:15     520.0      0.00       0.0       0.0                            269.7860
    0:00:15     520.0      0.00       0.0       0.0                            269.7860
    0:00:15     520.0      0.00       0.0       0.0                            269.7860
    0:00:15     520.0      0.00       0.0       0.0                            269.7860
    0:00:15     520.0      0.00       0.0       0.0                            269.7860
    0:00:15     520.0      0.00       0.0       0.0                            269.7860
    0:00:15     520.0      0.00       0.0       0.0                            269.7860
    0:00:15     520.0      0.00       0.0       0.0                            269.7860
    0:00:15     520.0      0.00       0.0       0.0                            269.7860
    0:00:15     520.0      0.00       0.0       0.0                            269.7860

                                  TOTAL                                                
   ELAPSED            WORST NEG   SETUP    DESIGN                              LEAKAGE 
    TIME      AREA      SLACK     COST    RULE COST         ENDPOINT            POWER  
  --------- --------- --------- --------- --------- ------------------------- ---------
    0:00:15     520.0      0.00       0.0       0.0                            269.7860
    0:00:15     520.0      0.00       0.0       0.0                            269.7860
    0:00:15     520.0      0.00       0.0       0.0                            269.7860
    0:00:15     520.0      0.00       0.0       0.0                            269.7860
    0:00:16     520.0      0.00       0.0       0.0                            269.7860
    0:00:16     520.0      0.00       0.0       0.0                            269.7860
    0:00:16     520.0      0.00       0.0       0.0                            269.7860
    0:00:16     520.0      0.00       0.0       0.0                            269.7860
    0:00:16     520.0      0.00       0.0       0.0                            269.7860
    0:00:16     520.0      0.00       0.0       0.0                            269.7860
    0:00:16     520.0      0.00       0.0       0.0                            269.7860
Loading db file '/home/yingna/project/tsmcN40_1p9m/stdcell/TSMCHOME/digital/Front_End/timing_power_noise/CCS/tcbn40lpbwp_200a/tcbn40lpbwpwc_ccs.db'
Loading db file '/home/yingna/project/tsmcN40_1p9m/IO/tsmcN40_1p9m_IO/tpfn40lpgv2od3_130c/tpfn40lpgv2od3_120a_nldm/TSMCHOME/digital/Front_End/timing_power_noise/NLDM/tpfn40lpgv2od3_120a/tpfn40lpgv2od3wc.db'
Loading db file '/home/yingna/project/tsmcN40_1p9m/IO/tsmcN40_1p9m_IO/tpan40lpgv2od3_130a/tpan40lpgv2od3_120a_nldm/TSMCHOME/digital/Front_End/timing_power_noise/NLDM/tpan40lpgv2od3_120a/tpan40lpgv2od3wc.db'


Note: Symbol # after min delay cost means estimated hold TNS across all active scenarios 


  Optimization Complete
  ---------------------
  Loading target library 'tpfn40lpgv2od3wc'
  Loading target library 'tpan40lpgv2od3wc'
Warning: IO pad 'PVSS3DGZ' is unusable: unknown logic function.  (OPT-1022)
Warning: IO pad 'PVSS2DGZ' is unusable: unknown logic function.  (OPT-1022)
Warning: IO pad 'PVSS2ANA' is unusable: unknown logic function.  (OPT-1022)
Warning: IO pad 'PVSS1DGZ' is unusable: unknown logic function.  (OPT-1022)
Warning: IO pad 'PVSS1ANA' is unusable: unknown logic function.  (OPT-1022)
Warning: IO pad 'PVDD2POC' is unusable: unknown logic function.  (OPT-1022)
Warning: IO pad 'PVDD2DGZ' is unusable: unknown logic function.  (OPT-1022)
Warning: IO pad 'PVDD2ANA' is unusable: unknown logic function.  (OPT-1022)
Warning: IO pad 'PVDD1DGZ' is unusable: unknown logic function.  (OPT-1022)
Warning: IO pad 'PVDD1ANA' is unusable: unknown logic function.  (OPT-1022)
Warning: IO pad 'PCLAMP2ANA' is unusable: unknown logic function.  (OPT-1022)
Warning: IO pad 'PCLAMP1ANA' is unusable: unknown logic function.  (OPT-1022)
Warning: IO pad 'PVSS3AC' is unusable: unknown logic function.  (OPT-1022)
Warning: IO pad 'PVSS3A' is unusable: unknown logic function.  (OPT-1022)
Warning: IO pad 'PVSS2AC' is unusable: unknown logic function.  (OPT-1022)
Warning: IO pad 'PVSS2A' is unusable: unknown logic function.  (OPT-1022)
Warning: IO pad 'PVDD3AC' is unusable: unknown logic function.  (OPT-1022)
Warning: IO pad 'PVDD3A' is unusable: unknown logic function.  (OPT-1022)
Warning: IO pad 'PVBUS' is unusable: unknown logic function.  (OPT-1022)
Warning: IO pad 'PDB3AC' is unusable: unknown logic function.  (OPT-1022)
Warning: IO pad 'PDB3A' is unusable: unknown logic function.  (OPT-1022)
Warning: IO pad 'PDB2AC' is unusable: unknown logic function.  (OPT-1022)
Warning: IO pad 'PDB2A' is unusable: unknown logic function.  (OPT-1022)
Warning: IO pad 'PDB1AC' is unusable: unknown logic function.  (OPT-1022)
Warning: IO pad 'PDB1A' is unusable: unknown logic function.  (OPT-1022)
Warning: IO pad 'PCLAMPAC' is unusable: unknown logic function.  (OPT-1022)
Warning: IO pad 'PCLAMPA' is unusable: unknown logic function.  (OPT-1022)
Information: State dependent leakage is now switched from off to on.
Information: Propagating switching activity (low effort zero delay simulation). (PWR-6)
1
redirect -tee -file rpt/${top_design_freq}/6_report_constraint.rpt {report_constraint -all_violators}
Information: Updating design information... (UID-85)
 
****************************************
Report : constraint
        -all_violators
Design : global_ctrl
Version: S-2021.06-SP1
Date   : Tue Apr 28 16:37:53 2026
****************************************


   max_area

                             Required        Actual
   Design                      Area           Area           Slack
   -----------------------------------------------------------------
   global_ctrl                  0.00         520.03        -520.03  (VIOLATED)


   max_leakage_power

                             Required        Actual
   Design                   Leakage Power  Leakage Power     Slack
   -----------------------------------------------------------------
   global_ctrl                  0.00         292.89        -292.89  (VIOLATED)


1
redirect -tee -file rpt/${top_design_freq}/7_report_timing_setup.rpt {report_timing}
 
****************************************
Report : timing
        -path full
        -delay max
        -max_paths 1
Design : global_ctrl
Version: S-2021.06-SP1
Date   : Tue Apr 28 16:37:53 2026
****************************************

Operating Conditions: WCCOM   Library: tcbn40lpbwpwc_ccs
Wire Load Model Mode: segmented

  Startpoint: p_out_bus[5]
              (input port clocked by clk)
  Endpoint: p_out_g_reg
            (rising edge-triggered flip-flop clocked by clk)
  Path Group: INPUTS
  Path Type: max

  Des/Clust/Port     Wire Load Model       Library
  ------------------------------------------------
  global_ctrl        ZeroWireload          tcbn40lpbwpwc_ccs

  Point                                    Incr       Path
  -----------------------------------------------------------
  clock clk (rise edge)                    0.00       0.00
  clock network delay (ideal)              0.00       0.00
  input external delay                     5.00       5.00 r
  p_out_bus[5] (in)                        0.00       5.00 r
  U363/ZN (AOI22D0BWP)                     0.13       5.13 f
  U364/ZN (ND3D0BWP)                       0.06       5.20 r
  U365/ZN (AOI32D0BWP)                     0.08       5.28 f
  U366/ZN (AOI31D0BWP)                     0.15       5.43 r
  p_out_g_reg/D (DFCNQD1BWP)               0.00       5.43 r
  data arrival time                                   5.43

  clock clk (rise edge)                    9.50       9.50
  clock network delay (ideal)              0.00       9.50
  clock uncertainty                       -0.20       9.30
  p_out_g_reg/CP (DFCNQD1BWP)              0.00       9.30 r
  library setup time                       0.02       9.32
  data required time                                  9.32
  -----------------------------------------------------------
  data required time                                  9.32
  data arrival time                                  -5.43
  -----------------------------------------------------------
  slack (MET)                                         3.89


  Startpoint: couple_en_reg
              (rising edge-triggered flip-flop clocked by clk)
  Endpoint: couple_en (output port clocked by clk)
  Path Group: OUTPUTS
  Path Type: max

  Des/Clust/Port     Wire Load Model       Library
  ------------------------------------------------
  global_ctrl        ZeroWireload          tcbn40lpbwpwc_ccs

  Point                                    Incr       Path
  -----------------------------------------------------------
  clock clk (rise edge)                    0.00       0.00
  clock network delay (ideal)              0.00       0.00
  couple_en_reg/CP (DFCNQD1BWP)            0.00       0.00 r
  couple_en_reg/Q (DFCNQD1BWP)             0.38       0.38 f
  U201/ZN (INVD0BWP)                       0.08       0.47 r
  U202/ZN (CKND6BWP)                       0.20       0.66 f
  couple_en (out)                          0.00       0.66 f
  data arrival time                                   0.66

  clock clk (rise edge)                    9.50       9.50
  clock network delay (ideal)              0.00       9.50
  clock uncertainty                       -0.20       9.30
  output external delay                   -5.00       4.30
  data required time                                  4.30
  -----------------------------------------------------------
  data required time                                  4.30
  data arrival time                                  -0.66
  -----------------------------------------------------------
  slack (MET)                                         3.64


  Startpoint: col_id_reg[0]
              (rising edge-triggered flip-flop clocked by clk)
  Endpoint: col_id_reg[10]
            (rising edge-triggered flip-flop clocked by clk)
  Path Group: clk
  Path Type: max

  Des/Clust/Port     Wire Load Model       Library
  ------------------------------------------------
  global_ctrl        ZeroWireload          tcbn40lpbwpwc_ccs

  Point                                    Incr       Path
  -----------------------------------------------------------
  clock clk (rise edge)                    0.00       0.00
  clock network delay (ideal)              0.00       0.00
  col_id_reg[0]/CP (DFCNQD1BWP)            0.00       0.00 r
  col_id_reg[0]/Q (DFCNQD1BWP)             0.38       0.38 r
  U276/ZN (INVD0BWP)                       0.05       0.43 f
  U278/ZN (NR2D0BWP)                       0.10       0.53 r
  U284/ZN (CKND2D0BWP)                     0.12       0.65 f
  U287/ZN (NR2D0BWP)                       0.12       0.77 r
  U288/ZN (CKND2D0BWP)                     0.12       0.90 f
  U301/ZN (NR2D0BWP)                       0.12       1.02 r
  U308/ZN (CKND2D0BWP)                     0.12       1.14 f
  U314/ZN (NR2D0BWP)                       0.12       1.27 r
  U316/ZN (CKND2D0BWP)                     0.12       1.39 f
  U319/ZN (NR2D0BWP)                       0.12       1.51 r
  U321/ZN (OAI21D0BWP)                     0.09       1.60 f
  U322/ZN (AOI21D0BWP)                     0.11       1.72 r
  col_id_reg[10]/D (DFCNQD1BWP)            0.00       1.72 r
  data arrival time                                   1.72

  clock clk (rise edge)                    9.50       9.50
  clock network delay (ideal)              0.00       9.50
  clock uncertainty                       -0.20       9.30
  col_id_reg[10]/CP (DFCNQD1BWP)           0.00       9.30 r
  library setup time                       0.03       9.33
  data required time                                  9.33
  -----------------------------------------------------------
  data required time                                  9.33
  data arrival time                                  -1.72
  -----------------------------------------------------------
  slack (MET)                                         7.61


1
redirect -tee -file rpt/${top_design_freq}/7_report_timing_hold.rpt {report_timing -delay_type min}
 
****************************************
Report : timing
        -path full
        -delay min
        -max_paths 1
Design : global_ctrl
Version: S-2021.06-SP1
Date   : Tue Apr 28 16:37:53 2026
****************************************

Operating Conditions: WCCOM   Library: tcbn40lpbwpwc_ccs
Wire Load Model Mode: segmented

  Startpoint: en_g (input port clocked by clk)
  Endpoint: en_g_d1_reg
            (rising edge-triggered flip-flop clocked by clk)
  Path Group: INPUTS
  Path Type: min

  Des/Clust/Port     Wire Load Model       Library
  ------------------------------------------------
  global_ctrl        ZeroWireload          tcbn40lpbwpwc_ccs

  Point                                    Incr       Path
  -----------------------------------------------------------
  clock clk (rise edge)                    0.00       0.00
  clock network delay (ideal)              0.00       0.00
  input external delay                     0.50       0.50 f
  en_g (in)                                0.00       0.50 f
  en_g_d1_reg/D (DFCNQD1BWP)               0.00       0.50 f
  data arrival time                                   0.50

  clock clk (rise edge)                    0.00       0.00
  clock network delay (ideal)              0.00       0.00
  clock uncertainty                        0.15       0.15
  en_g_d1_reg/CP (DFCNQD1BWP)              0.00       0.15 r
  library hold time                        0.09       0.24
  data required time                                  0.24
  -----------------------------------------------------------
  data required time                                  0.24
  data arrival time                                  -0.50
  -----------------------------------------------------------
  slack (MET)                                         0.26


  Startpoint: p_code_vld_bus_reg[0]
              (rising edge-triggered flip-flop clocked by clk)
  Endpoint: p_code_vld_bus[0]
            (output port clocked by clk)
  Path Group: OUTPUTS
  Path Type: min

  Des/Clust/Port     Wire Load Model       Library
  ------------------------------------------------
  global_ctrl        ZeroWireload          tcbn40lpbwpwc_ccs

  Point                                                   Incr       Path
  --------------------------------------------------------------------------
  clock clk (rise edge)                                   0.00       0.00
  clock network delay (ideal)                             0.00       0.00
  p_code_vld_bus_reg[0]/CP (DFCNQD1BWP)                   0.00       0.00 r
  p_code_vld_bus_reg[0]/Q (DFCNQD1BWP)                    0.29       0.29 r
  U163/ZN (INVD0BWP)                                      0.07       0.36 f
  U164/ZN (CKND6BWP)                                      0.21       0.57 r
  p_code_vld_bus[0] (out)                                 0.00       0.57 r
  data arrival time                                                  0.57

  clock clk (rise edge)                                   0.00       0.00
  clock network delay (ideal)                             0.00       0.00
  clock uncertainty                                       0.15       0.15
  output external delay                                  -0.50      -0.35
  data required time                                                -0.35
  --------------------------------------------------------------------------
  data required time                                                -0.35
  data arrival time                                                 -0.57
  --------------------------------------------------------------------------
  slack (MET)                                                        0.92


  Startpoint: dl_cur_state_d1_reg
              (rising edge-triggered flip-flop clocked by clk)
  Endpoint: dl_cur_state_d2_reg
            (rising edge-triggered flip-flop clocked by clk)
  Path Group: clk
  Path Type: min

  Des/Clust/Port     Wire Load Model       Library
  ------------------------------------------------
  global_ctrl        ZeroWireload          tcbn40lpbwpwc_ccs

  Point                                    Incr       Path
  -----------------------------------------------------------
  clock clk (rise edge)                    0.00       0.00
  clock network delay (ideal)              0.00       0.00
  dl_cur_state_d1_reg/CP (DFCNQD1BWP)      0.00       0.00 r
  dl_cur_state_d1_reg/Q (DFCNQD1BWP)       0.30       0.30 f
  dl_cur_state_d2_reg/D (DFCNQD1BWP)       0.00       0.30 f
  data arrival time                                   0.30

  clock clk (rise edge)                    0.00       0.00
  clock network delay (ideal)              0.00       0.00
  clock uncertainty                        0.15       0.15
  dl_cur_state_d2_reg/CP (DFCNQD1BWP)      0.00       0.15 r
  library hold time                        0.11       0.26
  data required time                                  0.26
  -----------------------------------------------------------
  data required time                                  0.26
  data arrival time                                  -0.30
  -----------------------------------------------------------
  slack (MET)                                         0.04


1
redirect -tee -file rpt/${top_design_freq}/8_report_path_group.rpt {report_path_group}
 
****************************************
Report : path_group
Design : global_ctrl
Version: S-2021.06-SP1
Date   : Tue Apr 28 16:37:53 2026
****************************************

                        Critical
Group Name    Weight    Range
--------------------------------------------------------------------------------
**default**   1.00      0.00                 
COMBO         1.00      1.00                 
INPUTS        1.00      1.00                 
OUTPUTS       1.00      1.00                 
clk           1.00      0.00                 

Path Group COMBO:
	-from    { clk\
		   rstn\
		   p_en\
		   en_g\
		   wr_data_in_g\
		   rd_vld_bus[7]\
		   rd_vld_bus[6]\
		   rd_vld_bus[5]\
		   rd_vld_bus[4]\
		   rd_vld_bus[3]\
		   rd_vld_bus[2]\
		   rd_vld_bus[1]\
		   rd_vld_bus[0]\
		   rd_data_out_bus[7]\
		   rd_data_out_bus[6]\
		   rd_data_out_bus[5]\
		   rd_data_out_bus[4]\
		   rd_data_out_bus[3]\
		   rd_data_out_bus[2]\
		   rd_data_out_bus[1]\
		   rd_data_out_bus[0]\
		   p_out_vld_bus[7]\
		   p_out_vld_bus[6]\
		   p_out_vld_bus[5]\
		   p_out_vld_bus[4]\
		   p_out_vld_bus[3]\
		   p_out_vld_bus[2]\
		   p_out_vld_bus[1]\
		   p_out_vld_bus[0]\
		   p_out_bus[7]\
		   p_out_bus[6]\
		   p_out_bus[5]\
		   p_out_bus[4]\
		   p_out_bus[3]\
		   p_out_bus[2]\
		   p_out_bus[1]\
		   p_out_bus[0] }\
	-to      { couple_en\
		   wr_data_in_g_d2\
		   rd_vld_g\
		   rd_data_out_g\
		   wr_vld_bus[7]\
		   wr_vld_bus[6]\
		   wr_vld_bus[5]\
		   wr_vld_bus[4]\
		   wr_vld_bus[3]\
		   wr_vld_bus[2]\
		   wr_vld_bus[1]\
		   wr_vld_bus[0]\
		   rd_rdy_bus[7]\
		   rd_rdy_bus[6]\
		   rd_rdy_bus[5]\
		   rd_rdy_bus[4]\
		   rd_rdy_bus[3]\
		   rd_rdy_bus[2]\
		   rd_rdy_bus[1]\
		   rd_rdy_bus[0]\
		   p_code_vld_bus[7]\
		   p_code_vld_bus[6]\
		   p_code_vld_bus[5]\
		   p_code_vld_bus[4]\
		   p_code_vld_bus[3]\
		   p_code_vld_bus[2]\
		   p_code_vld_bus[1]\
		   p_code_vld_bus[0]\
		   p_out_vld_g\
		   p_out_g }

Path Group INPUTS:
	-from    rstn
	-from    { clk\
		   p_en\
		   en_g\
		   wr_data_in_g\
		   rd_vld_bus[7]\
		   rd_vld_bus[6]\
		   rd_vld_bus[5]\
		   rd_vld_bus[4]\
		   rd_vld_bus[3]\
		   rd_vld_bus[2]\
		   rd_vld_bus[1]\
		   rd_vld_bus[0]\
		   rd_data_out_bus[7]\
		   rd_data_out_bus[6]\
		   rd_data_out_bus[5]\
		   rd_data_out_bus[4]\
		   rd_data_out_bus[3]\
		   rd_data_out_bus[2]\
		   rd_data_out_bus[1]\
		   rd_data_out_bus[0]\
		   p_out_vld_bus[7]\
		   p_out_vld_bus[6]\
		   p_out_vld_bus[5]\
		   p_out_vld_bus[4]\
		   p_out_vld_bus[3]\
		   p_out_vld_bus[2]\
		   p_out_vld_bus[1]\
		   p_out_vld_bus[0]\
		   p_out_bus[7]\
		   p_out_bus[6]\
		   p_out_bus[5]\
		   p_out_bus[4]\
		   p_out_bus[3]\
		   p_out_bus[2]\
		   p_out_bus[1]\
		   p_out_bus[0] }

Path Group OUTPUTS:
	-to      { couple_en\
		   wr_data_in_g_d2\
		   rd_vld_g\
		   rd_data_out_g\
		   wr_vld_bus[7]\
		   wr_vld_bus[6]\
		   wr_vld_bus[5]\
		   wr_vld_bus[4]\
		   wr_vld_bus[3]\
		   wr_vld_bus[2]\
		   wr_vld_bus[1]\
		   wr_vld_bus[0]\
		   rd_rdy_bus[7]\
		   rd_rdy_bus[6]\
		   rd_rdy_bus[5]\
		   rd_rdy_bus[4]\
		   rd_rdy_bus[3]\
		   rd_rdy_bus[2]\
		   rd_rdy_bus[1]\
		   rd_rdy_bus[0]\
		   p_code_vld_bus[7]\
		   p_code_vld_bus[6]\
		   p_code_vld_bus[5]\
		   p_code_vld_bus[4]\
		   p_code_vld_bus[3]\
		   p_code_vld_bus[2]\
		   p_code_vld_bus[1]\
		   p_code_vld_bus[0]\
		   p_out_vld_g\
		   p_out_g }

Path Group clk:
	-to      clk

1
redirect -tee -file rpt/${top_design_freq}/9_report_area.rpt {report_area}
 
****************************************
Report : area
Design : global_ctrl
Version: S-2021.06-SP1
Date   : Tue Apr 28 16:37:53 2026
****************************************

Library(s) Used:

    tcbn40lpbwpwc_ccs (File: /home/yingna/project/tsmcN40_1p9m/stdcell/TSMCHOME/digital/Front_End/timing_power_noise/CCS/tcbn40lpbwp_200a/tcbn40lpbwpwc_ccs.db)

Number of ports:                           67
Number of nets:                           342
Number of cells:                          305
Number of combinational cells:            229
Number of sequential cells:                76
Number of macros/black boxes:               0
Number of buf/inv:                         87
Number of references:                      26

Combinational area:                211.680004
Buf/Inv area:                       77.792401
Noncombinational area:             308.347197
Macro/Black Box area:                0.000000
Net Interconnect area:      undefined  (Wire load has zero net area)

Total cell area:                   520.027200
Total area:                 undefined
1
redirect -tee -file rpt/${top_design_freq}/10_report_clock.rpt {report_clock -skew -attr}; #This is for dc_shell-topo
 
****************************************
Report : clocks
Design : global_ctrl
Version: S-2021.06-SP1
Date   : Tue Apr 28 16:37:53 2026
****************************************

Attributes:
    d - dont_touch_network
    f - fix_hold
    p - propagated_clock
    G - generated_clock
    g - lib_generated_clock

Clock          Period   Waveform            Attrs     Sources
--------------------------------------------------------------------------------
clk              9.50   {0 4.75}            d         {clk}
--------------------------------------------------------------------------------
 
****************************************
Report : clock_skew
Design : global_ctrl
Version: S-2021.06-SP1
Date   : Tue Apr 28 16:37:53 2026
****************************************

                 Rise      Fall  Min Rise  Min fall        Uncertainty
Object          Delay     Delay     Delay     Delay     Plus      Minus
--------------------------------------------------------------------------------
clk                 -         -         -         -      0.15      0.20

                 Max Transition      Min Transition
Object           Rise      Fall      Rise      Fall
-------------------------------------------------------
clk              0.40      0.40      0.15      0.15
1
#Essential reports
report_area -hierarchy                                  > ./rpt/${top_design_freq}/${top_design_freq}.area
report_timing                                           > ./rpt/${top_design_freq}/${top_design_freq}.timing
report_power -hier                                      > ./rpt/${top_design_freq}/${top_design_freq}.power
report_constraint -all_violators                        > ./rpt/${top_design_freq}/${top_design_freq}.vio
# "tri" to "wire"
set verilogout_no_tri true
true
# bus[10] to bus_10_
define_name_rules lower_case_nets -allowed "a-z0-9_()[]" -type net
1
change_names -rules lower_case_nets -h
1
change_names -rules verilog -h
1
write -format verilog -hierarchy -output ./output/${top_design_freq}/${top_design_freq}_gate.v
Writing verilog file '/home/yingna/project/MBPM/main/syn/output/global_ctrl/global_ctrl_gate.v'.
1
write -format ddc -hierarchy -output ./ddc/${top_design_freq}.ddc
Writing ddc file './ddc/global_ctrl.ddc'.
1
write_sdc ./output/${top_design_freq}/${top_design_freq}.sdc
1
write_sdf ./output/${top_design_freq}/${top_design_freq}_gate.sdf_DC
Information: Annotated 'cell' delays are assumed to include load delay. (UID-282)
Information: Writing timing information to file '/home/yingna/project/MBPM/main/syn/output/global_ctrl/global_ctrl_gate.sdf_DC'. (WT-3)
Information: Updating design information... (UID-85)
1
set_svf ./output/${top_design_freq}/${top_design_freq}.svf
1
remove_design -designs
Removing design 'global_ctrl'
1
exit

Memory usage for this session 1408 Mbytes.
Memory usage for this session including child processes 1540 Mbytes.
CPU usage for this session 51 seconds ( 0.01 hours ).
Elapsed time for this session 44 seconds ( 0.01 hours ).

Thank you...
