
                           Design Compiler Graphical 
                                 DC Ultra (TM)
                                  DFTMAX (TM)
                              Power Compiler (TM)
                                 DesignWare (R)
                                 DC Expert (TM)
                               Design Vision (TM)
                               HDL Compiler (TM)
                               VHDL Compiler (TM)
                                  DFT Compiler
                               Design Compiler(R)

               Version S-2021.06-SP1 for linux64 - Jul 13, 2021 

                    Copyright (c) 1988 - 2021 Synopsys, Inc.
   This software and the associated documentation are proprietary to Synopsys,
 Inc. This software may only be used in accordance with the terms and conditions
 of a written license agreement with Synopsys, Inc. All other use, reproduction,
   or distribution of this software is strictly prohibited.  Licensed Products
     communicate with Synopsys servers for the purpose of providing software
    updates, detecting software piracy and verifying that customers are using
    Licensed Products in conformity with the applicable License Key for such
  Licensed Products. Synopsys will use information gathered in connection with
    this process to deliver software updates and pursue software pirates and
                                   infringers.

 Inclusivity & Diversity - Visit SolvNetPlus to read the "Synopsys Statement on
            Inclusivity and Diversity" (Refer to article 000036315 at
                        https://solvnetplus.synopsys.com)
Initializing...
Initializing gui preferences from file  /home/yingna/.synopsys_dc_gui/preferences.tcl
#16 is the max acceptable number of cores
set_host_options -max_cores 16
1
#set top design, in the following $top_design_freq will be replaced.
set top_design padframe
padframe
#set top design with settings
set top_design_freq padframe
padframe
#define the design library path
define_design_lib work -path ./work/${top_design_freq}
1
#set rtl file location relative path is also allowed. (this must include all instantiates in the top block) Also the following $rtl will be replaced by this path list.
set rtl [ list ./../verilog/rtl/padframe.v ]
./../verilog/rtl/padframe.v
#analyze the specified verilog source files and stores the design templates they define into the specified library.
redirect -tee -file rpt/${top_design_freq}/analyze.rpt {analyze -format sverilog $rtl}
Running PRESTO HDLC
Compiling source file ./../verilog/rtl/padframe.v
Presto compilation completed successfully.
Loading db file '/home/yingna/project/tsmcN40_1p9m/stdcell/TSMCHOME/digital/Front_End/timing_power_noise/CCS/tcbn40lpbwp_200a/tcbn40lpbwpwc_ccs.db'
Information: Using CCS timing libraries. (TIM-024)
Loading db file '/home/yingna/project/tsmcN40_1p9m/IO/tsmcN40_1p9m_IO/tpfn40lpgv2od3_130c/tpfn40lpgv2od3_120a_nldm/TSMCHOME/digital/Front_End/timing_power_noise/NLDM/tpfn40lpgv2od3_120a/tpfn40lpgv2od3wc.db'
Loading db file '/home/yingna/project/tsmcN40_1p9m/IO/tsmcN40_1p9m_IO/tpan40lpgv2od3_130a/tpan40lpgv2od3_120a_nldm/TSMCHOME/digital/Front_End/timing_power_noise/NLDM/tpan40lpgv2od3_120a/tpan40lpgv2od3wc.db'
Loading db file '/opt/synopsys-new/design-compiler/installed/libraries/syn/dw_foundation.sldb'
1
#build a design from the intermediate format of verilog module.
redirect -tee -file rpt/${top_design_freq}/elaborate.rpt {elaborate -architecture verilog $top_design}
Loading db file '/opt/synopsys-new/design-compiler/installed/libraries/syn/gtech.db'
Loading db file '/opt/synopsys-new/design-compiler/installed/libraries/syn/standard.sldb'
  Loading link library 'tcbn40lpbwpwc_ccs'
  Loading link library 'tpfn40lpgv2od3wc'
  Loading link library 'tpan40lpgv2od3wc'
  Loading link library 'gtech'
Running PRESTO HDLC
Presto compilation completed successfully. (padframe)
Elaborated 1 design.
Current design is now 'padframe'.
1
# #removes the multiply instantiated hierarchy in the current design by creating a unique design for each cell instance.
uniquify -force
1
#sets the current design
current_design $top_design
Current design is 'padframe'.
{padframe}
redirect -tee -file rpt/${top_design_freq}/0_link.rpt {link}

  Linking design 'padframe'
  Using the following designs and libraries:
  --------------------------------------------------------------------------
  padframe                    /home/yingna/project/MBPM/main/syn/padframe.db
  tcbn40lpbwpwc_ccs (library) /home/yingna/project/tsmcN40_1p9m/stdcell/TSMCHOME/digital/Front_End/timing_power_noise/CCS/tcbn40lpbwp_200a/tcbn40lpbwpwc_ccs.db
  tpfn40lpgv2od3wc (library)  /home/yingna/project/tsmcN40_1p9m/IO/tsmcN40_1p9m_IO/tpfn40lpgv2od3_130c/tpfn40lpgv2od3_120a_nldm/TSMCHOME/digital/Front_End/timing_power_noise/NLDM/tpfn40lpgv2od3_120a/tpfn40lpgv2od3wc.db
  tpan40lpgv2od3wc (library)  /home/yingna/project/tsmcN40_1p9m/IO/tsmcN40_1p9m_IO/tpan40lpgv2od3_130a/tpan40lpgv2od3_120a_nldm/TSMCHOME/digital/Front_End/timing_power_noise/NLDM/tpan40lpgv2od3_120a/tpan40lpgv2od3wc.db
  dw_foundation.sldb (library) /opt/synopsys-new/design-compiler/installed/libraries/syn/dw_foundation.sldb

1
redirect -tee -file rpt/${top_design_freq}/1_check_design.rpt {check_design}
1
#set_boundary_optimization $top_design_freq false
redirect -tee -file rpt/${top_design_freq}/5_compile.rpt {compile_ultra -no_autoungroup}
Information: Performing power optimization. (PWR-850)
Alib files are up-to-date.
Information: Running optimization using a maximum of 16 cores. (OPT-1500)
Warning: Setting attribute 'fix_multiple_port_nets' on design 'padframe'. (UIO-59)
Information: Evaluating DesignWare library utilization. (UISN-27)

============================================================================
| DesignWare Building Block Library  |         Version         | Available |
============================================================================
| Basic DW Building Blocks           | S-2021.06-DWBB_202106.1 |     *     |
| Licensed DW Building Blocks        | S-2021.06-DWBB_202106.1 |     *     |
============================================================================

Information: Sequential output inversion is enabled.  SVF file must be used for formal verification. (OPT-1208)
  Simplifying Design 'padframe'

Warning: The trip points for the library named tpfn40lpgv2od3wc differ from those in the library named tcbn40lpbwpwc_ccs. (TIM-164)
Warning: The trip points for the library named tpan40lpgv2od3wc differ from those in the library named tcbn40lpbwpwc_ccs. (TIM-164)
  Loading target library 'tpfn40lpgv2od3wc'
  Loading target library 'tpan40lpgv2od3wc'
Warning: IO pad 'PVSS3DGZ' is unusable: unknown logic function.  (OPT-1022)
Warning: IO pad 'PVSS2DGZ' is unusable: unknown logic function.  (OPT-1022)
Warning: IO pad 'PVSS2ANA' is unusable: unknown logic function.  (OPT-1022)
Warning: IO pad 'PVSS1DGZ' is unusable: unknown logic function.  (OPT-1022)
Warning: IO pad 'PVSS1ANA' is unusable: unknown logic function.  (OPT-1022)
Warning: IO pad 'PVDD2POC' is unusable: unknown logic function.  (OPT-1022)
Warning: IO pad 'PVDD2DGZ' is unusable: unknown logic function.  (OPT-1022)
Warning: IO pad 'PVDD2ANA' is unusable: unknown logic function.  (OPT-1022)
Warning: IO pad 'PVDD1DGZ' is unusable: unknown logic function.  (OPT-1022)
Warning: IO pad 'PVDD1ANA' is unusable: unknown logic function.  (OPT-1022)
Warning: IO pad 'PCLAMP2ANA' is unusable: unknown logic function.  (OPT-1022)
Warning: IO pad 'PCLAMP1ANA' is unusable: unknown logic function.  (OPT-1022)
Warning: IO pad 'PVSS3AC' is unusable: unknown logic function.  (OPT-1022)
Warning: IO pad 'PVSS3A' is unusable: unknown logic function.  (OPT-1022)
Warning: IO pad 'PVSS2AC' is unusable: unknown logic function.  (OPT-1022)
Warning: IO pad 'PVSS2A' is unusable: unknown logic function.  (OPT-1022)
Warning: IO pad 'PVDD3AC' is unusable: unknown logic function.  (OPT-1022)
Warning: IO pad 'PVDD3A' is unusable: unknown logic function.  (OPT-1022)
Warning: IO pad 'PVBUS' is unusable: unknown logic function.  (OPT-1022)
Warning: IO pad 'PDB3AC' is unusable: unknown logic function.  (OPT-1022)
Warning: IO pad 'PDB3A' is unusable: unknown logic function.  (OPT-1022)
Warning: IO pad 'PDB2AC' is unusable: unknown logic function.  (OPT-1022)
Warning: IO pad 'PDB2A' is unusable: unknown logic function.  (OPT-1022)
Warning: IO pad 'PDB1AC' is unusable: unknown logic function.  (OPT-1022)
Warning: IO pad 'PDB1A' is unusable: unknown logic function.  (OPT-1022)
Warning: IO pad 'PCLAMPAC' is unusable: unknown logic function.  (OPT-1022)
Warning: IO pad 'PCLAMPA' is unusable: unknown logic function.  (OPT-1022)
Loaded alib file './alib-52/tcbn40lpbwpwc_ccs.db.alib'
Loaded alib file './alib-52/tpfn40lpgv2od3wc.db.alib' (placeholder)
Loaded alib file './alib-52/tpan40lpgv2od3wc.db.alib' (placeholder)
Warning: Operating condition WCCOM set on design padframe has different process,
voltage and temperatures parameters than the parameters at which target library 
tpfn40lpgv2od3wc is characterized. Delays may be inaccurate as a result. (OPT-998)
Information: State dependent leakage is now switched from on to off.

  Beginning Pass 1 Mapping
  ------------------------
  Processing 'padframe'

  Updating timing information
Information: Updating design information... (UID-85)
Information: The library cell 'TIELBWP' in the library 'tcbn40lpbwpwc_ccs' is not characterized for internal power. (PWR-536)
Information: The library cell 'TIEHBWP' in the library 'tcbn40lpbwpwc_ccs' is not characterized for internal power. (PWR-536)
Information: The library cell 'PVSS3DGZ' in the library 'tpfn40lpgv2od3wc' is not characterized for internal power. (PWR-536)
Information: The library cell 'PVSS2DGZ' in the library 'tpfn40lpgv2od3wc' is not characterized for internal power. (PWR-536)
Information: The library cell 'PVSS2ANA' in the library 'tpfn40lpgv2od3wc' is not characterized for internal power. (PWR-536)
Information: The library cell 'PVSS1DGZ' in the library 'tpfn40lpgv2od3wc' is not characterized for internal power. (PWR-536)
Information: The library cell 'PVSS1ANA' in the library 'tpfn40lpgv2od3wc' is not characterized for internal power. (PWR-536)
Information: The library cell 'PVDD2POC' in the library 'tpfn40lpgv2od3wc' is not characterized for internal power. (PWR-536)
Information: The library cell 'PVDD2DGZ' in the library 'tpfn40lpgv2od3wc' is not characterized for internal power. (PWR-536)
Information: The library cell 'PVDD2ANA' in the library 'tpfn40lpgv2od3wc' is not characterized for internal power. (PWR-536)
Information: The library cell 'PVDD1DGZ' in the library 'tpfn40lpgv2od3wc' is not characterized for internal power. (PWR-536)
Information: The library cell 'PVDD1ANA' in the library 'tpfn40lpgv2od3wc' is not characterized for internal power. (PWR-536)
Information: The library cell 'PCLAMP2ANA' in the library 'tpfn40lpgv2od3wc' is not characterized for internal power. (PWR-536)
Information: The library cell 'PCLAMP1ANA' in the library 'tpfn40lpgv2od3wc' is not characterized for internal power. (PWR-536)
Information: The library cell 'PVSS3AC' in the library 'tpan40lpgv2od3wc' is not characterized for internal power. (PWR-536)
Information: The library cell 'PVSS3A' in the library 'tpan40lpgv2od3wc' is not characterized for internal power. (PWR-536)
Information: The library cell 'PVSS2AC' in the library 'tpan40lpgv2od3wc' is not characterized for internal power. (PWR-536)
Information: The library cell 'PVSS2A' in the library 'tpan40lpgv2od3wc' is not characterized for internal power. (PWR-536)
Information: The library cell 'PVDD3AC' in the library 'tpan40lpgv2od3wc' is not characterized for internal power. (PWR-536)
Information: The library cell 'PVDD3A' in the library 'tpan40lpgv2od3wc' is not characterized for internal power. (PWR-536)
Information: The library cell 'PVBUS' in the library 'tpan40lpgv2od3wc' is not characterized for internal power. (PWR-536)
Information: The library cell 'PDB3AC' in the library 'tpan40lpgv2od3wc' is not characterized for internal power. (PWR-536)
Information: The library cell 'PDB3A' in the library 'tpan40lpgv2od3wc' is not characterized for internal power. (PWR-536)
Information: The library cell 'PDB2AC' in the library 'tpan40lpgv2od3wc' is not characterized for internal power. (PWR-536)
Information: The library cell 'PDB2A' in the library 'tpan40lpgv2od3wc' is not characterized for internal power. (PWR-536)
Information: The library cell 'PDB1AC' in the library 'tpan40lpgv2od3wc' is not characterized for internal power. (PWR-536)
Information: The library cell 'PDB1A' in the library 'tpan40lpgv2od3wc' is not characterized for internal power. (PWR-536)
Information: The library cell 'PCLAMPAC' in the library 'tpan40lpgv2od3wc' is not characterized for internal power. (PWR-536)
Information: The library cell 'PCLAMPA' in the library 'tpan40lpgv2od3wc' is not characterized for internal power. (PWR-536)
Information: The target library(s) contains cell(s), other than black boxes, that are not characterized for internal power. (PWR-24)

  Beginning Mapping Optimizations  (Ultra High effort)
  -------------------------------

                                  TOTAL                                                
   ELAPSED            WORST NEG   SETUP    DESIGN                              LEAKAGE 
    TIME      AREA      SLACK     COST    RULE COST         ENDPOINT            POWER  
  --------- --------- --------- --------- --------- ------------------------- ---------
    0:00:11  552900.0      0.00       0.0       0.0                           2827.6384
    0:00:11  552900.0      0.00       0.0       0.0                           2827.6384

  Beginning Constant Register Removal
  -----------------------------------

  Beginning Global Optimizations
  ------------------------------
  Numerical Synthesis (Phase 1)
  Numerical Synthesis (Phase 2)
  Global Optimization (Phase 1)
  Global Optimization (Phase 2)
  Global Optimization (Phase 3)
  Global Optimization (Phase 4)
  Global Optimization (Phase 5)
  Global Optimization (Phase 6)
  Global Optimization (Phase 7)
  Global Optimization (Phase 8)
  Global Optimization (Phase 9)
  Global Optimization (Phase 10)
  Global Optimization (Phase 11)
  Global Optimization (Phase 12)
  Global Optimization (Phase 13)
  Global Optimization (Phase 14)
  Global Optimization (Phase 15)
  Global Optimization (Phase 16)
  Global Optimization (Phase 17)
  Global Optimization (Phase 18)
  Global Optimization (Phase 19)
  Global Optimization (Phase 20)
  Global Optimization (Phase 21)
  Global Optimization (Phase 22)
  Global Optimization (Phase 23)
  Global Optimization (Phase 24)
  Global Optimization (Phase 25)
  Global Optimization (Phase 26)
  Global Optimization (Phase 27)
  Global Optimization (Phase 28)

  Beginning Isolate Ports
  -----------------------

  Beginning Delay Optimization
  ----------------------------
    0:00:12  552900.0      0.00       0.0       0.0                           2827.6384
    0:00:12  552900.0      0.00       0.0       0.0                           2827.6384
    0:00:12  552900.0      0.00       0.0       0.0                           2827.6384
    0:00:13  552900.0      0.00       0.0       0.0                           2827.6384
    0:00:13  552900.0      0.00       0.0       0.0                           2827.6384
    0:00:13  552900.0      0.00       0.0       0.0                           2827.6384

  Beginning WLM Backend Optimization
  --------------------------------------
    0:00:13  552900.0      0.00       0.0       0.0                           2827.6384
    0:00:13  552900.0      0.00       0.0       0.0                           2827.6384
    0:00:13  552900.0      0.00       0.0       0.0                           2827.6384
    0:00:14  552900.0      0.00       0.0       0.0                           2827.6384
    0:00:14  552900.0      0.00       0.0       0.0                           2827.6384
    0:00:14  552900.0      0.00       0.0       0.0                           2827.6384
    0:00:14  552900.0      0.00       0.0       0.0                           2827.6384
    0:00:14  552900.0      0.00       0.0       0.0                           2827.6384
    0:00:14  552900.0      0.00       0.0       0.0                           2827.6384
    0:00:14  552900.0      0.00       0.0       0.0                           2827.6384
    0:00:14  552900.0      0.00       0.0       0.0                           2827.6384
    0:00:14  552900.0      0.00       0.0       0.0                           2827.6384
    0:00:14  552900.0      0.00       0.0       0.0                           2827.6384
    0:00:14  552900.0      0.00       0.0       0.0                           2827.6384
    0:00:14  552900.0      0.00       0.0       0.0                           2827.6384
    0:00:14  552900.0      0.00       0.0       0.0                           2827.6384
    0:00:14  552900.0      0.00       0.0       0.0                           2827.6384
    0:00:14  552900.0      0.00       0.0       0.0                           2827.6384
    0:00:14  552900.0      0.00       0.0       0.0                           2827.6384
    0:00:14  552900.0      0.00       0.0       0.0                           2827.6384
    0:00:14  552900.0      0.00       0.0       0.0                           2827.6384
    0:00:14  552900.0      0.00       0.0       0.0                           2827.6384
    0:00:14  552900.0      0.00       0.0       0.0                           2827.6384
    0:00:14  552900.0      0.00       0.0       0.0                           2827.6384


  Beginning Leakage Power Optimization  (max_leakage_power 0)
  ------------------------------------

                                  TOTAL                                                
   ELAPSED            WORST NEG   SETUP    DESIGN                              LEAKAGE 
    TIME      AREA      SLACK     COST    RULE COST         ENDPOINT            POWER  
  --------- --------- --------- --------- --------- ------------------------- ---------
    0:00:14  552900.0      0.00       0.0       0.0                           2827.6384
  Global Optimization (Phase 29)
  Global Optimization (Phase 30)
  Global Optimization (Phase 31)
  Global Optimization (Phase 32)
  Global Optimization (Phase 33)
  Global Optimization (Phase 34)
  Global Optimization (Phase 35)
  Global Optimization (Phase 36)
  Global Optimization (Phase 37)
  Global Optimization (Phase 38)
    0:00:14  552900.0      0.00       0.0       0.0                           2827.6384
    0:00:14  552900.0      0.00       0.0       0.0                           2827.6384
    0:00:14  552900.0      0.00       0.0       0.0                           2827.6384
    0:00:14  552900.0      0.00       0.0       0.0                           2827.6384
    0:00:14  552900.0      0.00       0.0       0.0                           2827.6384
    0:00:14  552900.0      0.00       0.0       0.0                           2827.6384
    0:00:14  552900.0      0.00       0.0       0.0                           2827.6384
    0:00:14  552900.0      0.00       0.0       0.0                           2827.6384
    0:00:14  552900.0      0.00       0.0       0.0                           2827.6384
    0:00:14  552900.0      0.00       0.0       0.0                           2827.6384
    0:00:14  552900.0      0.00       0.0       0.0                           2827.6384
    0:00:14  552900.0      0.00       0.0       0.0                           2827.6384
    0:00:14  552900.0      0.00       0.0       0.0                           2827.6384
    0:00:14  552900.0      0.00       0.0       0.0                           2827.6384
    0:00:14  552900.0      0.00       0.0       0.0                           2827.6384
    0:00:14  552900.0      0.00       0.0       0.0                           2827.6384
    0:00:14  552900.0      0.00       0.0       0.0                           2827.6384
    0:00:14  552900.0      0.00       0.0       0.0                           2827.6384
    0:00:14  552900.0      0.00       0.0       0.0                           2827.6384
    0:00:14  552900.0      0.00       0.0       0.0                           2827.6384
    0:00:14  552900.0      0.00       0.0       0.0                           2827.6384
    0:00:14  552900.0      0.00       0.0       0.0                           2827.6384

                                  TOTAL                                                
   ELAPSED            WORST NEG   SETUP    DESIGN                              LEAKAGE 
    TIME      AREA      SLACK     COST    RULE COST         ENDPOINT            POWER  
  --------- --------- --------- --------- --------- ------------------------- ---------
    0:00:14  552900.0      0.00       0.0       0.0                           2827.6384
    0:00:14  552900.0      0.00       0.0       0.0                           2827.6384
    0:00:15  552900.0      0.00       0.0       0.0                           2827.6384
    0:00:15  552900.0      0.00       0.0       0.0                           2827.6384
    0:00:15  552900.0      0.00       0.0       0.0                           2827.6384
    0:00:15  552900.0      0.00       0.0       0.0                           2827.6384
    0:00:15  552900.0      0.00       0.0       0.0                           2827.6384
    0:00:15  552900.0      0.00       0.0       0.0                           2827.6384
    0:00:15  552900.0      0.00       0.0       0.0                           2827.6384
    0:00:15  552900.0      0.00       0.0       0.0                           2827.6384
    0:00:15  552900.0      0.00       0.0       0.0                           2827.6384
Loading db file '/home/yingna/project/tsmcN40_1p9m/stdcell/TSMCHOME/digital/Front_End/timing_power_noise/CCS/tcbn40lpbwp_200a/tcbn40lpbwpwc_ccs.db'
Loading db file '/home/yingna/project/tsmcN40_1p9m/IO/tsmcN40_1p9m_IO/tpfn40lpgv2od3_130c/tpfn40lpgv2od3_120a_nldm/TSMCHOME/digital/Front_End/timing_power_noise/NLDM/tpfn40lpgv2od3_120a/tpfn40lpgv2od3wc.db'
Loading db file '/home/yingna/project/tsmcN40_1p9m/IO/tsmcN40_1p9m_IO/tpan40lpgv2od3_130a/tpan40lpgv2od3_120a_nldm/TSMCHOME/digital/Front_End/timing_power_noise/NLDM/tpan40lpgv2od3_120a/tpan40lpgv2od3wc.db'


Note: Symbol # after min delay cost means estimated hold TNS across all active scenarios 


  Optimization Complete
  ---------------------
  Loading target library 'tpfn40lpgv2od3wc'
  Loading target library 'tpan40lpgv2od3wc'
Warning: IO pad 'PVSS3DGZ' is unusable: unknown logic function.  (OPT-1022)
Warning: IO pad 'PVSS2DGZ' is unusable: unknown logic function.  (OPT-1022)
Warning: IO pad 'PVSS2ANA' is unusable: unknown logic function.  (OPT-1022)
Warning: IO pad 'PVSS1DGZ' is unusable: unknown logic function.  (OPT-1022)
Warning: IO pad 'PVSS1ANA' is unusable: unknown logic function.  (OPT-1022)
Warning: IO pad 'PVDD2POC' is unusable: unknown logic function.  (OPT-1022)
Warning: IO pad 'PVDD2DGZ' is unusable: unknown logic function.  (OPT-1022)
Warning: IO pad 'PVDD2ANA' is unusable: unknown logic function.  (OPT-1022)
Warning: IO pad 'PVDD1DGZ' is unusable: unknown logic function.  (OPT-1022)
Warning: IO pad 'PVDD1ANA' is unusable: unknown logic function.  (OPT-1022)
Warning: IO pad 'PCLAMP2ANA' is unusable: unknown logic function.  (OPT-1022)
Warning: IO pad 'PCLAMP1ANA' is unusable: unknown logic function.  (OPT-1022)
Warning: IO pad 'PVSS3AC' is unusable: unknown logic function.  (OPT-1022)
Warning: IO pad 'PVSS3A' is unusable: unknown logic function.  (OPT-1022)
Warning: IO pad 'PVSS2AC' is unusable: unknown logic function.  (OPT-1022)
Warning: IO pad 'PVSS2A' is unusable: unknown logic function.  (OPT-1022)
Warning: IO pad 'PVDD3AC' is unusable: unknown logic function.  (OPT-1022)
Warning: IO pad 'PVDD3A' is unusable: unknown logic function.  (OPT-1022)
Warning: IO pad 'PVBUS' is unusable: unknown logic function.  (OPT-1022)
Warning: IO pad 'PDB3AC' is unusable: unknown logic function.  (OPT-1022)
Warning: IO pad 'PDB3A' is unusable: unknown logic function.  (OPT-1022)
Warning: IO pad 'PDB2AC' is unusable: unknown logic function.  (OPT-1022)
Warning: IO pad 'PDB2A' is unusable: unknown logic function.  (OPT-1022)
Warning: IO pad 'PDB1AC' is unusable: unknown logic function.  (OPT-1022)
Warning: IO pad 'PDB1A' is unusable: unknown logic function.  (OPT-1022)
Warning: IO pad 'PCLAMPAC' is unusable: unknown logic function.  (OPT-1022)
Warning: IO pad 'PCLAMPA' is unusable: unknown logic function.  (OPT-1022)
Information: State dependent leakage is now switched from off to on.
Information: Propagating switching activity (low effort zero delay simulation). (PWR-6)
Warning: There is no defined clock in the design. (PWR-80)
Warning: Design has unannotated black box outputs. (PWR-428)
1
redirect -tee -file rpt/${top_design_freq}/6_report_constraint.rpt {report_constraint -all_violators}
Information: Updating design information... (UID-85)
 
****************************************
Report : constraint
        -all_violators
Design : padframe
Version: S-2021.06-SP1
Date   : Tue Apr 28 12:33:53 2026
****************************************


   max_leakage_power

                             Required        Actual
   Design                   Leakage Power  Leakage Power     Slack
   -----------------------------------------------------------------
   padframe                     0.00        2827.64       -2827.64  (VIOLATED)


1
#Essential reports
report_area -hierarchy                                  > ./rpt/${top_design_freq}/${top_design_freq}.area
report_timing                                           > ./rpt/${top_design_freq}/${top_design_freq}.timing
report_power -hier                                      > ./rpt/${top_design_freq}/${top_design_freq}.power
report_constraint -all_violators                        > ./rpt/${top_design_freq}/${top_design_freq}.vio
# "tri" to "wire"
set verilogout_no_tri true
true
# bus[10] to bus_10_
define_name_rules lower_case_nets -allowed "a-z0-9_()[]" -type net
1
change_names -rules lower_case_nets -h
1
change_names -rules verilog -h
1
write -format verilog -hierarchy -output ./output/${top_design_freq}/${top_design_freq}_gate.v
Writing verilog file '/home/yingna/project/MBPM/main/syn/output/padframe/padframe_gate.v'.
1
write -format ddc -hierarchy -output ./ddc/${top_design_freq}.ddc
Writing ddc file './ddc/padframe.ddc'.
1
write_sdc ./output/${top_design_freq}/${top_design_freq}.sdc
1
write_sdf ./output/${top_design_freq}/${top_design_freq}_gate.sdf_DC
Information: Annotated 'cell' delays are assumed to include load delay. (UID-282)
Information: Writing timing information to file '/home/yingna/project/MBPM/main/syn/output/padframe/padframe_gate.sdf_DC'. (WT-3)
Information: Updating design information... (UID-85)
1
set_svf ./output/${top_design_freq}/${top_design_freq}.svf
1
remove_design -designs
Removing design 'padframe'
1
exit

Memory usage for this session 1408 Mbytes.
Memory usage for this session including child processes 1515 Mbytes.
CPU usage for this session 39 seconds ( 0.01 hours ).
Elapsed time for this session 43 seconds ( 0.01 hours ).

Thank you...
