
Cadence Innovus(TM) Implementation System.
Copyright 2019 Cadence Design Systems, Inc. All rights reserved worldwide.

Version:	v19.12-s087_1, built Mon Nov 11 17:32:01 PST 2019
Options:	-log padframe.log 
Date:		Tue Apr 28 12:33:17 2026
Host:		pdk5 (x86_64 w/Linux 3.10.0-1160.102.1.el7.x86_64) (14cores*56cpus*Intel(R) Xeon(R) CPU E5-2697 v3 @ 2.60GHz 35840KB)
OS:		CentOS Linux release 7.9.2009 (Core)

License:
		invs	Innovus Implementation System	19.1	checkout succeeded
		8 CPU jobs allowed with the current license(s). Use setMultiCpuUsage to set your required CPU count.
Change the soft stacksize limit to 0.2%RAM (2062 mbytes). Set global soft_stack_size_limit to change the value.

**INFO:  MMMC transition support version v31-84 

<CMD> set_global _enable_mmmc_by_default_flow      $CTE::mmmc_default
<CMD> suppressMessage ENCEXT-2799
<CMD> getVersion
[INFO] Loading PVS  fill procedures
<CMD> win
<CMD> setMultiCpuUsage -localCpu 48
<CMD> set ::TimeLib::tsgMarkCellLatchConstructFlag 1
<CMD> set conf_qxconf_file NULL
<CMD> set conf_qxlib_file NULL
<CMD> set defHierChar /
<CMD> set distributed_client_message_echo 1
<CMD> set distributed_mmmc_disable_reports_auto_redirection 0
<CMD> set eco_post_client_restore_command {update_timing ; write_eco_opt_db ;}
<CMD> set enc_enable_print_mode_command_reset_options 1
<CMD> set init_gnd_net {VSS AVSS DVSS}
<CMD> set init_lef_file {  /home/yingna/project/tsmcN40_1p9m/stdcell/TSMCHOME/digital/Back_End/lef/tcbn40lpbwp_120c/lef/HVH_0d5_0/tcbn40lpbwp_9lm6X2ZRDL.lef  /home/yingna/project/tsmcN40_1p9m/IO/tsmcN40_1p9m_IO/tpfn40lpgv2od3_130c/tpfn40lpgv2od3_120a_sefu9lm/TSMCHOME/digital/Back_End/lef/tpfn40lpgv2od3_120a/mt_2/9lm/lef/tpfn40lpgv2od3_9lm.lef  /home/yingna/project/tsmcN40_1p9m/IO/tsmcN40_1p9m_IO/tpan40lpgv2od3_130a/tpan40lpgv2od3_120a_sefn8lm/TSMCHOME/digital/Back_End/lef/tpan40lpgv2od3_120a/mt/8lm/lef/tpan40lpgv2od3_8lm.lef  /home/yingna/project/tsmcN40_1p9m/IO/tsmcN40_1p9m_IO/tphn40lpgv2od3_sl_270a/tphn40lpgv2od3_sl_210a_sefu9lm/TSMCHOME/digital/Back_End/lef/tphn40lpgv2od3_sl_210a/mt_2/9lm/lef/tphn40lpgv2od3_sl_9lm.lef  /home/yingna/project/tsmcN40_1p9m/IO/tsmcN40_1p9m_Bond/tpbn45v_140a_sefwb9m6x2z/TSMCHOME/digital/Back_End/lef/tpbn45v_140a/wb/9m/9M_6X2Z/lef/tpbn45v_9lm.lef  /home/yingna/project/tsmcN40_1p9m/IO/tsmcN40_1p9m_Bond/tpbn45v_140a_sefcup9m6x2z/TSMCHOME/digital/Back_End/lef/tpbn45v_140a/cup/9m/9M_6X2Z/lef/tpbn45v_9lm.lef  }
<CMD> set init_mmmc_file enc_scripts/padframe/padframe_mmmc.view
<CMD> set init_pwr_net {H_VDD HDVDD VDD AVDD }
<CMD> set init_verilog ../syn/output/padframe/padframe_gate.v
<CMD> set init_io_file ./enc_scripts/padframe/padframe.io
<CMD> set latch_time_borrow_mode max_borrow
<CMD> set pegDefaultResScaleFactor 1
<CMD> set pegDetailResScaleFactor 1
<CMD> set report_inactive_arcs_format {from to when arc_type sense reason}
<CMD> set soft_stack_size_limit 515
<CMD> set tso_post_client_restore_command {update_timing ; write_eco_opt_db ;}
<CMD> init_design
#% Begin Load MMMC data ... (date=04/28 12:34:18, mem=484.1M)
#% End Load MMMC data ... (date=04/28 12:34:18, total cpu=0:00:00.0, real=0:00:00.0, peak res=484.3M, current mem=484.3M)
slow_rc fast_rc typ_rc

Loading LEF file /home/yingna/project/tsmcN40_1p9m/stdcell/TSMCHOME/digital/Back_End/lef/tcbn40lpbwp_120c/lef/HVH_0d5_0/tcbn40lpbwp_9lm6X2ZRDL.lef ...
Set DBUPerIGU to M2 pitch 280.

Loading LEF file /home/yingna/project/tsmcN40_1p9m/IO/tsmcN40_1p9m_IO/tpfn40lpgv2od3_130c/tpfn40lpgv2od3_120a_sefu9lm/TSMCHOME/digital/Back_End/lef/tpfn40lpgv2od3_120a/mt_2/9lm/lef/tpfn40lpgv2od3_9lm.lef ...
WARNING (LEFPARS-2001): No VERSION statement found, using the default value 5.8. See file /home/yingna/project/tsmcN40_1p9m/IO/tsmcN40_1p9m_IO/tpfn40lpgv2od3_130c/tpfn40lpgv2od3_120a_sefu9lm/TSMCHOME/digital/Back_End/lef/tpfn40lpgv2od3_120a/mt_2/9lm/lef/tpfn40lpgv2od3_9lm.lef at line 19933.

Loading LEF file /home/yingna/project/tsmcN40_1p9m/IO/tsmcN40_1p9m_IO/tpan40lpgv2od3_130a/tpan40lpgv2od3_120a_sefn8lm/TSMCHOME/digital/Back_End/lef/tpan40lpgv2od3_120a/mt/8lm/lef/tpan40lpgv2od3_8lm.lef ...
WARNING (LEFPARS-2001): No VERSION statement found, using the default value 5.8. See file /home/yingna/project/tsmcN40_1p9m/IO/tsmcN40_1p9m_IO/tpan40lpgv2od3_130a/tpan40lpgv2od3_120a_sefn8lm/TSMCHOME/digital/Back_End/lef/tpan40lpgv2od3_120a/mt/8lm/lef/tpan40lpgv2od3_8lm.lef at line 1432.

Loading LEF file /home/yingna/project/tsmcN40_1p9m/IO/tsmcN40_1p9m_IO/tphn40lpgv2od3_sl_270a/tphn40lpgv2od3_sl_210a_sefu9lm/TSMCHOME/digital/Back_End/lef/tphn40lpgv2od3_sl_210a/mt_2/9lm/lef/tphn40lpgv2od3_sl_9lm.lef ...
WARNING (LEFPARS-2001): No VERSION statement found, using the default value 5.8. See file /home/yingna/project/tsmcN40_1p9m/IO/tsmcN40_1p9m_IO/tphn40lpgv2od3_sl_270a/tphn40lpgv2od3_sl_210a_sefu9lm/TSMCHOME/digital/Back_End/lef/tphn40lpgv2od3_sl_210a/mt_2/9lm/lef/tphn40lpgv2od3_sl_9lm.lef at line 45816.

Loading LEF file /home/yingna/project/tsmcN40_1p9m/IO/tsmcN40_1p9m_Bond/tpbn45v_140a_sefwb9m6x2z/TSMCHOME/digital/Back_End/lef/tpbn45v_140a/wb/9m/9M_6X2Z/lef/tpbn45v_9lm.lef ...
WARNING (LEFPARS-2001): No VERSION statement found, using the default value 5.8. See file /home/yingna/project/tsmcN40_1p9m/IO/tsmcN40_1p9m_Bond/tpbn45v_140a_sefwb9m6x2z/TSMCHOME/digital/Back_End/lef/tpbn45v_140a/wb/9m/9M_6X2Z/lef/tpbn45v_9lm.lef at line 215.

Loading LEF file /home/yingna/project/tsmcN40_1p9m/IO/tsmcN40_1p9m_Bond/tpbn45v_140a_sefcup9m6x2z/TSMCHOME/digital/Back_End/lef/tpbn45v_140a/cup/9m/9M_6X2Z/lef/tpbn45v_9lm.lef ...
WARNING (LEFPARS-2001): No VERSION statement found, using the default value 5.8. See file /home/yingna/project/tsmcN40_1p9m/IO/tsmcN40_1p9m_Bond/tpbn45v_140a_sefcup9m6x2z/TSMCHOME/digital/Back_End/lef/tpbn45v_140a/cup/9m/9M_6X2Z/lef/tpbn45v_9lm.lef at line 335.
**WARN: (IMPLF-200):	Pin 'PAD' in macro 'PRUW16SDGZ_G' has no ANTENNAGATEAREA value defined. The library data is incomplete and some process antenna rules will not be checked correctly.
Type 'man IMPLF-200' for more detail.
**WARN: (IMPLF-200):	Pin 'PAD' in macro 'PRUW16DGZ_G' has no ANTENNAGATEAREA value defined. The library data is incomplete and some process antenna rules will not be checked correctly.
Type 'man IMPLF-200' for more detail.
**WARN: (IMPLF-200):	Pin 'PAD' in macro 'PRUW12SDGZ_G' has no ANTENNAGATEAREA value defined. The library data is incomplete and some process antenna rules will not be checked correctly.
Type 'man IMPLF-200' for more detail.
**WARN: (IMPLF-200):	Pin 'PAD' in macro 'PRUW12DGZ_G' has no ANTENNAGATEAREA value defined. The library data is incomplete and some process antenna rules will not be checked correctly.
Type 'man IMPLF-200' for more detail.
**WARN: (IMPLF-200):	Pin 'PAD' in macro 'PRUW08SDGZ_G' has no ANTENNAGATEAREA value defined. The library data is incomplete and some process antenna rules will not be checked correctly.
Type 'man IMPLF-200' for more detail.
**WARN: (IMPLF-200):	Pin 'PAD' in macro 'PRUW08DGZ_G' has no ANTENNAGATEAREA value defined. The library data is incomplete and some process antenna rules will not be checked correctly.
Type 'man IMPLF-200' for more detail.
**WARN: (IMPLF-200):	Pin 'PAD' in macro 'PRDW16SDGZ_G' has no ANTENNAGATEAREA value defined. The library data is incomplete and some process antenna rules will not be checked correctly.
Type 'man IMPLF-200' for more detail.
**WARN: (IMPLF-200):	Pin 'PAD' in macro 'PRDW16DGZ_G' has no ANTENNAGATEAREA value defined. The library data is incomplete and some process antenna rules will not be checked correctly.
Type 'man IMPLF-200' for more detail.
**WARN: (IMPLF-200):	Pin 'PAD' in macro 'PRDW12SDGZ_G' has no ANTENNAGATEAREA value defined. The library data is incomplete and some process antenna rules will not be checked correctly.
Type 'man IMPLF-200' for more detail.
**WARN: (IMPLF-200):	Pin 'PAD' in macro 'PRDW12DGZ_G' has no ANTENNAGATEAREA value defined. The library data is incomplete and some process antenna rules will not be checked correctly.
Type 'man IMPLF-200' for more detail.
**WARN: (IMPLF-200):	Pin 'PAD' in macro 'PRDW08SDGZ_G' has no ANTENNAGATEAREA value defined. The library data is incomplete and some process antenna rules will not be checked correctly.
Type 'man IMPLF-200' for more detail.
**WARN: (IMPLF-200):	Pin 'PAD' in macro 'PRDW08DGZ_G' has no ANTENNAGATEAREA value defined. The library data is incomplete and some process antenna rules will not be checked correctly.
Type 'man IMPLF-200' for more detail.
**WARN: (IMPLF-200):	Pin 'PAD' in macro 'PDUW16SDGZ_G' has no ANTENNAGATEAREA value defined. The library data is incomplete and some process antenna rules will not be checked correctly.
Type 'man IMPLF-200' for more detail.
**WARN: (IMPLF-200):	Pin 'PAD' in macro 'PDUW16DGZ_G' has no ANTENNAGATEAREA value defined. The library data is incomplete and some process antenna rules will not be checked correctly.
Type 'man IMPLF-200' for more detail.
**WARN: (IMPLF-200):	Pin 'PAD' in macro 'PDUW12SDGZ_G' has no ANTENNAGATEAREA value defined. The library data is incomplete and some process antenna rules will not be checked correctly.
Type 'man IMPLF-200' for more detail.
**WARN: (IMPLF-200):	Pin 'PAD' in macro 'PDUW12DGZ_G' has no ANTENNAGATEAREA value defined. The library data is incomplete and some process antenna rules will not be checked correctly.
Type 'man IMPLF-200' for more detail.
**WARN: (IMPLF-200):	Pin 'PAD' in macro 'PDUW08SDGZ_G' has no ANTENNAGATEAREA value defined. The library data is incomplete and some process antenna rules will not be checked correctly.
Type 'man IMPLF-200' for more detail.
**WARN: (IMPLF-200):	Pin 'PAD' in macro 'PDUW08DGZ_G' has no ANTENNAGATEAREA value defined. The library data is incomplete and some process antenna rules will not be checked correctly.
Type 'man IMPLF-200' for more detail.
**WARN: (IMPLF-200):	Pin 'PAD' in macro 'PDUW04SDGZ_G' has no ANTENNAGATEAREA value defined. The library data is incomplete and some process antenna rules will not be checked correctly.
Type 'man IMPLF-200' for more detail.
**WARN: (IMPLF-200):	Pin 'PAD' in macro 'PDUW04DGZ_G' has no ANTENNAGATEAREA value defined. The library data is incomplete and some process antenna rules will not be checked correctly.
Type 'man IMPLF-200' for more detail.
**WARN: (EMS-27):	Message (IMPLF-200) has exceeded the current message display limit of 20.
To increase the message display limit, refer to the product command reference manual.
**WARN: (IMPLF-201):	Pin 'AVSS' in macro 'PVSS3AC' has no ANTENNADIFFAREA value defined. The library data is incomplete and some process antenna rules will not be checked correctly.
Type 'man IMPLF-201' for more detail.
**WARN: (IMPLF-201):	Pin 'AVSS' in macro 'PVSS3A' has no ANTENNADIFFAREA value defined. The library data is incomplete and some process antenna rules will not be checked correctly.
Type 'man IMPLF-201' for more detail.
**WARN: (IMPLF-201):	Pin 'VSS' in macro 'PVSS2AC' has no ANTENNADIFFAREA value defined. The library data is incomplete and some process antenna rules will not be checked correctly.
Type 'man IMPLF-201' for more detail.
**WARN: (IMPLF-201):	Pin 'VSS' in macro 'PVSS2A' has no ANTENNADIFFAREA value defined. The library data is incomplete and some process antenna rules will not be checked correctly.
Type 'man IMPLF-201' for more detail.
**WARN: (IMPLF-201):	Pin 'TACVDD' in macro 'PVDD3AC' has no ANTENNADIFFAREA value defined. The library data is incomplete and some process antenna rules will not be checked correctly.
Type 'man IMPLF-201' for more detail.
**WARN: (IMPLF-201):	Pin 'AVDD' in macro 'PVDD3AC' has no ANTENNADIFFAREA value defined. The library data is incomplete and some process antenna rules will not be checked correctly.
Type 'man IMPLF-201' for more detail.
**WARN: (IMPLF-201):	Pin 'TAVDD' in macro 'PVDD3A' has no ANTENNADIFFAREA value defined. The library data is incomplete and some process antenna rules will not be checked correctly.
Type 'man IMPLF-201' for more detail.
**WARN: (IMPLF-201):	Pin 'AVDD' in macro 'PVDD3A' has no ANTENNADIFFAREA value defined. The library data is incomplete and some process antenna rules will not be checked correctly.
Type 'man IMPLF-201' for more detail.
**WARN: (IMPLF-201):	Pin 'VBUS' in macro 'PVBUS' has no ANTENNADIFFAREA value defined. The library data is incomplete and some process antenna rules will not be checked correctly.
Type 'man IMPLF-201' for more detail.
**WARN: (IMPLF-201):	Pin 'AIO' in macro 'PDB3AC' has no ANTENNADIFFAREA value defined. The library data is incomplete and some process antenna rules will not be checked correctly.
Type 'man IMPLF-201' for more detail.
**WARN: (IMPLF-201):	Pin 'AIO' in macro 'PDB3A' has no ANTENNADIFFAREA value defined. The library data is incomplete and some process antenna rules will not be checked correctly.
Type 'man IMPLF-201' for more detail.
**WARN: (IMPLF-201):	Pin 'AIO' in macro 'PDB2AC' has no ANTENNADIFFAREA value defined. The library data is incomplete and some process antenna rules will not be checked correctly.
Type 'man IMPLF-201' for more detail.
**WARN: (IMPLF-201):	Pin 'AIO' in macro 'PDB2A' has no ANTENNADIFFAREA value defined. The library data is incomplete and some process antenna rules will not be checked correctly.
Type 'man IMPLF-201' for more detail.
**WARN: (IMPLF-201):	Pin 'AIO' in macro 'PDB1AC' has no ANTENNADIFFAREA value defined. The library data is incomplete and some process antenna rules will not be checked correctly.
Type 'man IMPLF-201' for more detail.
**WARN: (IMPLF-201):	Pin 'AIO' in macro 'PDB1A' has no ANTENNADIFFAREA value defined. The library data is incomplete and some process antenna rules will not be checked correctly.
Type 'man IMPLF-201' for more detail.
**WARN: (IMPLF-201):	Pin 'VSSESD' in macro 'PCLAMPAC' has no ANTENNADIFFAREA value defined. The library data is incomplete and some process antenna rules will not be checked correctly.
Type 'man IMPLF-201' for more detail.
**WARN: (IMPLF-201):	Pin 'VDDESD' in macro 'PCLAMPAC' has no ANTENNADIFFAREA value defined. The library data is incomplete and some process antenna rules will not be checked correctly.
Type 'man IMPLF-201' for more detail.
**WARN: (IMPLF-201):	Pin 'VSSESD' in macro 'PCLAMPA' has no ANTENNADIFFAREA value defined. The library data is incomplete and some process antenna rules will not be checked correctly.
Type 'man IMPLF-201' for more detail.
**WARN: (IMPLF-201):	Pin 'VDDESD' in macro 'PCLAMPA' has no ANTENNADIFFAREA value defined. The library data is incomplete and some process antenna rules will not be checked correctly.
Type 'man IMPLF-201' for more detail.
**WARN: (IMPLF-201):	Pin 'VSSPST' in macro 'PVSS2DGZ' has no ANTENNADIFFAREA value defined. The library data is incomplete and some process antenna rules will not be checked correctly.
Type 'man IMPLF-201' for more detail.
**WARN: (EMS-27):	Message (IMPLF-201) has exceeded the current message display limit of 20.
To increase the message display limit, refer to the product command reference manual.

viaInitial starts at Tue Apr 28 12:34:18 2026
viaInitial ends at Tue Apr 28 12:34:18 2026

##  Check design process and node:  
##  Both design process and tech node are not set.

Loading view definition file from enc_scripts/padframe/padframe_mmmc.view
Starting library reading in 'Multi-threaded flow' (with '32' threads)
Reading fast timing library /home/yingna/project/tsmcN40_1p9m/stdcell/TSMCHOME/digital/Front_End/timing_power_noise/CCS/tcbn40lpbwp_200a/tcbn40lpbwpbc_ccs.lib.
Read 836 cells in library tcbn40lpbwpbc_ccs.
Reading fast timing library /home/zhongqi/project/tsmcN40_1p9m/tsmcN40_1p9m_IO/tphn40lpgv2od3_sl_270a/tphn40lpgv2od3_sl_210b_nldm/TSMCHOME/digital/Front_End/timing_power_noise/NLDM/tphn40lpgv2od3_sl_210b/tphn40lpgv2od3_slbc.lib.
**WARN: (TECHLIB-302):	No function defined for cell 'PVSS3DGZ_G'. The cell will only be used for analysis. (File /home/zhongqi/project/tsmcN40_1p9m/tsmcN40_1p9m_IO/tphn40lpgv2od3_sl_270a/tphn40lpgv2od3_sl_210b_nldm/TSMCHOME/digital/Front_End/timing_power_noise/NLDM/tphn40lpgv2od3_sl_210b/tphn40lpgv2od3_slbc.lib)
**WARN: (TECHLIB-302):	No function defined for cell 'PVSS3AC_G'. The cell will only be used for analysis. (File /home/zhongqi/project/tsmcN40_1p9m/tsmcN40_1p9m_IO/tphn40lpgv2od3_sl_270a/tphn40lpgv2od3_sl_210b_nldm/TSMCHOME/digital/Front_End/timing_power_noise/NLDM/tphn40lpgv2od3_sl_210b/tphn40lpgv2od3_slbc.lib)
**WARN: (TECHLIB-302):	No function defined for cell 'PVSS3A_G'. The cell will only be used for analysis. (File /home/zhongqi/project/tsmcN40_1p9m/tsmcN40_1p9m_IO/tphn40lpgv2od3_sl_270a/tphn40lpgv2od3_sl_210b_nldm/TSMCHOME/digital/Front_End/timing_power_noise/NLDM/tphn40lpgv2od3_sl_210b/tphn40lpgv2od3_slbc.lib)
**WARN: (TECHLIB-302):	No function defined for cell 'PVSS2DGZ_G'. The cell will only be used for analysis. (File /home/zhongqi/project/tsmcN40_1p9m/tsmcN40_1p9m_IO/tphn40lpgv2od3_sl_270a/tphn40lpgv2od3_sl_210b_nldm/TSMCHOME/digital/Front_End/timing_power_noise/NLDM/tphn40lpgv2od3_sl_210b/tphn40lpgv2od3_slbc.lib)
**WARN: (TECHLIB-302):	No function defined for cell 'PVSS2ANA_G'. The cell will only be used for analysis. (File /home/zhongqi/project/tsmcN40_1p9m/tsmcN40_1p9m_IO/tphn40lpgv2od3_sl_270a/tphn40lpgv2od3_sl_210b_nldm/TSMCHOME/digital/Front_End/timing_power_noise/NLDM/tphn40lpgv2od3_sl_210b/tphn40lpgv2od3_slbc.lib)
**WARN: (TECHLIB-302):	No function defined for cell 'PVSS2AC_G'. The cell will only be used for analysis. (File /home/zhongqi/project/tsmcN40_1p9m/tsmcN40_1p9m_IO/tphn40lpgv2od3_sl_270a/tphn40lpgv2od3_sl_210b_nldm/TSMCHOME/digital/Front_End/timing_power_noise/NLDM/tphn40lpgv2od3_sl_210b/tphn40lpgv2od3_slbc.lib)
**WARN: (TECHLIB-302):	No function defined for cell 'PVSS2A_G'. The cell will only be used for analysis. (File /home/zhongqi/project/tsmcN40_1p9m/tsmcN40_1p9m_IO/tphn40lpgv2od3_sl_270a/tphn40lpgv2od3_sl_210b_nldm/TSMCHOME/digital/Front_End/timing_power_noise/NLDM/tphn40lpgv2od3_sl_210b/tphn40lpgv2od3_slbc.lib)
**WARN: (TECHLIB-302):	No function defined for cell 'PVSS1DGZ_G'. The cell will only be used for analysis. (File /home/zhongqi/project/tsmcN40_1p9m/tsmcN40_1p9m_IO/tphn40lpgv2od3_sl_270a/tphn40lpgv2od3_sl_210b_nldm/TSMCHOME/digital/Front_End/timing_power_noise/NLDM/tphn40lpgv2od3_sl_210b/tphn40lpgv2od3_slbc.lib)
**WARN: (TECHLIB-302):	No function defined for cell 'PVSS1ANA_G'. The cell will only be used for analysis. (File /home/zhongqi/project/tsmcN40_1p9m/tsmcN40_1p9m_IO/tphn40lpgv2od3_sl_270a/tphn40lpgv2od3_sl_210b_nldm/TSMCHOME/digital/Front_End/timing_power_noise/NLDM/tphn40lpgv2od3_sl_210b/tphn40lpgv2od3_slbc.lib)
**WARN: (TECHLIB-302):	No function defined for cell 'PVDD3AC_G'. The cell will only be used for analysis. (File /home/zhongqi/project/tsmcN40_1p9m/tsmcN40_1p9m_IO/tphn40lpgv2od3_sl_270a/tphn40lpgv2od3_sl_210b_nldm/TSMCHOME/digital/Front_End/timing_power_noise/NLDM/tphn40lpgv2od3_sl_210b/tphn40lpgv2od3_slbc.lib)
**WARN: (TECHLIB-302):	No function defined for cell 'PVDD3A_G'. The cell will only be used for analysis. (File /home/zhongqi/project/tsmcN40_1p9m/tsmcN40_1p9m_IO/tphn40lpgv2od3_sl_270a/tphn40lpgv2od3_sl_210b_nldm/TSMCHOME/digital/Front_End/timing_power_noise/NLDM/tphn40lpgv2od3_sl_210b/tphn40lpgv2od3_slbc.lib)
**WARN: (TECHLIB-302):	No function defined for cell 'PVDD2POC_G'. The cell will only be used for analysis. (File /home/zhongqi/project/tsmcN40_1p9m/tsmcN40_1p9m_IO/tphn40lpgv2od3_sl_270a/tphn40lpgv2od3_sl_210b_nldm/TSMCHOME/digital/Front_End/timing_power_noise/NLDM/tphn40lpgv2od3_sl_210b/tphn40lpgv2od3_slbc.lib)
**WARN: (TECHLIB-302):	No function defined for cell 'PVDD2DGZ_G'. The cell will only be used for analysis. (File /home/zhongqi/project/tsmcN40_1p9m/tsmcN40_1p9m_IO/tphn40lpgv2od3_sl_270a/tphn40lpgv2od3_sl_210b_nldm/TSMCHOME/digital/Front_End/timing_power_noise/NLDM/tphn40lpgv2od3_sl_210b/tphn40lpgv2od3_slbc.lib)
**WARN: (TECHLIB-302):	No function defined for cell 'PVDD2ANA_G'. The cell will only be used for analysis. (File /home/zhongqi/project/tsmcN40_1p9m/tsmcN40_1p9m_IO/tphn40lpgv2od3_sl_270a/tphn40lpgv2od3_sl_210b_nldm/TSMCHOME/digital/Front_End/timing_power_noise/NLDM/tphn40lpgv2od3_sl_210b/tphn40lpgv2od3_slbc.lib)
**WARN: (TECHLIB-302):	No function defined for cell 'PVDD1DGZ_G'. The cell will only be used for analysis. (File /home/zhongqi/project/tsmcN40_1p9m/tsmcN40_1p9m_IO/tphn40lpgv2od3_sl_270a/tphn40lpgv2od3_sl_210b_nldm/TSMCHOME/digital/Front_End/timing_power_noise/NLDM/tphn40lpgv2od3_sl_210b/tphn40lpgv2od3_slbc.lib)
**WARN: (TECHLIB-302):	No function defined for cell 'PVDD1ANA_G'. The cell will only be used for analysis. (File /home/zhongqi/project/tsmcN40_1p9m/tsmcN40_1p9m_IO/tphn40lpgv2od3_sl_270a/tphn40lpgv2od3_sl_210b_nldm/TSMCHOME/digital/Front_End/timing_power_noise/NLDM/tphn40lpgv2od3_sl_210b/tphn40lpgv2od3_slbc.lib)
**WARN: (TECHLIB-302):	No function defined for cell 'PVBUS_G'. The cell will only be used for analysis. (File /home/zhongqi/project/tsmcN40_1p9m/tsmcN40_1p9m_IO/tphn40lpgv2od3_sl_270a/tphn40lpgv2od3_sl_210b_nldm/TSMCHOME/digital/Front_End/timing_power_noise/NLDM/tphn40lpgv2od3_sl_210b/tphn40lpgv2od3_slbc.lib)
**WARN: (TECHLIB-302):	No function defined for cell 'PRCUTA_G'. The cell will only be used for analysis. (File /home/zhongqi/project/tsmcN40_1p9m/tsmcN40_1p9m_IO/tphn40lpgv2od3_sl_270a/tphn40lpgv2od3_sl_210b_nldm/TSMCHOME/digital/Front_End/timing_power_noise/NLDM/tphn40lpgv2od3_sl_210b/tphn40lpgv2od3_slbc.lib)
**WARN: (TECHLIB-302):	No function defined for cell 'PRCUT_G'. The cell will only be used for analysis. (File /home/zhongqi/project/tsmcN40_1p9m/tsmcN40_1p9m_IO/tphn40lpgv2od3_sl_270a/tphn40lpgv2od3_sl_210b_nldm/TSMCHOME/digital/Front_End/timing_power_noise/NLDM/tphn40lpgv2od3_sl_210b/tphn40lpgv2od3_slbc.lib)
**WARN: (TECHLIB-302):	No function defined for cell 'PENDCAPA_G'. The cell will only be used for analysis. (File /home/zhongqi/project/tsmcN40_1p9m/tsmcN40_1p9m_IO/tphn40lpgv2od3_sl_270a/tphn40lpgv2od3_sl_210b_nldm/TSMCHOME/digital/Front_End/timing_power_noise/NLDM/tphn40lpgv2od3_sl_210b/tphn40lpgv2od3_slbc.lib)
Message <TECHLIB-302> has exceeded the message display limit of '20'. Use 'set_message -no_limit -id list_of_msgIDs' to reset the message limit.
Read 58 cells in library tphn40lpgv2od3_slbc.
Reading fast timing library /home/zhongqi/project/tsmcN40_1p9m/tsmcN40_1p9m_IO/tpfn40lpgv2od3_130c/tpfn40lpgv2od3_120a_nldm/TSMCHOME/digital/Front_End/timing_power_noise/NLDM/tpfn40lpgv2od3_120a/tpfn40lpgv2od3bc.lib.
Read 127 cells in library tpfn40lpgv2od3bc.
Reading fast timing library /home/zhongqi/project/tsmcN40_1p9m/tsmcN40_1p9m_IO/tpan40lpgv2od3_130a/tpan40lpgv2od3_120a_nldm/TSMCHOME/digital/Front_End/timing_power_noise/NLDM/tpan40lpgv2od3_120a/tpan40lpgv2od3bc.lib.
Read 16 cells in library tpan40lpgv2od3bc.
Library reading multithread flow ended.
*** End library_loading (cpu=4.58min, real=0.17min, mem=132.0M, fe_cpu=4.94min, fe_real=1.18min, fe_mem=917.7M) ***
#% Begin Load netlist data ... (date=04/28 12:34:28, mem=542.5M)
*** Begin netlist parsing (mem=917.7M) ***
Pin 'VSS' of cell 'PVSS3DGZ' is declared as power/ground in LEF but as signal in timing library.  Treat it as power/ground.
Pin 'VSS' of cell 'PVSS1DGZ' is declared as power/ground in LEF but as signal in timing library.  Treat it as power/ground.
Pin 'VDD' of cell 'PVDD1DGZ' is declared as power/ground in LEF but as signal in timing library.  Treat it as power/ground.
Created 1037 new cells from 4 timing libraries.
Reading netlist ...
Backslashed names will retain backslash and a trailing blank character.
Reading verilog netlist '../syn/output/padframe/padframe_gate.v'

*** Memory Usage v#1 (Current mem = 917.723M, initial mem = 281.805M) ***
*** End netlist parsing (cpu=0:00:00.0, real=0:00:00.0, mem=917.7M) ***
#% End Load netlist data ... (date=04/28 12:34:28, total cpu=0:00:00.0, real=0:00:00.0, peak res=563.8M, current mem=563.8M)
Top level cell is padframe.
**WARN: (IMPTS-282):	Cell 'PRT24DGZ' is not a level shifter cell but has 'input_signal_level' and 'output_signal_level' specified on pins, or it has different related_power_pin specified on input and output pins. To mark this cell as level shifter, use 'is_level_shifter' attribute.
Type 'man IMPTS-282' for more detail.
**WARN: (IMPTS-282):	Cell 'PRT16DGZ' is not a level shifter cell but has 'input_signal_level' and 'output_signal_level' specified on pins, or it has different related_power_pin specified on input and output pins. To mark this cell as level shifter, use 'is_level_shifter' attribute.
Type 'man IMPTS-282' for more detail.
**WARN: (IMPTS-282):	Cell 'PRT12DGZ' is not a level shifter cell but has 'input_signal_level' and 'output_signal_level' specified on pins, or it has different related_power_pin specified on input and output pins. To mark this cell as level shifter, use 'is_level_shifter' attribute.
Type 'man IMPTS-282' for more detail.
**WARN: (IMPTS-282):	Cell 'PRT08DGZ' is not a level shifter cell but has 'input_signal_level' and 'output_signal_level' specified on pins, or it has different related_power_pin specified on input and output pins. To mark this cell as level shifter, use 'is_level_shifter' attribute.
Type 'man IMPTS-282' for more detail.
**WARN: (IMPTS-282):	Cell 'PRO24CDG' is not a level shifter cell but has 'input_signal_level' and 'output_signal_level' specified on pins, or it has different related_power_pin specified on input and output pins. To mark this cell as level shifter, use 'is_level_shifter' attribute.
Type 'man IMPTS-282' for more detail.
**WARN: (IMPTS-282):	Cell 'PRO16CDG' is not a level shifter cell but has 'input_signal_level' and 'output_signal_level' specified on pins, or it has different related_power_pin specified on input and output pins. To mark this cell as level shifter, use 'is_level_shifter' attribute.
Type 'man IMPTS-282' for more detail.
**WARN: (IMPTS-282):	Cell 'PRO12CDG' is not a level shifter cell but has 'input_signal_level' and 'output_signal_level' specified on pins, or it has different related_power_pin specified on input and output pins. To mark this cell as level shifter, use 'is_level_shifter' attribute.
Type 'man IMPTS-282' for more detail.
**WARN: (IMPTS-282):	Cell 'PRO08CDG' is not a level shifter cell but has 'input_signal_level' and 'output_signal_level' specified on pins, or it has different related_power_pin specified on input and output pins. To mark this cell as level shifter, use 'is_level_shifter' attribute.
Type 'man IMPTS-282' for more detail.
**WARN: (IMPTS-282):	Cell 'PDUWDGZ' is not a level shifter cell but has 'input_signal_level' and 'output_signal_level' specified on pins, or it has different related_power_pin specified on input and output pins. To mark this cell as level shifter, use 'is_level_shifter' attribute.
Type 'man IMPTS-282' for more detail.
**WARN: (IMPTS-282):	Cell 'PDUSDGZ' is not a level shifter cell but has 'input_signal_level' and 'output_signal_level' specified on pins, or it has different related_power_pin specified on input and output pins. To mark this cell as level shifter, use 'is_level_shifter' attribute.
Type 'man IMPTS-282' for more detail.
**WARN: (IMPTS-282):	Cell 'PDUDGZ' is not a level shifter cell but has 'input_signal_level' and 'output_signal_level' specified on pins, or it has different related_power_pin specified on input and output pins. To mark this cell as level shifter, use 'is_level_shifter' attribute.
Type 'man IMPTS-282' for more detail.
**WARN: (IMPTS-282):	Cell 'PDT24DGZ' is not a level shifter cell but has 'input_signal_level' and 'output_signal_level' specified on pins, or it has different related_power_pin specified on input and output pins. To mark this cell as level shifter, use 'is_level_shifter' attribute.
Type 'man IMPTS-282' for more detail.
**WARN: (IMPTS-282):	Cell 'PDT16DGZ' is not a level shifter cell but has 'input_signal_level' and 'output_signal_level' specified on pins, or it has different related_power_pin specified on input and output pins. To mark this cell as level shifter, use 'is_level_shifter' attribute.
Type 'man IMPTS-282' for more detail.
**WARN: (IMPTS-282):	Cell 'PDT12DGZ' is not a level shifter cell but has 'input_signal_level' and 'output_signal_level' specified on pins, or it has different related_power_pin specified on input and output pins. To mark this cell as level shifter, use 'is_level_shifter' attribute.
Type 'man IMPTS-282' for more detail.
**WARN: (IMPTS-282):	Cell 'PDT08DGZ' is not a level shifter cell but has 'input_signal_level' and 'output_signal_level' specified on pins, or it has different related_power_pin specified on input and output pins. To mark this cell as level shifter, use 'is_level_shifter' attribute.
Type 'man IMPTS-282' for more detail.
**WARN: (IMPTS-282):	Cell 'PDT04DGZ' is not a level shifter cell but has 'input_signal_level' and 'output_signal_level' specified on pins, or it has different related_power_pin specified on input and output pins. To mark this cell as level shifter, use 'is_level_shifter' attribute.
Type 'man IMPTS-282' for more detail.
**WARN: (IMPTS-282):	Cell 'PDT02DGZ' is not a level shifter cell but has 'input_signal_level' and 'output_signal_level' specified on pins, or it has different related_power_pin specified on input and output pins. To mark this cell as level shifter, use 'is_level_shifter' attribute.
Type 'man IMPTS-282' for more detail.
**WARN: (IMPTS-282):	Cell 'PDO24CDG' is not a level shifter cell but has 'input_signal_level' and 'output_signal_level' specified on pins, or it has different related_power_pin specified on input and output pins. To mark this cell as level shifter, use 'is_level_shifter' attribute.
Type 'man IMPTS-282' for more detail.
**WARN: (IMPTS-282):	Cell 'PDO16CDG' is not a level shifter cell but has 'input_signal_level' and 'output_signal_level' specified on pins, or it has different related_power_pin specified on input and output pins. To mark this cell as level shifter, use 'is_level_shifter' attribute.
Type 'man IMPTS-282' for more detail.
**WARN: (IMPTS-282):	Cell 'PDO12CDG' is not a level shifter cell but has 'input_signal_level' and 'output_signal_level' specified on pins, or it has different related_power_pin specified on input and output pins. To mark this cell as level shifter, use 'is_level_shifter' attribute.
Type 'man IMPTS-282' for more detail.
**WARN: (EMS-27):	Message (IMPTS-282) has exceeded the current message display limit of 20.
To increase the message display limit, refer to the product command reference manual.
Hooked 1037 DB cells to tlib cells.
Starting recursive module instantiation check.
No recursion found.
Building hierarchical netlist for Cell padframe ...
*** Netlist is unique.
** info: there are 1117 modules.
** info: there are 0 stdCell insts.
** info: there are 67 Pad insts.

*** Memory Usage v#1 (Current mem = 938.723M, initial mem = 281.805M) ***
Reading IO assignment file "./enc_scripts/padframe/padframe.io" ...
**WARN: (IMPFP-4008):	The ring number '1' is specified at sides ' top  left  bottom  right ' , so all IO pads defined in this ring honor margins for these sides to calculate the location.
Type 'man IMPFP-4008' for more detail.
Adjusting Core to Left to: 0.1200. Core to Bottom to: 0.1200.
**WARN: (IMPFP-3961):	The techSite 'corner' has no related standard cells in LEF/OA library. Cannot make calculations for this site type unless standard cell models of this type exist in the LEF/OA library. If the SITE is not used by the library you can ignore this warning or remove the SITE definition from the LEF/OA to avoid this message.
Type 'man IMPFP-3961' for more detail.
**WARN: (IMPFP-3961):	The techSite 'pad' has no related standard cells in LEF/OA library. Cannot make calculations for this site type unless standard cell models of this type exist in the LEF/OA library. If the SITE is not used by the library you can ignore this warning or remove the SITE definition from the LEF/OA to avoid this message.
Type 'man IMPFP-3961' for more detail.
**WARN: (IMPFP-3961):	The techSite 'gabcore' has no related standard cells in LEF/OA library. Cannot make calculations for this site type unless standard cell models of this type exist in the LEF/OA library. If the SITE is not used by the library you can ignore this warning or remove the SITE definition from the LEF/OA to avoid this message.
Type 'man IMPFP-3961' for more detail.
**WARN: (IMPFP-3961):	The techSite 'dcore' has no related standard cells in LEF/OA library. Cannot make calculations for this site type unless standard cell models of this type exist in the LEF/OA library. If the SITE is not used by the library you can ignore this warning or remove the SITE definition from the LEF/OA to avoid this message.
Type 'man IMPFP-3961' for more detail.
**WARN: (IMPFP-3961):	The techSite 'ccore' has no related standard cells in LEF/OA library. Cannot make calculations for this site type unless standard cell models of this type exist in the LEF/OA library. If the SITE is not used by the library you can ignore this warning or remove the SITE definition from the LEF/OA to avoid this message.
Type 'man IMPFP-3961' for more detail.
**WARN: (IMPFP-3961):	The techSite 'bcoreExt' has no related standard cells in LEF/OA library. Cannot make calculations for this site type unless standard cell models of this type exist in the LEF/OA library. If the SITE is not used by the library you can ignore this warning or remove the SITE definition from the LEF/OA to avoid this message.
Type 'man IMPFP-3961' for more detail.
Generated pitch 0.84 in M9 is different from 0.8 defined in technology file in preferred direction.
Generated pitch 0.84 in M8 is different from 0.8 defined in technology file in preferred direction.
Set Default Net Delay as 1000 ps.
Set Default Net Load as 0.5 pF. 
Set Default Input Pin Transition as 0.1 ps.
Extraction setup Started 
Initializing multi-corner RC extraction with 3 active RC Corners ...
Captable file(s) not specified in multi-corner setup. PreRoute extraction will use technology file. For postRoute extraction, default value for effort level would be 'medium' and effort level 'low' would not be allowed.
Generating auto layer map file.
Importing multi-corner technology file(s) for preRoute extraction...
/home_pdk5/jchen/tsmcN40_1p9m/2ndtry/pdk_install_finished/util/tn40clsp004v1_2_0b/T-N40-CL-SP-004-V1_v2.0b/RC_QRC_cln40lp_1p9m_6x2z_alrdl_5corners_2.0a1/RC_QRC_cln40lp_1p09m+alrdl_6x2z_rcworst/qrcTechFile
Generating auto layer map file.

/home_pdk5/jchen/tsmcN40_1p9m/2ndtry/pdk_install_finished/util/tn40clsp004v1_2_0b/T-N40-CL-SP-004-V1_v2.0b/RC_QRC_cln40lp_1p9m_6x2z_alrdl_5corners_2.0a1/RC_QRC_cln40lp_1p09m+alrdl_6x2z_typical/qrcTechFile
Generating auto layer map file.

/home_pdk5/jchen/tsmcN40_1p9m/2ndtry/pdk_install_finished/util/tn40clsp004v1_2_0b/T-N40-CL-SP-004-V1_v2.0b/RC_QRC_cln40lp_1p9m_6x2z_alrdl_5corners_2.0a1/RC_QRC_cln40lp_1p09m+alrdl_6x2z_rcbest/qrcTechFile
Generating auto layer map file.

Completed (cpu: 0:00:05.9 real: 0:00:04.0)
Set Shrink Factor to 0.90000 (from technology file)
Summary of Active RC-Corners : 
 
 Analysis View: fast_analysis
    RC-Corner Name        : fast_rc
    RC-Corner Index       : 0
    RC-Corner Temperature : 0 Celsius
    RC-Corner Cap Table   : ''
    RC-Corner PreRoute Res Factor         : 1
    RC-Corner PreRoute Cap Factor         : 1
    RC-Corner PostRoute Res Factor        : 1 {1 1 1}
    RC-Corner PostRoute Cap Factor        : 1 {1 1 1}
    RC-Corner PostRoute XCap Factor       : 1 {1 1 1}
    RC-Corner PreRoute Clock Res Factor   : 1	[Derived from postRoute_res (effortLevel low)]
    RC-Corner PreRoute Clock Cap Factor   : 1	[Derived from postRoute_cap (effortLevel low)]
    RC-Corner PostRoute Clock Cap Factor  : 1 {1 1 1} 	[Derived from postRoute_cap (effortLevel low)]
    RC-Corner PostRoute Clock Res Factor  : 1 {1 1 1} 	[Derived from postRoute_res (effortLevel low)]
    RC-Corner Technology file: '/home_pdk5/jchen/tsmcN40_1p9m/2ndtry/pdk_install_finished/util/tn40clsp004v1_2_0b/T-N40-CL-SP-004-V1_v2.0b/RC_QRC_cln40lp_1p9m_6x2z_alrdl_5corners_2.0a1/RC_QRC_cln40lp_1p09m+alrdl_6x2z_rcbest/qrcTechFile'
 
 Analysis View: typ_analysis
    RC-Corner Name        : typ_rc
    RC-Corner Index       : 1
    RC-Corner Temperature : 25 Celsius
    RC-Corner Cap Table   : ''
    RC-Corner PreRoute Res Factor         : 1
    RC-Corner PreRoute Cap Factor         : 1
    RC-Corner PostRoute Res Factor        : 1 {1 1 1}
    RC-Corner PostRoute Cap Factor        : 1 {1 1 1}
    RC-Corner PostRoute XCap Factor       : 1 {1 1 1}
    RC-Corner PreRoute Clock Res Factor   : 1	[Derived from postRoute_res (effortLevel low)]
    RC-Corner PreRoute Clock Cap Factor   : 1	[Derived from postRoute_cap (effortLevel low)]
    RC-Corner PostRoute Clock Cap Factor  : 1 {1 1 1} 	[Derived from postRoute_cap (effortLevel low)]
    RC-Corner PostRoute Clock Res Factor  : 1 {1 1 1} 	[Derived from postRoute_res (effortLevel low)]
    RC-Corner Technology file: '/home_pdk5/jchen/tsmcN40_1p9m/2ndtry/pdk_install_finished/util/tn40clsp004v1_2_0b/T-N40-CL-SP-004-V1_v2.0b/RC_QRC_cln40lp_1p9m_6x2z_alrdl_5corners_2.0a1/RC_QRC_cln40lp_1p09m+alrdl_6x2z_typical/qrcTechFile'
 
 Analysis View: slow_analysis
    RC-Corner Name        : slow_rc
    RC-Corner Index       : 2
    RC-Corner Temperature : 125 Celsius
    RC-Corner Cap Table   : ''
    RC-Corner PreRoute Res Factor         : 1
    RC-Corner PreRoute Cap Factor         : 1
    RC-Corner PostRoute Res Factor        : 1 {1 1 1}
    RC-Corner PostRoute Cap Factor        : 1 {1 1 1}
    RC-Corner PostRoute XCap Factor       : 1 {1 1 1}
    RC-Corner PreRoute Clock Res Factor   : 1	[Derived from postRoute_res (effortLevel low)]
    RC-Corner PreRoute Clock Cap Factor   : 1	[Derived from postRoute_cap (effortLevel low)]
    RC-Corner PostRoute Clock Cap Factor  : 1 {1 1 1} 	[Derived from postRoute_cap (effortLevel low)]
    RC-Corner PostRoute Clock Res Factor  : 1 {1 1 1} 	[Derived from postRoute_res (effortLevel low)]
    RC-Corner Technology file: '/home_pdk5/jchen/tsmcN40_1p9m/2ndtry/pdk_install_finished/util/tn40clsp004v1_2_0b/T-N40-CL-SP-004-V1_v2.0b/RC_QRC_cln40lp_1p9m_6x2z_alrdl_5corners_2.0a1/RC_QRC_cln40lp_1p09m+alrdl_6x2z_rcworst/qrcTechFile'
Updating RC grid for preRoute extraction ...
Initializing multi-corner resistance tables ...
Default value for postRoute extraction mode's effortLevel (-effortLevel option of setExtractRCMode) changed to 'medium'.
*Info: initialize multi-corner CTS.
Starting library reading in 'Multi-threaded flow' (with '32' threads)
Reading typical timing library /home/yingna/project/tsmcN40_1p9m/stdcell/TSMCHOME/digital/Front_End/timing_power_noise/CCS/tcbn40lpbwp_200a/tcbn40lpbwptc_ccs.lib.
Read 836 cells in library tcbn40lpbwptc_ccs.
Reading typical timing library /home/zhongqi/project/tsmcN40_1p9m/tsmcN40_1p9m_IO/tphn40lpgv2od3_sl_270a/tphn40lpgv2od3_sl_210b_nldm/TSMCHOME/digital/Front_End/timing_power_noise/NLDM/tphn40lpgv2od3_sl_210b/tphn40lpgv2od3_sltc.lib.
Read 58 cells in library tphn40lpgv2od3_sltc.
Reading typical timing library /home/zhongqi/project/tsmcN40_1p9m/tsmcN40_1p9m_IO/tpfn40lpgv2od3_130c/tpfn40lpgv2od3_120a_nldm/TSMCHOME/digital/Front_End/timing_power_noise/NLDM/tpfn40lpgv2od3_120a/tpfn40lpgv2od3tc.lib.
Read 127 cells in library tpfn40lpgv2od3tc.
Reading typical timing library /home/zhongqi/project/tsmcN40_1p9m/tsmcN40_1p9m_IO/tpan40lpgv2od3_130a/tpan40lpgv2od3_120a_nldm/TSMCHOME/digital/Front_End/timing_power_noise/NLDM/tpan40lpgv2od3_120a/tpan40lpgv2od3tc.lib.
Read 16 cells in library tpan40lpgv2od3tc.
Library reading multithread flow ended.
Starting library reading in 'Multi-threaded flow' (with '32' threads)
Reading slow timing library /home/yingna/project/tsmcN40_1p9m/stdcell/TSMCHOME/digital/Front_End/timing_power_noise/CCS/tcbn40lpbwp_200a/tcbn40lpbwpwc_ccs.lib.
Read 836 cells in library tcbn40lpbwpwc_ccs.
Reading slow timing library /home/zhongqi/project/tsmcN40_1p9m/tsmcN40_1p9m_IO/tphn40lpgv2od3_sl_270a/tphn40lpgv2od3_sl_210b_nldm/TSMCHOME/digital/Front_End/timing_power_noise/NLDM/tphn40lpgv2od3_sl_210b/tphn40lpgv2od3_slwc.lib.
Read 58 cells in library tphn40lpgv2od3_slwc.
Reading slow timing library /home/zhongqi/project/tsmcN40_1p9m/tsmcN40_1p9m_IO/tpfn40lpgv2od3_130c/tpfn40lpgv2od3_120a_nldm/TSMCHOME/digital/Front_End/timing_power_noise/NLDM/tpfn40lpgv2od3_120a/tpfn40lpgv2od3wc.lib.
Read 127 cells in library tpfn40lpgv2od3wc.
Reading slow timing library /home/zhongqi/project/tsmcN40_1p9m/tsmcN40_1p9m_IO/tpan40lpgv2od3_130a/tpan40lpgv2od3_120a_nldm/TSMCHOME/digital/Front_End/timing_power_noise/NLDM/tpan40lpgv2od3_120a/tpan40lpgv2od3wc.lib.
Read 16 cells in library tpan40lpgv2od3wc.
Library reading multithread flow ended.
Reading timing constraints file '../syn/output/padframe/padframe.sdc' ...
Current (total cpu=0:13:59, real=0:01:36, peak res=1429.1M, current mem=965.4M)
**WARN: (TCLCMD-1461):	Skipped unsupported command: set_units (File ../syn/output/padframe/padframe.sdc, Line 8).

INFO (CTE): Reading of timing constraints file ../syn/output/padframe/padframe.sdc completed, with 1 WARNING
Ending "Constraint file reading stats" (total cpu=0:00:00.1, real=0:00:00.0, peak res=965.9M, current mem=965.9M)
Current (total cpu=0:13:59, real=0:01:36, peak res=1429.1M, current mem=965.9M)
Total number of combinational cells: 522
Total number of sequential cells: 303
Total number of tristate cells: 11
Total number of level shifter cells: 0
Total number of power gating cells: 0
Total number of isolation cells: 0
Total number of power switch cells: 0
Total number of pulse generator cells: 0
Total number of always on buffers: 0
Total number of retention cells: 0
List of usable buffers: BUFFD1BWP BUFFD0BWP BUFFD12BWP BUFFD16BWP BUFFD2BWP BUFFD3BWP BUFFD4BWP BUFFD6BWP BUFFD8BWP CKBD1BWP CKBD0BWP CKBD12BWP CKBD16BWP CKBD2BWP CKBD3BWP CKBD4BWP CKBD6BWP CKBD8BWP DCCKBD12BWP DCCKBD16BWP DCCKBD4BWP DCCKBD8BWP DEL025D1BWP
Total number of usable buffers: 23
List of unusable buffers: BUFFD20BWP BUFFD24BWP CKBD20BWP CKBD24BWP DCCKBD20BWP GBUFFD1BWP GBUFFD3BWP GBUFFD2BWP GBUFFD4BWP GBUFFD8BWP
Total number of unusable buffers: 10
List of usable inverters: CKND1BWP CKND0BWP CKND12BWP CKND16BWP CKND2BWP CKND3BWP CKND4BWP CKND6BWP CKND8BWP DCCKND12BWP DCCKND16BWP DCCKND4BWP DCCKND8BWP INVD1BWP INVD0BWP INVD12BWP INVD16BWP INVD2BWP INVD3BWP INVD4BWP INVD6BWP INVD8BWP
Total number of usable inverters: 22
List of unusable inverters: CKND20BWP CKND24BWP DCCKND20BWP GINVD2BWP GINVD1BWP GINVD4BWP GINVD3BWP GINVD8BWP INVD20BWP INVD24BWP
Total number of unusable inverters: 10
List of identified usable delay cells: DEL050D1BWP DEL075D1BWP DEL100D1BWP DEL125D1BWP DEL175D1BWP DEL150D1BWP DEL1D1BWP DEL1P5D1BWP DEL225D1BWP DEL200D1BWP DEL250D1BWP DEL2D1BWP DEL500D1BWP
Total number of identified usable delay cells: 13
List of identified unusable delay cells:
Total number of identified unusable delay cells: 0

*** Summary of all messages that are not suppressed in this session:
Severity  ID               Count  Summary                                  
WARNING   IMPLF-200          370  Pin '%s' in macro '%s' has no ANTENNAGAT...
WARNING   IMPLF-201          230  Pin '%s' in macro '%s' has no ANTENNADIF...
WARNING   IMPFP-3961           6  The techSite '%s' has no related standar...
WARNING   IMPFP-4008           1  The ring number '%d' is specified at sid...
WARNING   IMPTS-282           90  Cell '%s' is not a level shifter cell bu...
WARNING   TCLCMD-1461          1  Skipped unsupported command: %s          
WARNING   TECHLIB-302        213  No function defined for cell '%s'. The c...
*** Message Summary: 911 warning(s), 0 error(s)

<CMD> floorPlan -site core -b 0 0 710 3250 190 190 310 2850 400 400 410 410 -noSnapToGrid
**WARN: (IMPFP-3961):	The techSite 'corner' has no related standard cells in LEF/OA library. Cannot make calculations for this site type unless standard cell models of this type exist in the LEF/OA library. If the SITE is not used by the library you can ignore this warning or remove the SITE definition from the LEF/OA to avoid this message.
Type 'man IMPFP-3961' for more detail.
**WARN: (IMPFP-3961):	The techSite 'pad' has no related standard cells in LEF/OA library. Cannot make calculations for this site type unless standard cell models of this type exist in the LEF/OA library. If the SITE is not used by the library you can ignore this warning or remove the SITE definition from the LEF/OA to avoid this message.
Type 'man IMPFP-3961' for more detail.
**WARN: (IMPFP-3961):	The techSite 'gabcore' has no related standard cells in LEF/OA library. Cannot make calculations for this site type unless standard cell models of this type exist in the LEF/OA library. If the SITE is not used by the library you can ignore this warning or remove the SITE definition from the LEF/OA to avoid this message.
Type 'man IMPFP-3961' for more detail.
**WARN: (IMPFP-3961):	The techSite 'dcore' has no related standard cells in LEF/OA library. Cannot make calculations for this site type unless standard cell models of this type exist in the LEF/OA library. If the SITE is not used by the library you can ignore this warning or remove the SITE definition from the LEF/OA to avoid this message.
Type 'man IMPFP-3961' for more detail.
**WARN: (IMPFP-3961):	The techSite 'ccore' has no related standard cells in LEF/OA library. Cannot make calculations for this site type unless standard cell models of this type exist in the LEF/OA library. If the SITE is not used by the library you can ignore this warning or remove the SITE definition from the LEF/OA to avoid this message.
Type 'man IMPFP-3961' for more detail.
**WARN: (IMPFP-3961):	The techSite 'bcoreExt' has no related standard cells in LEF/OA library. Cannot make calculations for this site type unless standard cell models of this type exist in the LEF/OA library. If the SITE is not used by the library you can ignore this warning or remove the SITE definition from the LEF/OA to avoid this message.
Type 'man IMPFP-3961' for more detail.
Generated pitch 0.84 in M9 is different from 0.8 defined in technology file in preferred direction.
Generated pitch 0.84 in M8 is different from 0.8 defined in technology file in preferred direction.
**WARN: (IMPFP-325):	Floorplan of the design is resized. All current floorplan objects are automatically derived based on specified new floorplan. This may change blocks, fixed standard cells, existing routes and blockages.
<CMD> setDesignMode -process 40
##  Process: 40            (User Set)               
##     Node: (not set)                           

##  Check design process and node:  
##  Design tech node is not set.

Applying the recommended capacitance filtering threshold values for 40nm process node: total_c_th=0, relative_c_th=1 and coupling_c_th=0.1.
	These values will be used by all post-route extraction engines, including TQuantus, IQuantus and Quantus QRC extraction.
	Capacitance filtering mode(-capFilterMode option of the setExtractRCMode) is 'relAndCoup' for all engines.
	The accuracy mode for postRoute effortLevel low extraction will be set to 'high'.
	Default value for EffortLevel(-effortLevel option of the setExtractRCMode) in postRoute extraction mode is 'medium'.
<CMD> addIoFiller -cell {PFILLER20 PFILLER10 PFILLER5 PFILLER1} -prefix filler_top_digi -side left -from 190.0 -to 2965.0
Added 47 of filler cell 'PFILLER20' on left side.
Added 44 of filler cell 'PFILLER10' on left side.
Added 1 of filler cell 'PFILLER5' on left side.
Added 0 of filler cell 'PFILLER1' on left side.
<CMD> addIoFiller -cell {PFILLER20A PFILLER10A PFILLER5A PFILLER1A} -prefix filler_top_ana -side left -from 2955.0 -to 3060.0
Added 2 of filler cell 'PFILLER20A' on left side.
Added 0 of filler cell 'PFILLER10A' on left side.
Added 1 of filler cell 'PFILLER5A' on left side.
Added 0 of filler cell 'PFILLER1A' on left side.
<CMD> addIoFiller -cell {PFILLER20A PFILLER10A PFILLER5A PFILLER1A} -prefix filler_right_ana -side top
Added 7 of filler cell 'PFILLER20A' on top side.
Added 0 of filler cell 'PFILLER10A' on top side.
Added 2 of filler cell 'PFILLER5A' on top side.
Added 0 of filler cell 'PFILLER1A' on top side.
<CMD> addIoFiller -cell {PFILLER20A PFILLER10A PFILLER5A PFILLER1A} -prefix filler_bot_ana -side right
Added 13 of filler cell 'PFILLER20A' on right side.
Added 2 of filler cell 'PFILLER10A' on right side.
Added 2 of filler cell 'PFILLER5A' on right side.
Added 0 of filler cell 'PFILLER1A' on right side.
<CMD> addIoFiller -cell {PFILLER20 PFILLER10 PFILLER5 PFILLER1} -prefix filler_top_digi -side bottom -from 190.0 -to 275.0
Added 2 of filler cell 'PFILLER20' on bottom side.
Added 1 of filler cell 'PFILLER10' on bottom side.
Added 1 of filler cell 'PFILLER5' on bottom side.
Added 0 of filler cell 'PFILLER1' on bottom side.
<CMD> addIoFiller -cell {PFILLER20A PFILLER10A PFILLER5A PFILLER1A} -prefix filler_top_ana -side bottom -from 305.0 -to 520.0
Added 4 of filler cell 'PFILLER20A' on bottom side.
Added 1 of filler cell 'PFILLER10A' on bottom side.
Added 1 of filler cell 'PFILLER5A' on bottom side.
Added 0 of filler cell 'PFILLER1A' on bottom side.
<CMD> addInst PAD60NU -physical -inst CUP_io_tst_us_sel_2_2
<CMD> placeInstance CUP_io_tst_us_sel_2_2 0 215.0 R270
<CMD> addInst PAD60NU -physical -inst CUP_io_tst_us_sel_2_1
<CMD> placeInstance CUP_io_tst_us_sel_2_1 0 275.0 R270
<CMD> addInst PAD60NU -physical -inst CUP_io_tst_us_sel_2_0
<CMD> placeInstance CUP_io_tst_us_sel_2_0 0 335.0 R270
<CMD> addInst PAD60NU -physical -inst CUP_io_tst_us_sel_1_3
<CMD> placeInstance CUP_io_tst_us_sel_1_3 0 395.0 R270
<CMD> addInst PAD60NU -physical -inst CUP_io_tst_us_sel_1_2
<CMD> placeInstance CUP_io_tst_us_sel_1_2 0 455.0 R270
<CMD> addInst PAD60NU -physical -inst CUP_io_tst_us_sel_1_1
<CMD> placeInstance CUP_io_tst_us_sel_1_1 0 515.0 R270
<CMD> addInst PAD60NU -physical -inst CUP_io_tst_us_sel_1_0
<CMD> placeInstance CUP_io_tst_us_sel_1_0 0 575.0 R270
<CMD> addInst PAD60NU -physical -inst CUP_io_tst_us_sel_0_3
<CMD> placeInstance CUP_io_tst_us_sel_0_3 0 635.0 R270
<CMD> addInst PAD60NU -physical -inst CUP_io_tst_us_sel_0_2
<CMD> placeInstance CUP_io_tst_us_sel_0_2 0 695.0 R270
<CMD> addInst PAD60NU -physical -inst CUP_io_tst_us_sel_0_1
<CMD> placeInstance CUP_io_tst_us_sel_0_1 0 755.0 R270
<CMD> addInst PAD60NU -physical -inst CUP_io_tst_us_sel_0_0
<CMD> placeInstance CUP_io_tst_us_sel_0_0 0 815.0 R270
<CMD> addInst PAD60NU -physical -inst CUP_io_POC
<CMD> placeInstance CUP_io_POC 0 875.0 R270
<CMD> addInst PAD60NU -physical -inst CUP_io_HVDD0
<CMD> placeInstance CUP_io_HVDD0 0 935.0 R270
<CMD> addInst PAD60NU -physical -inst CUP_io_HVSS0
<CMD> placeInstance CUP_io_HVSS0 0 995.0 R270
<CMD> addInst PAD60NU -physical -inst CUP_io_HDVDD0
<CMD> placeInstance CUP_io_HDVDD0 0 1055.0 R270
<CMD> addInst PAD60NU -physical -inst CUP_io_HDVSS0
<CMD> placeInstance CUP_io_HDVSS0 0 1115.0 R270
<CMD> addInst PAD60NU -physical -inst CUP_io_tst_clk
<CMD> placeInstance CUP_io_tst_clk 0 1175.0 R270
<CMD> addInst PAD60NU -physical -inst CUP_io_tst_en_g
<CMD> placeInstance CUP_io_tst_en_g 0 1235.0 R270
<CMD> addInst PAD60NU -physical -inst CUP_io_tst_wr_data_in_g
<CMD> placeInstance CUP_io_tst_wr_data_in_g 0 1295.0 R270
<CMD> addInst PAD60NU -physical -inst CUP_io_tst_couple_en
<CMD> placeInstance CUP_io_tst_couple_en 0 1355.0 R270
<CMD> addInst PAD60NU -physical -inst CUP_io_tst_rd_vld_g
<CMD> placeInstance CUP_io_tst_rd_vld_g 0 1415.0 R270
<CMD> addInst PAD60NU -physical -inst CUP_io_tst_rd_data_out_g
<CMD> placeInstance CUP_io_tst_rd_data_out_g 0 1475.0 R270
<CMD> addInst PAD60NU -physical -inst CUP_io_tst_p_out_vld_g
<CMD> placeInstance CUP_io_tst_p_out_vld_g 0 1535.0 R270
<CMD> addInst PAD60NU -physical -inst CUP_io_tst_p_out_g
<CMD> placeInstance CUP_io_tst_p_out_g 0 1595.0 R270
<CMD> addInst PAD60NU -physical -inst CUP_io_tst_p_en
<CMD> placeInstance CUP_io_tst_p_en 0 1655.0 R270
<CMD> addInst PAD60NU -physical -inst CUP_io_HVDD1
<CMD> placeInstance CUP_io_HVDD1 0 1715.0 R270
<CMD> addInst PAD60NU -physical -inst CUP_io_HVSS1
<CMD> placeInstance CUP_io_HVSS1 0 1775.0 R270
<CMD> addInst PAD60NU -physical -inst CUP_io_HDVDD1
<CMD> placeInstance CUP_io_HDVDD1 0 1835.0 R270
<CMD> addInst PAD60NU -physical -inst CUP_io_HDVSS1
<CMD> placeInstance CUP_io_HDVSS1 0 1895.0 R270
<CMD> addInst PAD60NU -physical -inst CUP_io_rstn
<CMD> placeInstance CUP_io_rstn 0 1955.0 R270
<CMD> addInst PAD60NU -physical -inst CUP_io_clk
<CMD> placeInstance CUP_io_clk 0 2015.0 R270
<CMD> addInst PAD60NU -physical -inst CUP_io_en_g
<CMD> placeInstance CUP_io_en_g 0 2075.0 R270
<CMD> addInst PAD60NU -physical -inst CUP_io_wr_data_in_g
<CMD> placeInstance CUP_io_wr_data_in_g 0 2135.0 R270
<CMD> addInst PAD60NU -physical -inst CUP_io_rd_data_out_g
<CMD> placeInstance CUP_io_rd_data_out_g 0 2195.0 R270
<CMD> addInst PAD60NU -physical -inst CUP_io_rd_vld_g
<CMD> placeInstance CUP_io_rd_vld_g 0 2255.0 R270
<CMD> addInst PAD60NU -physical -inst CUP_io_p_out_vld_g
<CMD> placeInstance CUP_io_p_out_vld_g 0 2315.0 R270
<CMD> addInst PAD60NU -physical -inst CUP_io_p_out_g
<CMD> placeInstance CUP_io_p_out_g 0 2375.0 R270
<CMD> addInst PAD60NU -physical -inst CUP_io_couple_en
<CMD> placeInstance CUP_io_couple_en 0 2435.0 R270
<CMD> addInst PAD60NU -physical -inst CUP_io_p_en
<CMD> placeInstance CUP_io_p_en 0 2495.0 R270
<CMD> addInst PAD60NU -physical -inst CUP_io_tst_b2_ctrl_0
<CMD> placeInstance CUP_io_tst_b2_ctrl_0 0 2555.0 R270
<CMD> addInst PAD60NU -physical -inst CUP_io_tst_b2_ctrl_1
<CMD> placeInstance CUP_io_tst_b2_ctrl_1 0 2615.0 R270
<CMD> addInst PAD60NU -physical -inst CUP_io_tst_b2_ctrl_2
<CMD> placeInstance CUP_io_tst_b2_ctrl_2 0 2675.0 R270
<CMD> addInst PAD60NU -physical -inst CUP_io_tst_b2_ctrl_3
<CMD> placeInstance CUP_io_tst_b2_ctrl_3 0 2735.0 R270
<CMD> addInst PAD60NU -physical -inst CUP_io_tst_b2_ctrl_4
<CMD> placeInstance CUP_io_tst_b2_ctrl_4 0 2795.0 R270
<CMD> addInst PAD60NU -physical -inst CUP_io_tst_b2_ctrl_5
<CMD> placeInstance CUP_io_tst_b2_ctrl_5 0 2855.0 R270
<CMD> addInst PAD60NA -physical -inst CUP_io_HS_AVSS0
<CMD> placeInstance CUP_io_HS_AVSS0 0 2955.0 R270
<CMD> addInst PAD60NA -physical -inst CUP_io_HS_AVDD0
<CMD> placeInstance CUP_io_HS_AVDD0 195.0 3169.51 R180
<CMD> addInst PAD60NA -physical -inst CUP_io_HS_VSS0
<CMD> placeInstance CUP_io_HS_VSS0 375.0 3169.51 R180
<CMD> addInst PAD60NA -physical -inst CUP_io_HS_VDD0
<CMD> placeInstance CUP_io_HS_VDD0 435.0 3169.51 R180
<CMD> addInst PAD60NA -physical -inst CUP_io_tst_je_ro_1
<CMD> placeInstance CUP_io_tst_je_ro_1 629.51 2895.0 R90
<CMD> addInst PAD60NA -physical -inst CUP_io_tst_je_ro_2
<CMD> placeInstance CUP_io_tst_je_ro_2 629.51 2835.0 R90
<CMD> addInst PAD60NA -physical -inst CUP_io_tst_zq_ro_1
<CMD> placeInstance CUP_io_tst_zq_ro_1 629.51 2775.0 R90
<CMD> addInst PAD60NA -physical -inst CUP_io_tst_zq_ro_2
<CMD> placeInstance CUP_io_tst_zq_ro_2 629.51 2715.0 R90
<CMD> addInst PAD60NA -physical -inst CUP_io_tst_zq_ro_3
<CMD> placeInstance CUP_io_tst_zq_ro_3 629.51 2655.0 R90
<CMD> addInst PAD60NA -physical -inst CUP_io_tst_ro_tst
<CMD> placeInstance CUP_io_tst_ro_tst 629.51 2595.0 R90
<CMD> addInst PAD60NA -physical -inst CUP_io_tst_b3_f_0
<CMD> placeInstance CUP_io_tst_b3_f_0 629.51 2535.0 R90
<CMD> addInst PAD60NA -physical -inst CUP_io_tst_b3_f_1
<CMD> placeInstance CUP_io_tst_b3_f_1 629.51 2475.0 R90
<CMD> addInst PAD60NA -physical -inst CUP_io_tst_b3_f_2
<CMD> placeInstance CUP_io_tst_b3_f_2 629.51 2415.0 R90
<CMD> addInst PAD60NA -physical -inst CUP_io_tst_b3_f_3
<CMD> placeInstance CUP_io_tst_b3_f_3 629.51 2355.0 R90
<CMD> addInst PAD60NA -physical -inst CUP_io_tst_b3_f_4
<CMD> placeInstance CUP_io_tst_b3_f_4 629.51 2295.0 R90
<CMD> addInst PAD60NA -physical -inst CUP_io_VSS0
<CMD> placeInstance CUP_io_VSS0 629.51 2235.0 R90
<CMD> addInst PAD60NA -physical -inst CUP_io_VDD0
<CMD> placeInstance CUP_io_VDD0 629.51 2175.0 R90
<CMD> addInst PAD60NA -physical -inst CUP_io_p_mod
<CMD> placeInstance CUP_io_p_mod 629.51 2115.0 R90
<CMD> addInst PAD60NA -physical -inst CUP_io_p_ota_vb
<CMD> placeInstance CUP_io_p_ota_vb 629.51 2055.0 R90
<CMD> addInst PAD60NA -physical -inst CUP_io_b3_cvb
<CMD> placeInstance CUP_io_b3_cvb 629.51 1995.0 R90
<CMD> addInst PAD60NA -physical -inst CUP_io_sabil_bk
<CMD> placeInstance CUP_io_sabil_bk 629.51 1935.0 R90
<CMD> addInst PAD60NA -physical -inst CUP_io_HS_AVSS1
<CMD> placeInstance CUP_io_HS_AVSS1 629.51 1815.0 R90
<CMD> addInst PAD60NA -physical -inst CUP_io_HS_AVDD1
<CMD> placeInstance CUP_io_HS_AVDD1 629.51 1755.0 R90
<CMD> addInst PAD60NA -physical -inst CUP_io_HS_VSS1
<CMD> placeInstance CUP_io_HS_VSS1 629.51 1635.0 R90
<CMD> addInst PAD60NA -physical -inst CUP_io_HS_VDD1
<CMD> placeInstance CUP_io_HS_VDD1 629.51 1575.0 R90
<CMD> addInst PAD60NA -physical -inst CUP_io_cp_sel
<CMD> placeInstance CUP_io_cp_sel 629.51 1515.0 R90
<CMD> addInst PAD60NA -physical -inst CUP_io_b2_cvb2
<CMD> placeInstance CUP_io_b2_cvb2 629.51 1455.0 R90
<CMD> addInst PAD60NA -physical -inst CUP_io_b2_cvb1
<CMD> placeInstance CUP_io_b2_cvb1 629.51 1395.0 R90
<CMD> addInst PAD60NA -physical -inst CUP_io_osc_vb
<CMD> placeInstance CUP_io_osc_vb 629.51 1335.0 R90
<CMD> addInst PAD60NA -physical -inst CUP_io_VSS1
<CMD> placeInstance CUP_io_VSS1 629.51 1275.0 R90
<CMD> addInst PAD60NA -physical -inst CUP_io_VDD1
<CMD> placeInstance CUP_io_VDD1 629.51 1215.0 R90
<CMD> addInst PAD60NA -physical -inst CUP_io_tst_p_ota_vb
<CMD> placeInstance CUP_io_tst_p_ota_vb 629.51 1155.0 R90
<CMD> addInst PAD60NA -physical -inst CUP_io_tst_cp_sel
<CMD> placeInstance CUP_io_tst_cp_sel 629.51 1095.0 R90
<CMD> addInst PAD60NA -physical -inst CUP_io_tst_p_mod
<CMD> placeInstance CUP_io_tst_p_mod 629.51 1035.0 R90
<CMD> addInst PAD60NA -physical -inst CUP_io_tst_b3_cvb
<CMD> placeInstance CUP_io_tst_b3_cvb 629.51 975.0 R90
<CMD> addInst PAD60NA -physical -inst CUP_io_tst_b2_cvb2
<CMD> placeInstance CUP_io_tst_b2_cvb2 629.51 915.0 R90
<CMD> addInst PAD60NA -physical -inst CUP_io_VSS2
<CMD> placeInstance CUP_io_VSS2 629.51 855.0 R90
<CMD> addInst PAD60NA -physical -inst CUP_io_VDD2
<CMD> placeInstance CUP_io_VDD2 629.51 795.0 R90
<CMD> addInst PAD60NA -physical -inst CUP_io_tst_b2_cvb1
<CMD> placeInstance CUP_io_tst_b2_cvb1 629.51 735.0 R90
<CMD> addInst PAD60NA -physical -inst CUP_io_tst_osc_vb
<CMD> placeInstance CUP_io_tst_osc_vb 629.51 675.0 R90
<CMD> addInst PAD60NA -physical -inst CUP_io_tst_us_ro_0
<CMD> placeInstance CUP_io_tst_us_ro_0 629.51 615.0 R90
<CMD> addInst PAD60NA -physical -inst CUP_io_tst_us_ro_1
<CMD> placeInstance CUP_io_tst_us_ro_1 629.51 555.0 R90
<CMD> addInst PAD60NA -physical -inst CUP_io_tst_us_ro_2
<CMD> placeInstance CUP_io_tst_us_ro_2 629.51 495.0 R90
<CMD> addInst PAD60NA -physical -inst CUP_io_tst_sabil_bk
<CMD> placeInstance CUP_io_tst_sabil_bk 629.51 435.0 R90
<CMD> addInst PAD60NA -physical -inst CUP_io_HS_AVSS2
<CMD> placeInstance CUP_io_HS_AVSS2 629.51 255.0 R90
<CMD> addInst PAD60NA -physical -inst CUP_io_HS_AVDD2
<CMD> placeInstance CUP_io_HS_AVDD2 629.51 195.0 R90
<CMD> addInst PAD60NA -physical -inst CUP_io_HS_VSS2
<CMD> placeInstance CUP_io_HS_VSS2 365.0 0.0 R0
<CMD> addInst PAD60NA -physical -inst CUP_io_HS_VDD2
<CMD> placeInstance CUP_io_HS_VDD2 305.0 0.0 R0
<CMD> addInst PAD60NU -physical -inst CUP_io_tst_us_sel_2_3
<CMD> placeInstance CUP_io_tst_us_sel_2_3 205.0 0.0 R0
<CMD> verify_drc -limit 100000
#-limit 100000                           # int, default=100000, user setting
 *** Starting Verify DRC (MEM: 1274.5) ***

  VERIFY DRC ...... Starting Verification
  VERIFY DRC ...... Initializing
  VERIFY DRC ...... Deleting Existing Violations
  VERIFY DRC ...... Creating Sub-Areas
  VERIFY DRC ...... Using new threading
 VERIFY DRC ...... Thread : 27 finished.
 VERIFY DRC ...... Thread : 43 finished.
 VERIFY DRC ...... Thread : 42 finished.
 VERIFY DRC ...... Thread : 39 finished.
 VERIFY DRC ...... Thread : 31 finished.
 VERIFY DRC ...... Thread : 19 finished.
 VERIFY DRC ...... Thread : 36 finished.
 VERIFY DRC ...... Thread : 14 finished.
 VERIFY DRC ...... Thread : 35 finished.
 VERIFY DRC ...... Thread : 22 finished.
 VERIFY DRC ...... Thread : 46 finished.

  Verification Complete : 0 Viols.

 *** End Verify DRC (CPU: 0:00:00.3  ELAPSED TIME: 0.00  MEM: 8.0M) ***

<CMD> verifyConnectivity -error 100000
VERIFY_CONNECTIVITY use new engine.

******** Start: VERIFY CONNECTIVITY ********
Start Time: Tue Apr 28 12:34:57 2026

Design Name: padframe
Database Units: 2000
Design Boundary: (0.0000, 0.0000) (710.0000, 3250.0000)
Error Limit = 100000; Warning Limit = 50
Check all nets
Use 48 pthreads

Begin Summary 
  Found no problems or warnings.
End Summary

End Time: Tue Apr 28 12:34:57 2026
Time Elapsed: 0:00:00.0

******** End: VERIFY CONNECTIVITY ********
  Verification Complete : 0 Viols.  0 Wrngs.
  (CPU Time: 0:00:00.0  MEM: 0.000M)

<CMD> saveDesign ./output/padframe/padframe_enc.enc
#% Begin save design ... (date=04/28 12:34:57, mem=1036.2M)
% Begin Save ccopt configuration ... (date=04/28 12:34:57, mem=1039.2M)
% End Save ccopt configuration ... (date=04/28 12:34:58, total cpu=0:00:00.0, real=0:00:00.0, peak res=1040.1M, current mem=1040.1M)
% Begin Save netlist data ... (date=04/28 12:34:58, mem=1040.1M)
Writing Binary DB to ./output/padframe/padframe_enc.enc.dat.tmp/vbin/padframe.v.bin in multi-threaded mode...
% End Save netlist data ... (date=04/28 12:34:58, total cpu=0:00:00.1, real=0:00:00.0, peak res=1040.5M, current mem=1040.5M)
Saving symbol-table file in separate thread ...
Saving congestion map file in separate thread ...
Saving congestion map file ./output/padframe/padframe_enc.enc.dat.tmp/padframe.route.congmap.gz ...
% Begin Save AAE data ... (date=04/28 12:34:58, mem=1041.6M)
Saving AAE Data ...
% End Save AAE data ... (date=04/28 12:34:58, total cpu=0:00:00.1, real=0:00:00.0, peak res=1041.6M, current mem=1041.6M)
% Begin Save clock tree data ... (date=04/28 12:34:58, mem=1058.4M)
% End Save clock tree data ... (date=04/28 12:34:58, total cpu=0:00:00.0, real=0:00:00.0, peak res=1058.5M, current mem=1058.5M)
Saving preference file ./output/padframe/padframe_enc.enc.dat.tmp/gui.pref.tcl ...
Saving mode setting ...
Saving global file ...
Saving Drc markers ...
... No Drc file written since there is no markers found.
Saving floorplan file in separate thread ...
Saving PG Conn data in separate thread ...
Saving placement file in separate thread ...
Saving route file in separate thread ...
Saving property file in separate thread ...
** Saving stdCellPlacement_binary (version# 2) ...
Save Adaptive View Pruing View Names to Binary file
TAT_INFO: ::saveSpecialRoute REAL = 0 : CPU = 0 : MEM = 0.
TAT_INFO: savePGConnFile REAL = 0 : CPU = 0 : MEM = 0.
TAT_INFO: ::savePlace REAL = 0 : CPU = 0 : MEM = 0.
Saving property file ./output/padframe/padframe_enc.enc.dat.tmp/padframe.prop
*** Completed saveProperty (cpu=0:00:00.0 real=0:00:00.0 mem=1312.7M) ***
*** Completed saveRoute (cpu=0:00:00.0 real=0:00:00.0 mem=1312.7M) ***
TAT_INFO: ::saveRoute REAL = 0 : CPU = 0 : MEM = 0.
TAT_INFO: ::db::saveAnnotationAndProp REAL = 0 : CPU = 0 : MEM = 0.
Saving preRoute extracted patterns in file './output/padframe/padframe_enc.enc.dat.tmp/padframe.techData.gz' ...
Saving preRoute extraction data in directory './output/padframe/padframe_enc.enc.dat.tmp/extraction/' ...
TAT_INFO: ::db::saveSymbolTable REAL = 0 : CPU = 0 : MEM = 0.
TAT_INFO: ::saveCongMap REAL = 0 : CPU = 0 : MEM = 0.
% Begin Save power constraints data ... (date=04/28 12:34:59, mem=1062.5M)
% End Save power constraints data ... (date=04/28 12:34:59, total cpu=0:00:00.0, real=0:00:00.0, peak res=1062.6M, current mem=1062.6M)
slow_rc fast_rc typ_rc
slow_rc fast_rc typ_rc
slow_rc fast_rc typ_rc
slow_rc fast_rc typ_rc
slow_rc fast_rc typ_rc
slow_rc fast_rc typ_rc
slow_rc fast_rc typ_rc
Generated self-contained design padframe_enc.enc.dat.tmp
#% End save design ... (date=04/28 12:35:00, total cpu=0:00:02.1, real=0:00:03.0, peak res=1063.4M, current mem=1063.4M)
*** Message Summary: 0 warning(s), 0 error(s)

<CMD> saveNetlist ./output/padframe/padframe_enc.v
Writing Netlist "./output/padframe/padframe_enc.v" ...
<CMD> saveNetlist -phys -excludeLeafCell -excludeCellInst {FILL64BWP FILL32BWP FILL16BWP FILL8BWP FILL4BWP FILL3BWP FILL2BWP FILL1BWP PFILLER20 PFILLER10 PFILLER5 PFILLER1 PFILLER20A PFILLER10A PFILLER5A PFILLER1A PAD60NA PAD60NU PAD60NAU PAD60GAU PAD60NU PAD60GU PRCUTA PCORNER PCORNERA} output/padframe/padframe_enc_lvs.v
**WARN: (IMPVL-145):	Cell (PAD60NU) is already marked for exclusion.
Writing Netlist "output/padframe/padframe_enc_lvs.v" ...
0 Pwr names and 0 Gnd names.
<CMD> saveNetlist -phys ./output/padframe/padframe_digital_enc_all.v
Writing Netlist "./output/padframe/padframe_digital_enc_all.v" ...
0 Pwr names and 0 Gnd names.
<CMD> streamOut output/padframe/padframe_enc.gds -mapFile ./gdsmap/gdsout_6X2Z.map -libName padframe -structureName padframe -units 20000 -mode ALL
Parse map file...
**WARN: (IMPOGDS-1558):	 Ignore invalid line  36:   ref                 0       0
**WARN: (IMPOGDS-392):	Unknown layer ref 
Type 'man IMPOGDS-392' for more detail.
**WARN: (IMPOGDS-1558):	 Ignore invalid line  37:   DNW                 1       0
**WARN: (IMPOGDS-392):	Unknown layer DNW 
Type 'man IMPOGDS-392' for more detail.
**WARN: (IMPOGDS-1558):	 Ignore invalid line  38:   PW                  2       0
**WARN: (IMPOGDS-392):	Unknown layer PW 
Type 'man IMPOGDS-392' for more detail.
**WARN: (IMPOGDS-1558):	 Ignore invalid line  39:   NW                  3       0
**WARN: (IMPOGDS-392):	Unknown layer NW 
Type 'man IMPOGDS-392' for more detail.
**WARN: (IMPOGDS-1558):	 Ignore invalid line  40:   PM                  5       0
**WARN: (IMPOGDS-392):	Unknown layer PM 
Type 'man IMPOGDS-392' for more detail.
**WARN: (IMPOGDS-1558):	 Ignore invalid line  41:   PM                  5       1
**WARN: (IMPOGDS-392):	Unknown layer PM 
Type 'man IMPOGDS-392' for more detail.
**WARN: (IMPOGDS-1558):	 Ignore invalid line  42:   PM                  5       2
**WARN: (IMPOGDS-392):	Unknown layer PM 
Type 'man IMPOGDS-392' for more detail.
**WARN: (IMPOGDS-1558):	 Ignore invalid line  43:   PM                  5      10
**WARN: (IMPOGDS-392):	Unknown layer PM 
Type 'man IMPOGDS-392' for more detail.
**WARN: (IMPOGDS-1558):	 Ignore invalid line  44:   PM                  5      30
**WARN: (IMPOGDS-392):	Unknown layer PM 
Type 'man IMPOGDS-392' for more detail.
**WARN: (IMPOGDS-1558):	 Ignore invalid line  45:   OD                  6       0
**WARN: (IMPOGDS-392):	Unknown layer OD 
Type 'man IMPOGDS-392' for more detail.
**WARN: (IMPOGDS-1558):	 Ignore invalid line  46:   OD                  6       1
**WARN: (IMPOGDS-392):	Unknown layer OD 
Type 'man IMPOGDS-392' for more detail.
**WARN: (IMPOGDS-1558):	 Ignore invalid line  47:   OD                  6       7
**WARN: (IMPOGDS-392):	Unknown layer OD 
Type 'man IMPOGDS-392' for more detail.
**WARN: (IMPOGDS-1558):	 Ignore invalid line  48:   OD                  6       2
**WARN: (IMPOGDS-392):	Unknown layer OD 
Type 'man IMPOGDS-392' for more detail.
**WARN: (IMPOGDS-1558):	 Ignore invalid line  49:   OD                  6       3
**WARN: (IMPOGDS-392):	Unknown layer OD 
Type 'man IMPOGDS-392' for more detail.
**WARN: (IMPOGDS-1558):	 Ignore invalid line  50:   OD                  6      11
**WARN: (IMPOGDS-392):	Unknown layer OD 
Type 'man IMPOGDS-392' for more detail.
**WARN: (IMPOGDS-1558):	 Ignore invalid line  51:   OD                  6      12
**WARN: (IMPOGDS-392):	Unknown layer OD 
Type 'man IMPOGDS-392' for more detail.
**WARN: (IMPOGDS-1558):	 Ignore invalid line  52:   OD                  6      13
**WARN: (IMPOGDS-392):	Unknown layer OD 
Type 'man IMPOGDS-392' for more detail.
**WARN: (IMPOGDS-1558):	 Ignore invalid line  53:   PDIFF               7       0
**WARN: (IMPOGDS-392):	Unknown layer PDIFF 
Type 'man IMPOGDS-392' for more detail.
**WARN: (IMPOGDS-1558):	 Ignore invalid line  54:   NDIFF               8       0
**WARN: (IMPOGDS-392):	Unknown layer NDIFF 
Type 'man IMPOGDS-392' for more detail.
**WARN: (IMPOGDS-1558):	 Ignore invalid line  55:   NT_N               11       0
**WARN: (IMPOGDS-392):	Unknown layer NT_N 
Type 'man IMPOGDS-392' for more detail.
**WARN: (EMS-27):	Message (IMPOGDS-1558) has exceeded the current message display limit of 20.
To increase the message display limit, refer to the product command reference manual.
**WARN: (EMS-27):	Message (IMPOGDS-392) has exceeded the current message display limit of 20.
To increase the message display limit, refer to the product command reference manual.
**WARN: (IMPOGDS-391):	Line 62: Object Type '12' specified with layer 'VTL_N' is not legal. The map file maybe being a DFII/Virtuoso map file. For a list of legal object types refer to the map file syntax in the User Guide.
Type 'man IMPOGDS-391' for more detail.
**WARN: (IMPOGDS-391):	Line 63: Object Type '12' specified with layer 'VTL_N' is not legal. The map file maybe being a DFII/Virtuoso map file. For a list of legal object types refer to the map file syntax in the User Guide.
Type 'man IMPOGDS-391' for more detail.
**WARN: (IMPOGDS-391):	Line 64: Object Type '13' specified with layer 'VTL_P' is not legal. The map file maybe being a DFII/Virtuoso map file. For a list of legal object types refer to the map file syntax in the User Guide.
Type 'man IMPOGDS-391' for more detail.
**WARN: (IMPOGDS-391):	Line 65: Object Type '13' specified with layer 'VTL_P' is not legal. The map file maybe being a DFII/Virtuoso map file. For a list of legal object types refer to the map file syntax in the User Guide.
Type 'man IMPOGDS-391' for more detail.
**WARN: (IMPOGDS-391):	Line 70: Object Type '17' specified with layer 'PO' is not legal. The map file maybe being a DFII/Virtuoso map file. For a list of legal object types refer to the map file syntax in the User Guide.
Type 'man IMPOGDS-391' for more detail.
**WARN: (IMPOGDS-391):	Line 71: Object Type '17' specified with layer 'PO' is not legal. The map file maybe being a DFII/Virtuoso map file. For a list of legal object types refer to the map file syntax in the User Guide.
Type 'man IMPOGDS-391' for more detail.
**WARN: (IMPOGDS-391):	Line 72: Object Type '17' specified with layer 'PO' is not legal. The map file maybe being a DFII/Virtuoso map file. For a list of legal object types refer to the map file syntax in the User Guide.
Type 'man IMPOGDS-391' for more detail.
**WARN: (IMPOGDS-391):	Line 73: Object Type '17' specified with layer 'PO' is not legal. The map file maybe being a DFII/Virtuoso map file. For a list of legal object types refer to the map file syntax in the User Guide.
Type 'man IMPOGDS-391' for more detail.
**WARN: (IMPOGDS-391):	Line 74: Object Type '17' specified with layer 'PO' is not legal. The map file maybe being a DFII/Virtuoso map file. For a list of legal object types refer to the map file syntax in the User Guide.
Type 'man IMPOGDS-391' for more detail.
**WARN: (IMPOGDS-391):	Line 75: Object Type '17' specified with layer 'PO' is not legal. The map file maybe being a DFII/Virtuoso map file. For a list of legal object types refer to the map file syntax in the User Guide.
Type 'man IMPOGDS-391' for more detail.
**WARN: (IMPOGDS-391):	Line 76: Object Type '17' specified with layer 'PO' is not legal. The map file maybe being a DFII/Virtuoso map file. For a list of legal object types refer to the map file syntax in the User Guide.
Type 'man IMPOGDS-391' for more detail.
**WARN: (IMPOGDS-391):	Line 77: Object Type '17' specified with layer 'PO' is not legal. The map file maybe being a DFII/Virtuoso map file. For a list of legal object types refer to the map file syntax in the User Guide.
Type 'man IMPOGDS-391' for more detail.
**WARN: (IMPOGDS-391):	Line 78: Object Type '17' specified with layer 'PO' is not legal. The map file maybe being a DFII/Virtuoso map file. For a list of legal object types refer to the map file syntax in the User Guide.
Type 'man IMPOGDS-391' for more detail.
**WARN: (IMPOGDS-391):	Line 102: Object Type '30' specified with layer 'CO' is not legal. The map file maybe being a DFII/Virtuoso map file. For a list of legal object types refer to the map file syntax in the User Guide.
Type 'man IMPOGDS-391' for more detail.
**WARN: (IMPOGDS-391):	Line 103: Object Type '30' specified with layer 'CO' is not legal. The map file maybe being a DFII/Virtuoso map file. For a list of legal object types refer to the map file syntax in the User Guide.
Type 'man IMPOGDS-391' for more detail.
**WARN: (IMPOGDS-391):	Line 104: Object Type '30' specified with layer 'CO' is not legal. The map file maybe being a DFII/Virtuoso map file. For a list of legal object types refer to the map file syntax in the User Guide.
Type 'man IMPOGDS-391' for more detail.
**WARN: (IMPOGDS-391):	Line 105: Object Type '30' specified with layer 'CO' is not legal. The map file maybe being a DFII/Virtuoso map file. For a list of legal object types refer to the map file syntax in the User Guide.
Type 'man IMPOGDS-391' for more detail.
**WARN: (IMPOGDS-391):	Line 106: Object Type '30' specified with layer 'CO' is not legal. The map file maybe being a DFII/Virtuoso map file. For a list of legal object types refer to the map file syntax in the User Guide.
Type 'man IMPOGDS-391' for more detail.
**WARN: (IMPOGDS-391):	Line 107: Object Type '30' specified with layer 'CO' is not legal. The map file maybe being a DFII/Virtuoso map file. For a list of legal object types refer to the map file syntax in the User Guide.
Type 'man IMPOGDS-391' for more detail.
**WARN: (IMPOGDS-391):	Line 108: Object Type '30' specified with layer 'CO' is not legal. The map file maybe being a DFII/Virtuoso map file. For a list of legal object types refer to the map file syntax in the User Guide.
Type 'man IMPOGDS-391' for more detail.
**WARN: (EMS-27):	Message (IMPOGDS-391) has exceeded the current message display limit of 20.
To increase the message display limit, refer to the product command reference manual.
**WARN: (IMPOGDS-387):	 Line 793: layer name 'M10' is an abbreviation and statement ignored, you may mean technology real layer name 'AP'.
**WARN: (IMPOGDS-387):	 Line 794: layer name 'M10' is an abbreviation and statement ignored, you may mean technology real layer name 'AP'.
**WARN: (IMPOGDS-387):	 Line 795: layer name 'M10' is an abbreviation and statement ignored, you may mean technology real layer name 'AP'.
**WARN: (IMPOGDS-387):	 Line 796: layer name 'M10' is an abbreviation and statement ignored, you may mean technology real layer name 'AP'.
**WARN: (IMPOGDS-387):	 Line 797: layer name 'M10' is an abbreviation and statement ignored, you may mean technology real layer name 'AP'.
**WARN: (IMPOGDS-387):	 Line 798: layer name 'M10' is an abbreviation and statement ignored, you may mean technology real layer name 'AP'.
**WARN: (IMPOGDS-387):	 Line 799: layer name 'M10' is an abbreviation and statement ignored, you may mean technology real layer name 'AP'.
**WARN: (IMPOGDS-387):	 Line 800: layer name 'M10' is an abbreviation and statement ignored, you may mean technology real layer name 'AP'.
**WARN: (IMPOGDS-387):	 Line 801: layer name 'M10' is an abbreviation and statement ignored, you may mean technology real layer name 'AP'.
**WARN: (IMPOGDS-387):	 Line 802: layer name 'M10' is an abbreviation and statement ignored, you may mean technology real layer name 'AP'.
**WARN: (IMPOGDS-387):	 Line 803: layer name 'M10' is an abbreviation and statement ignored, you may mean technology real layer name 'AP'.
**WARN: (IMPOGDS-387):	 Line 804: layer name 'M10' is an abbreviation and statement ignored, you may mean technology real layer name 'AP'.
**WARN: (IMPOGDS-387):	 Line 805: layer name 'M10' is an abbreviation and statement ignored, you may mean technology real layer name 'AP'.
**WARN: (IMPOGDS-387):	 Line 806: layer name 'M10' is an abbreviation and statement ignored, you may mean technology real layer name 'AP'.
**WARN: (IMPOGDS-387):	 Line 807: layer name 'M10' is an abbreviation and statement ignored, you may mean technology real layer name 'AP'.
**WARN: (IMPOGDS-387):	 Line 808: layer name 'M10' is an abbreviation and statement ignored, you may mean technology real layer name 'AP'.
**WARN: (IMPOGDS-387):	 Line 809: layer name 'M10' is an abbreviation and statement ignored, you may mean technology real layer name 'AP'.
**WARN: (IMPOGDS-387):	 Line 810: layer name 'M10' is an abbreviation and statement ignored, you may mean technology real layer name 'AP'.
**WARN: (IMPOGDS-387):	 Line 811: layer name 'M10' is an abbreviation and statement ignored, you may mean technology real layer name 'AP'.
**WARN: (IMPOGDS-387):	 Line 812: layer name 'M10' is an abbreviation and statement ignored, you may mean technology real layer name 'AP'.
**WARN: (EMS-27):	Message (IMPOGDS-387) has exceeded the current message display limit of 20.
To increase the message display limit, refer to the product command reference manual.
Writing GDSII file ...
	****** db unit per micron = 2000 ******
	****** output gds2 file unit per micron = 20000 ******
	****** unit scaling factor = 10 ******
Output for instance
Output for bump
Output for via structure generation
Statistics for GDS generated (version 3)
----------------------------------------
Stream Out Layer Mapping Information:
GDS Layer Number          GDS Layer Name
----------------------------------------


Stream Out Information Processed for GDS version 3:
Units: 20000 DBU

Object                             Count
----------------------------------------
Instances                            327

Ports/Pins                             0

Nets                                   0

    Via Instances                      0

Special Nets                           0

    Via Instances                      0

Metal Fills                            0

    Via Instances                      0

Metal FillOPCs                         0

    Via Instances                      0

Metal FillDRCs                         0

    Via Instances                      0

Text                                   0


Blockages                              0


Custom Text                            0


Custom Box                             0

Trim Metal                             0

######Streamout is finished!
<CMD> zoomBox -153.04250 3094.05750 413.99600 2778.48850
<CMD> fit

*** Memory Usage v#1 (Current mem = 1792.633M, initial mem = 281.805M) ***
*** Message Summary: 4713 warning(s), 0 error(s)

--- Ending "Innovus" (totcpu=0:14:21, real=0:03:06, mem=1792.6M) ---
