 
****************************************
Report : port
        -verbose
Design : local_ctrl_row
Version: S-2021.06-SP1
Date   : Tue Apr 28 19:31:29 2026
****************************************



Attributes:
    d - dont_touch_network
    i - ideal_network

                       Pin      Wire     Max     Max     Connection
Port           Dir     Load     Load     Trans   Cap     Class      Attrs
--------------------------------------------------------------------------------
clk            in      0.0000   0.0000   --      --      --         d, i
p_code[0]      in      0.0000   0.0000   --      --      --         
p_code[1]      in      0.0000   0.0000   --      --      --         
p_code[2]      in      0.0000   0.0000   --      --      --         
p_code[3]      in      0.0000   0.0000   --      --      --         
p_code[4]      in      0.0000   0.0000   --      --      --         
p_code[5]      in      0.0000   0.0000   --      --      --         
p_code[6]      in      0.0000   0.0000   --      --      --         
p_code[7]      in      0.0000   0.0000   --      --      --         
p_code[8]      in      0.0000   0.0000   --      --      --         
p_code[9]      in      0.0000   0.0000   --      --      --         
p_code[10]     in      0.0000   0.0000   --      --      --         
p_code[11]     in      0.0000   0.0000   --      --      --         
p_code[12]     in      0.0000   0.0000   --      --      --         
p_code[13]     in      0.0000   0.0000   --      --      --         
p_code[14]     in      0.0000   0.0000   --      --      --         
p_code[15]     in      0.0000   0.0000   --      --      --         
p_code[16]     in      0.0000   0.0000   --      --      --         
p_code[17]     in      0.0000   0.0000   --      --      --         
p_code[18]     in      0.0000   0.0000   --      --      --         
p_code[19]     in      0.0000   0.0000   --      --      --         
p_code_vld     in      0.0000   0.0000   --      --      --         
rd_rdy         in      0.0000   0.0000   --      --      --         
rstn           in      0.0000   0.0000   --      --      --         d, i
wr_data_in     in      0.0000   0.0000   --      --      --         
wr_vld         in      0.0000   0.0000   --      --      --         
cp_ctrl[0]     out     0.1000   0.0000    0.40   --      --         
cp_ctrl[1]     out     0.1000   0.0000    0.40   --      --         
cp_ctrl[2]     out     0.1000   0.0000    0.40   --      --         
cp_ctrl[3]     out     0.1000   0.0000    0.40   --      --         
cp_ctrl[4]     out     0.1000   0.0000    0.40   --      --         
cp_ctrl[5]     out     0.1000   0.0000    0.40   --      --         
cp_ctrl[6]     out     0.1000   0.0000    0.40   --      --         
cp_ctrl[7]     out     0.1000   0.0000    0.40   --      --         
cp_ctrl[8]     out     0.1000   0.0000    0.40   --      --         
cp_ctrl[9]     out     0.1000   0.0000    0.40   --      --         
cp_ctrl[10]    out     0.1000   0.0000    0.40   --      --         
cp_ctrl[11]    out     0.1000   0.0000    0.40   --      --         
cp_ctrl[12]    out     0.1000   0.0000    0.40   --      --         
cp_ctrl[13]    out     0.1000   0.0000    0.40   --      --         
cp_ctrl[14]    out     0.1000   0.0000    0.40   --      --         
cp_ctrl[15]    out     0.1000   0.0000    0.40   --      --         
cp_ctrl[16]    out     0.1000   0.0000    0.40   --      --         
cp_ctrl[17]    out     0.1000   0.0000    0.40   --      --         
cp_ctrl[18]    out     0.1000   0.0000    0.40   --      --         
cp_ctrl[19]    out     0.1000   0.0000    0.40   --      --         
cp_ctrl[20]    out     0.1000   0.0000    0.40   --      --         
cp_ctrl[21]    out     0.1000   0.0000    0.40   --      --         
cp_ctrl[22]    out     0.1000   0.0000    0.40   --      --         
cp_ctrl[23]    out     0.1000   0.0000    0.40   --      --         
cp_ctrl[24]    out     0.1000   0.0000    0.40   --      --         
cp_ctrl[25]    out     0.1000   0.0000    0.40   --      --         
cp_ctrl[26]    out     0.1000   0.0000    0.40   --      --         
cp_ctrl[27]    out     0.1000   0.0000    0.40   --      --         
cp_ctrl[28]    out     0.1000   0.0000    0.40   --      --         
cp_ctrl[29]    out     0.1000   0.0000    0.40   --      --         
cp_ctrl[30]    out     0.1000   0.0000    0.40   --      --         
cp_ctrl[31]    out     0.1000   0.0000    0.40   --      --         
cp_ctrl[32]    out     0.1000   0.0000    0.40   --      --         
cp_ctrl[33]    out     0.1000   0.0000    0.40   --      --         
cp_ctrl[34]    out     0.1000   0.0000    0.40   --      --         
cp_ctrl[35]    out     0.1000   0.0000    0.40   --      --         
cp_ctrl[36]    out     0.1000   0.0000    0.40   --      --         
cp_ctrl[37]    out     0.1000   0.0000    0.40   --      --         
cp_ctrl[38]    out     0.1000   0.0000    0.40   --      --         
cp_ctrl[39]    out     0.1000   0.0000    0.40   --      --         
cp_ctrl[40]    out     0.1000   0.0000    0.40   --      --         
cp_ctrl[41]    out     0.1000   0.0000    0.40   --      --         
cp_ctrl[42]    out     0.1000   0.0000    0.40   --      --         
cp_ctrl[43]    out     0.1000   0.0000    0.40   --      --         
cp_ctrl[44]    out     0.1000   0.0000    0.40   --      --         
cp_ctrl[45]    out     0.1000   0.0000    0.40   --      --         
cp_ctrl[46]    out     0.1000   0.0000    0.40   --      --         
cp_ctrl[47]    out     0.1000   0.0000    0.40   --      --         
cp_ctrl[48]    out     0.1000   0.0000    0.40   --      --         
cp_ctrl[49]    out     0.1000   0.0000    0.40   --      --         
cp_ctrl[50]    out     0.1000   0.0000    0.40   --      --         
cp_ctrl[51]    out     0.1000   0.0000    0.40   --      --         
cp_ctrl[52]    out     0.1000   0.0000    0.40   --      --         
cp_ctrl[53]    out     0.1000   0.0000    0.40   --      --         
cp_ctrl[54]    out     0.1000   0.0000    0.40   --      --         
cp_ctrl[55]    out     0.1000   0.0000    0.40   --      --         
cp_ctrl[56]    out     0.1000   0.0000    0.40   --      --         
cp_ctrl[57]    out     0.1000   0.0000    0.40   --      --         
cp_ctrl[58]    out     0.1000   0.0000    0.40   --      --         
cp_ctrl[59]    out     0.1000   0.0000    0.40   --      --         
cp_ctrl[60]    out     0.1000   0.0000    0.40   --      --         
cp_ctrl[61]    out     0.1000   0.0000    0.40   --      --         
cp_ctrl[62]    out     0.1000   0.0000    0.40   --      --         
cp_ctrl[63]    out     0.1000   0.0000    0.40   --      --         
cp_ctrl[64]    out     0.1000   0.0000    0.40   --      --         
cp_ctrl[65]    out     0.1000   0.0000    0.40   --      --         
cp_ctrl[66]    out     0.1000   0.0000    0.40   --      --         
cp_ctrl[67]    out     0.1000   0.0000    0.40   --      --         
cp_ctrl[68]    out     0.1000   0.0000    0.40   --      --         
cp_ctrl[69]    out     0.1000   0.0000    0.40   --      --         
cp_ctrl[70]    out     0.1000   0.0000    0.40   --      --         
cp_ctrl[71]    out     0.1000   0.0000    0.40   --      --         
cp_ctrl[72]    out     0.1000   0.0000    0.40   --      --         
cp_ctrl[73]    out     0.1000   0.0000    0.40   --      --         
cp_ctrl[74]    out     0.1000   0.0000    0.40   --      --         
cp_ctrl[75]    out     0.1000   0.0000    0.40   --      --         
cp_ctrl[76]    out     0.1000   0.0000    0.40   --      --         
cp_ctrl[77]    out     0.1000   0.0000    0.40   --      --         
cp_ctrl[78]    out     0.1000   0.0000    0.40   --      --         
cp_ctrl[79]    out     0.1000   0.0000    0.40   --      --         
cp_ctrl[80]    out     0.1000   0.0000    0.40   --      --         
cp_ctrl[81]    out     0.1000   0.0000    0.40   --      --         
cp_ctrl[82]    out     0.1000   0.0000    0.40   --      --         
cp_ctrl[83]    out     0.1000   0.0000    0.40   --      --         
cp_ctrl[84]    out     0.1000   0.0000    0.40   --      --         
cp_ctrl[85]    out     0.1000   0.0000    0.40   --      --         
cp_ctrl[86]    out     0.1000   0.0000    0.40   --      --         
cp_ctrl[87]    out     0.1000   0.0000    0.40   --      --         
cp_ctrl[88]    out     0.1000   0.0000    0.40   --      --         
cp_ctrl[89]    out     0.1000   0.0000    0.40   --      --         
cp_ctrl[90]    out     0.1000   0.0000    0.40   --      --         
cp_ctrl[91]    out     0.1000   0.0000    0.40   --      --         
cp_ctrl[92]    out     0.1000   0.0000    0.40   --      --         
cp_ctrl[93]    out     0.1000   0.0000    0.40   --      --         
cp_ctrl[94]    out     0.1000   0.0000    0.40   --      --         
cp_ctrl[95]    out     0.1000   0.0000    0.40   --      --         
cp_ctrl[96]    out     0.1000   0.0000    0.40   --      --         
cp_ctrl[97]    out     0.1000   0.0000    0.40   --      --         
cp_ctrl[98]    out     0.1000   0.0000    0.40   --      --         
cp_ctrl[99]    out     0.1000   0.0000    0.40   --      --         
cp_ctrl[100]   out     0.1000   0.0000    0.40   --      --         
cp_ctrl[101]   out     0.1000   0.0000    0.40   --      --         
cp_ctrl[102]   out     0.1000   0.0000    0.40   --      --         
cp_ctrl[103]   out     0.1000   0.0000    0.40   --      --         
cp_ctrl[104]   out     0.1000   0.0000    0.40   --      --         
cp_ctrl[105]   out     0.1000   0.0000    0.40   --      --         
cp_ctrl[106]   out     0.1000   0.0000    0.40   --      --         
cp_ctrl[107]   out     0.1000   0.0000    0.40   --      --         
cp_ctrl[108]   out     0.1000   0.0000    0.40   --      --         
cp_ctrl[109]   out     0.1000   0.0000    0.40   --      --         
cp_ctrl[110]   out     0.1000   0.0000    0.40   --      --         
cp_ctrl[111]   out     0.1000   0.0000    0.40   --      --         
cp_ctrl[112]   out     0.1000   0.0000    0.40   --      --         
cp_ctrl[113]   out     0.1000   0.0000    0.40   --      --         
cp_ctrl[114]   out     0.1000   0.0000    0.40   --      --         
cp_ctrl[115]   out     0.1000   0.0000    0.40   --      --         
cp_ctrl[116]   out     0.1000   0.0000    0.40   --      --         
cp_ctrl[117]   out     0.1000   0.0000    0.40   --      --         
cp_ctrl[118]   out     0.1000   0.0000    0.40   --      --         
cp_ctrl[119]   out     0.1000   0.0000    0.40   --      --         
cp_ctrl[120]   out     0.1000   0.0000    0.40   --      --         
cp_ctrl[121]   out     0.1000   0.0000    0.40   --      --         
cp_ctrl[122]   out     0.1000   0.0000    0.40   --      --         
cp_ctrl[123]   out     0.1000   0.0000    0.40   --      --         
cp_ctrl[124]   out     0.1000   0.0000    0.40   --      --         
cp_ctrl[125]   out     0.1000   0.0000    0.40   --      --         
cp_ctrl[126]   out     0.1000   0.0000    0.40   --      --         
cp_ctrl[127]   out     0.1000   0.0000    0.40   --      --         
cp_ctrl[128]   out     0.1000   0.0000    0.40   --      --         
cp_ctrl[129]   out     0.1000   0.0000    0.40   --      --         
cp_ctrl[130]   out     0.1000   0.0000    0.40   --      --         
cp_ctrl[131]   out     0.1000   0.0000    0.40   --      --         
cp_ctrl[132]   out     0.1000   0.0000    0.40   --      --         
cp_ctrl[133]   out     0.1000   0.0000    0.40   --      --         
cp_ctrl[134]   out     0.1000   0.0000    0.40   --      --         
cp_ctrl[135]   out     0.1000   0.0000    0.40   --      --         
cp_ctrl[136]   out     0.1000   0.0000    0.40   --      --         
cp_ctrl[137]   out     0.1000   0.0000    0.40   --      --         
cp_ctrl[138]   out     0.1000   0.0000    0.40   --      --         
cp_ctrl[139]   out     0.1000   0.0000    0.40   --      --         
cp_ctrl[140]   out     0.1000   0.0000    0.40   --      --         
cp_ctrl[141]   out     0.1000   0.0000    0.40   --      --         
cp_ctrl[142]   out     0.1000   0.0000    0.40   --      --         
cp_ctrl[143]   out     0.1000   0.0000    0.40   --      --         
cp_ctrl[144]   out     0.1000   0.0000    0.40   --      --         
cp_ctrl[145]   out     0.1000   0.0000    0.40   --      --         
cp_ctrl[146]   out     0.1000   0.0000    0.40   --      --         
cp_ctrl[147]   out     0.1000   0.0000    0.40   --      --         
cp_ctrl[148]   out     0.1000   0.0000    0.40   --      --         
cp_ctrl[149]   out     0.1000   0.0000    0.40   --      --         
cp_ctrl[150]   out     0.1000   0.0000    0.40   --      --         
cp_ctrl[151]   out     0.1000   0.0000    0.40   --      --         
cp_ctrl[152]   out     0.1000   0.0000    0.40   --      --         
cp_ctrl[153]   out     0.1000   0.0000    0.40   --      --         
cp_ctrl[154]   out     0.1000   0.0000    0.40   --      --         
cp_ctrl[155]   out     0.1000   0.0000    0.40   --      --         
cp_ctrl[156]   out     0.1000   0.0000    0.40   --      --         
cp_ctrl[157]   out     0.1000   0.0000    0.40   --      --         
cp_ctrl[158]   out     0.1000   0.0000    0.40   --      --         
cp_ctrl[159]   out     0.1000   0.0000    0.40   --      --         
cp_ctrl[160]   out     0.1000   0.0000    0.40   --      --         
cp_ctrl[161]   out     0.1000   0.0000    0.40   --      --         
cp_ctrl[162]   out     0.1000   0.0000    0.40   --      --         
cp_ctrl[163]   out     0.1000   0.0000    0.40   --      --         
cp_ctrl[164]   out     0.1000   0.0000    0.40   --      --         
cp_ctrl[165]   out     0.1000   0.0000    0.40   --      --         
cp_ctrl[166]   out     0.1000   0.0000    0.40   --      --         
cp_ctrl[167]   out     0.1000   0.0000    0.40   --      --         
cp_ctrl[168]   out     0.1000   0.0000    0.40   --      --         
cp_ctrl[169]   out     0.1000   0.0000    0.40   --      --         
cp_ctrl[170]   out     0.1000   0.0000    0.40   --      --         
cp_ctrl[171]   out     0.1000   0.0000    0.40   --      --         
cp_ctrl[172]   out     0.1000   0.0000    0.40   --      --         
cp_ctrl[173]   out     0.1000   0.0000    0.40   --      --         
cp_ctrl[174]   out     0.1000   0.0000    0.40   --      --         
cp_ctrl[175]   out     0.1000   0.0000    0.40   --      --         
cp_ctrl[176]   out     0.1000   0.0000    0.40   --      --         
cp_ctrl[177]   out     0.1000   0.0000    0.40   --      --         
cp_ctrl[178]   out     0.1000   0.0000    0.40   --      --         
cp_ctrl[179]   out     0.1000   0.0000    0.40   --      --         
cp_ctrl[180]   out     0.1000   0.0000    0.40   --      --         
cp_ctrl[181]   out     0.1000   0.0000    0.40   --      --         
cp_ctrl[182]   out     0.1000   0.0000    0.40   --      --         
cp_ctrl[183]   out     0.1000   0.0000    0.40   --      --         
cp_ctrl[184]   out     0.1000   0.0000    0.40   --      --         
cp_ctrl[185]   out     0.1000   0.0000    0.40   --      --         
cp_ctrl[186]   out     0.1000   0.0000    0.40   --      --         
cp_ctrl[187]   out     0.1000   0.0000    0.40   --      --         
cp_ctrl[188]   out     0.1000   0.0000    0.40   --      --         
cp_ctrl[189]   out     0.1000   0.0000    0.40   --      --         
cp_ctrl[190]   out     0.1000   0.0000    0.40   --      --         
cp_ctrl[191]   out     0.1000   0.0000    0.40   --      --         
cp_ctrl[192]   out     0.1000   0.0000    0.40   --      --         
cp_ctrl[193]   out     0.1000   0.0000    0.40   --      --         
cp_ctrl[194]   out     0.1000   0.0000    0.40   --      --         
cp_ctrl[195]   out     0.1000   0.0000    0.40   --      --         
cp_ctrl[196]   out     0.1000   0.0000    0.40   --      --         
cp_ctrl[197]   out     0.1000   0.0000    0.40   --      --         
cp_ctrl[198]   out     0.1000   0.0000    0.40   --      --         
cp_ctrl[199]   out     0.1000   0.0000    0.40   --      --         
cp_ctrl[200]   out     0.1000   0.0000    0.40   --      --         
cp_ctrl[201]   out     0.1000   0.0000    0.40   --      --         
cp_ctrl[202]   out     0.1000   0.0000    0.40   --      --         
cp_ctrl[203]   out     0.1000   0.0000    0.40   --      --         
cp_ctrl[204]   out     0.1000   0.0000    0.40   --      --         
cp_ctrl[205]   out     0.1000   0.0000    0.40   --      --         
cp_ctrl[206]   out     0.1000   0.0000    0.40   --      --         
cp_ctrl[207]   out     0.1000   0.0000    0.40   --      --         
cp_ctrl[208]   out     0.1000   0.0000    0.40   --      --         
cp_ctrl[209]   out     0.1000   0.0000    0.40   --      --         
cp_ctrl[210]   out     0.1000   0.0000    0.40   --      --         
cp_ctrl[211]   out     0.1000   0.0000    0.40   --      --         
cp_ctrl[212]   out     0.1000   0.0000    0.40   --      --         
cp_ctrl[213]   out     0.1000   0.0000    0.40   --      --         
cp_ctrl[214]   out     0.1000   0.0000    0.40   --      --         
cp_ctrl[215]   out     0.1000   0.0000    0.40   --      --         
cp_ctrl[216]   out     0.1000   0.0000    0.40   --      --         
cp_ctrl[217]   out     0.1000   0.0000    0.40   --      --         
cp_ctrl[218]   out     0.1000   0.0000    0.40   --      --         
cp_ctrl[219]   out     0.1000   0.0000    0.40   --      --         
cp_ctrl[220]   out     0.1000   0.0000    0.40   --      --         
cp_ctrl[221]   out     0.1000   0.0000    0.40   --      --         
cp_ctrl[222]   out     0.1000   0.0000    0.40   --      --         
cp_ctrl[223]   out     0.1000   0.0000    0.40   --      --         
cp_ctrl[224]   out     0.1000   0.0000    0.40   --      --         
cp_ctrl[225]   out     0.1000   0.0000    0.40   --      --         
cp_ctrl[226]   out     0.1000   0.0000    0.40   --      --         
cp_ctrl[227]   out     0.1000   0.0000    0.40   --      --         
cp_ctrl[228]   out     0.1000   0.0000    0.40   --      --         
cp_ctrl[229]   out     0.1000   0.0000    0.40   --      --         
cp_ctrl[230]   out     0.1000   0.0000    0.40   --      --         
cp_ctrl[231]   out     0.1000   0.0000    0.40   --      --         
cp_ctrl[232]   out     0.1000   0.0000    0.40   --      --         
cp_ctrl[233]   out     0.1000   0.0000    0.40   --      --         
cp_ctrl[234]   out     0.1000   0.0000    0.40   --      --         
cp_ctrl[235]   out     0.1000   0.0000    0.40   --      --         
cp_ctrl[236]   out     0.1000   0.0000    0.40   --      --         
cp_ctrl[237]   out     0.1000   0.0000    0.40   --      --         
cp_ctrl[238]   out     0.1000   0.0000    0.40   --      --         
cp_ctrl[239]   out     0.1000   0.0000    0.40   --      --         
cp_ctrl[240]   out     0.1000   0.0000    0.40   --      --         
cp_ctrl[241]   out     0.1000   0.0000    0.40   --      --         
cp_ctrl[242]   out     0.1000   0.0000    0.40   --      --         
cp_ctrl[243]   out     0.1000   0.0000    0.40   --      --         
cp_ctrl[244]   out     0.1000   0.0000    0.40   --      --         
cp_ctrl[245]   out     0.1000   0.0000    0.40   --      --         
cp_ctrl[246]   out     0.1000   0.0000    0.40   --      --         
cp_ctrl[247]   out     0.1000   0.0000    0.40   --      --         
cp_ctrl[248]   out     0.1000   0.0000    0.40   --      --         
cp_ctrl[249]   out     0.1000   0.0000    0.40   --      --         
cp_ctrl[250]   out     0.1000   0.0000    0.40   --      --         
cp_ctrl[251]   out     0.1000   0.0000    0.40   --      --         
cp_ctrl[252]   out     0.1000   0.0000    0.40   --      --         
cp_ctrl[253]   out     0.1000   0.0000    0.40   --      --         
cp_ctrl[254]   out     0.1000   0.0000    0.40   --      --         
cp_ctrl[255]   out     0.1000   0.0000    0.40   --      --         
cp_ctrl[256]   out     0.1000   0.0000    0.40   --      --         
cp_ctrl[257]   out     0.1000   0.0000    0.40   --      --         
cp_ctrl[258]   out     0.1000   0.0000    0.40   --      --         
cp_ctrl[259]   out     0.1000   0.0000    0.40   --      --         
cp_ctrl[260]   out     0.1000   0.0000    0.40   --      --         
cp_ctrl[261]   out     0.1000   0.0000    0.40   --      --         
cp_ctrl[262]   out     0.1000   0.0000    0.40   --      --         
cp_ctrl[263]   out     0.1000   0.0000    0.40   --      --         
cp_ctrl[264]   out     0.1000   0.0000    0.40   --      --         
cp_ctrl[265]   out     0.1000   0.0000    0.40   --      --         
cp_ctrl[266]   out     0.1000   0.0000    0.40   --      --         
cp_ctrl[267]   out     0.1000   0.0000    0.40   --      --         
cp_ctrl[268]   out     0.1000   0.0000    0.40   --      --         
cp_ctrl[269]   out     0.1000   0.0000    0.40   --      --         
cp_ctrl[270]   out     0.1000   0.0000    0.40   --      --         
cp_ctrl[271]   out     0.1000   0.0000    0.40   --      --         
cp_ctrl[272]   out     0.1000   0.0000    0.40   --      --         
cp_ctrl[273]   out     0.1000   0.0000    0.40   --      --         
cp_ctrl[274]   out     0.1000   0.0000    0.40   --      --         
cp_ctrl[275]   out     0.1000   0.0000    0.40   --      --         
cp_ctrl[276]   out     0.1000   0.0000    0.40   --      --         
cp_ctrl[277]   out     0.1000   0.0000    0.40   --      --         
cp_ctrl[278]   out     0.1000   0.0000    0.40   --      --         
cp_ctrl[279]   out     0.1000   0.0000    0.40   --      --         
cp_ctrl[280]   out     0.1000   0.0000    0.40   --      --         
cp_ctrl[281]   out     0.1000   0.0000    0.40   --      --         
cp_ctrl[282]   out     0.1000   0.0000    0.40   --      --         
cp_ctrl[283]   out     0.1000   0.0000    0.40   --      --         
cp_ctrl[284]   out     0.1000   0.0000    0.40   --      --         
cp_ctrl[285]   out     0.1000   0.0000    0.40   --      --         
cp_ctrl[286]   out     0.1000   0.0000    0.40   --      --         
cp_ctrl[287]   out     0.1000   0.0000    0.40   --      --         
cp_ctrl[288]   out     0.1000   0.0000    0.40   --      --         
cp_ctrl[289]   out     0.1000   0.0000    0.40   --      --         
cp_ctrl[290]   out     0.1000   0.0000    0.40   --      --         
cp_ctrl[291]   out     0.1000   0.0000    0.40   --      --         
cp_ctrl[292]   out     0.1000   0.0000    0.40   --      --         
cp_ctrl[293]   out     0.1000   0.0000    0.40   --      --         
cp_ctrl[294]   out     0.1000   0.0000    0.40   --      --         
cp_ctrl[295]   out     0.1000   0.0000    0.40   --      --         
cp_ctrl[296]   out     0.1000   0.0000    0.40   --      --         
cp_ctrl[297]   out     0.1000   0.0000    0.40   --      --         
cp_ctrl[298]   out     0.1000   0.0000    0.40   --      --         
cp_ctrl[299]   out     0.1000   0.0000    0.40   --      --         
cp_ctrl[300]   out     0.1000   0.0000    0.40   --      --         
cp_ctrl[301]   out     0.1000   0.0000    0.40   --      --         
cp_ctrl[302]   out     0.1000   0.0000    0.40   --      --         
cp_ctrl[303]   out     0.1000   0.0000    0.40   --      --         
cp_ctrl[304]   out     0.1000   0.0000    0.40   --      --         
cp_ctrl[305]   out     0.1000   0.0000    0.40   --      --         
cp_ctrl[306]   out     0.1000   0.0000    0.40   --      --         
cp_ctrl[307]   out     0.1000   0.0000    0.40   --      --         
cp_ctrl[308]   out     0.1000   0.0000    0.40   --      --         
cp_ctrl[309]   out     0.1000   0.0000    0.40   --      --         
cp_ctrl[310]   out     0.1000   0.0000    0.40   --      --         
cp_ctrl[311]   out     0.1000   0.0000    0.40   --      --         
cp_ctrl[312]   out     0.1000   0.0000    0.40   --      --         
cp_ctrl[313]   out     0.1000   0.0000    0.40   --      --         
cp_ctrl[314]   out     0.1000   0.0000    0.40   --      --         
cp_ctrl[315]   out     0.1000   0.0000    0.40   --      --         
cp_ctrl[316]   out     0.1000   0.0000    0.40   --      --         
cp_ctrl[317]   out     0.1000   0.0000    0.40   --      --         
cp_ctrl[318]   out     0.1000   0.0000    0.40   --      --         
cp_ctrl[319]   out     0.1000   0.0000    0.40   --      --         
cp_ctrl[320]   out     0.1000   0.0000    0.40   --      --         
cp_ctrl[321]   out     0.1000   0.0000    0.40   --      --         
cp_ctrl[322]   out     0.1000   0.0000    0.40   --      --         
cp_ctrl[323]   out     0.1000   0.0000    0.40   --      --         
cp_ctrl[324]   out     0.1000   0.0000    0.40   --      --         
cp_ctrl[325]   out     0.1000   0.0000    0.40   --      --         
cp_ctrl[326]   out     0.1000   0.0000    0.40   --      --         
cp_ctrl[327]   out     0.1000   0.0000    0.40   --      --         
cp_ctrl[328]   out     0.1000   0.0000    0.40   --      --         
cp_ctrl[329]   out     0.1000   0.0000    0.40   --      --         
cp_ctrl[330]   out     0.1000   0.0000    0.40   --      --         
cp_ctrl[331]   out     0.1000   0.0000    0.40   --      --         
cp_ctrl[332]   out     0.1000   0.0000    0.40   --      --         
cp_ctrl[333]   out     0.1000   0.0000    0.40   --      --         
cp_ctrl[334]   out     0.1000   0.0000    0.40   --      --         
cp_ctrl[335]   out     0.1000   0.0000    0.40   --      --         
cp_ctrl[336]   out     0.1000   0.0000    0.40   --      --         
cp_ctrl[337]   out     0.1000   0.0000    0.40   --      --         
cp_ctrl[338]   out     0.1000   0.0000    0.40   --      --         
cp_ctrl[339]   out     0.1000   0.0000    0.40   --      --         
cp_ctrl[340]   out     0.1000   0.0000    0.40   --      --         
cp_ctrl[341]   out     0.1000   0.0000    0.40   --      --         
cp_ctrl[342]   out     0.1000   0.0000    0.40   --      --         
cp_ctrl[343]   out     0.1000   0.0000    0.40   --      --         
cp_ctrl[344]   out     0.1000   0.0000    0.40   --      --         
cp_ctrl[345]   out     0.1000   0.0000    0.40   --      --         
cp_ctrl[346]   out     0.1000   0.0000    0.40   --      --         
cp_ctrl[347]   out     0.1000   0.0000    0.40   --      --         
cp_ctrl[348]   out     0.1000   0.0000    0.40   --      --         
cp_ctrl[349]   out     0.1000   0.0000    0.40   --      --         
cp_ctrl[350]   out     0.1000   0.0000    0.40   --      --         
cp_ctrl[351]   out     0.1000   0.0000    0.40   --      --         
cp_ctrl[352]   out     0.1000   0.0000    0.40   --      --         
cp_ctrl[353]   out     0.1000   0.0000    0.40   --      --         
cp_ctrl[354]   out     0.1000   0.0000    0.40   --      --         
cp_ctrl[355]   out     0.1000   0.0000    0.40   --      --         
cp_ctrl[356]   out     0.1000   0.0000    0.40   --      --         
cp_ctrl[357]   out     0.1000   0.0000    0.40   --      --         
cp_ctrl[358]   out     0.1000   0.0000    0.40   --      --         
cp_ctrl[359]   out     0.1000   0.0000    0.40   --      --         
cp_ctrl[360]   out     0.1000   0.0000    0.40   --      --         
cp_ctrl[361]   out     0.1000   0.0000    0.40   --      --         
cp_ctrl[362]   out     0.1000   0.0000    0.40   --      --         
cp_ctrl[363]   out     0.1000   0.0000    0.40   --      --         
cp_ctrl[364]   out     0.1000   0.0000    0.40   --      --         
cp_ctrl[365]   out     0.1000   0.0000    0.40   --      --         
cp_ctrl[366]   out     0.1000   0.0000    0.40   --      --         
cp_ctrl[367]   out     0.1000   0.0000    0.40   --      --         
cp_ctrl[368]   out     0.1000   0.0000    0.40   --      --         
cp_ctrl[369]   out     0.1000   0.0000    0.40   --      --         
cp_ctrl[370]   out     0.1000   0.0000    0.40   --      --         
cp_ctrl[371]   out     0.1000   0.0000    0.40   --      --         
cp_ctrl[372]   out     0.1000   0.0000    0.40   --      --         
cp_ctrl[373]   out     0.1000   0.0000    0.40   --      --         
cp_ctrl[374]   out     0.1000   0.0000    0.40   --      --         
cp_ctrl[375]   out     0.1000   0.0000    0.40   --      --         
cp_ctrl[376]   out     0.1000   0.0000    0.40   --      --         
cp_ctrl[377]   out     0.1000   0.0000    0.40   --      --         
cp_ctrl[378]   out     0.1000   0.0000    0.40   --      --         
cp_ctrl[379]   out     0.1000   0.0000    0.40   --      --         
cp_ctrl[380]   out     0.1000   0.0000    0.40   --      --         
cp_ctrl[381]   out     0.1000   0.0000    0.40   --      --         
cp_ctrl[382]   out     0.1000   0.0000    0.40   --      --         
cp_ctrl[383]   out     0.1000   0.0000    0.40   --      --         
cp_ctrl[384]   out     0.1000   0.0000    0.40   --      --         
cp_ctrl[385]   out     0.1000   0.0000    0.40   --      --         
cp_ctrl[386]   out     0.1000   0.0000    0.40   --      --         
cp_ctrl[387]   out     0.1000   0.0000    0.40   --      --         
cp_ctrl[388]   out     0.1000   0.0000    0.40   --      --         
cp_ctrl[389]   out     0.1000   0.0000    0.40   --      --         
cp_ctrl[390]   out     0.1000   0.0000    0.40   --      --         
cp_ctrl[391]   out     0.1000   0.0000    0.40   --      --         
cp_ctrl[392]   out     0.1000   0.0000    0.40   --      --         
cp_ctrl[393]   out     0.1000   0.0000    0.40   --      --         
cp_ctrl[394]   out     0.1000   0.0000    0.40   --      --         
cp_ctrl[395]   out     0.1000   0.0000    0.40   --      --         
cp_ctrl[396]   out     0.1000   0.0000    0.40   --      --         
cp_ctrl[397]   out     0.1000   0.0000    0.40   --      --         
cp_ctrl[398]   out     0.1000   0.0000    0.40   --      --         
cp_ctrl[399]   out     0.1000   0.0000    0.40   --      --         
cp_ctrl[400]   out     0.1000   0.0000    0.40   --      --         
cp_ctrl[401]   out     0.1000   0.0000    0.40   --      --         
cp_ctrl[402]   out     0.1000   0.0000    0.40   --      --         
cp_ctrl[403]   out     0.1000   0.0000    0.40   --      --         
cp_ctrl[404]   out     0.1000   0.0000    0.40   --      --         
cp_ctrl[405]   out     0.1000   0.0000    0.40   --      --         
cp_ctrl[406]   out     0.1000   0.0000    0.40   --      --         
cp_ctrl[407]   out     0.1000   0.0000    0.40   --      --         
cp_ctrl[408]   out     0.1000   0.0000    0.40   --      --         
cp_ctrl[409]   out     0.1000   0.0000    0.40   --      --         
cp_ctrl[410]   out     0.1000   0.0000    0.40   --      --         
cp_ctrl[411]   out     0.1000   0.0000    0.40   --      --         
cp_ctrl[412]   out     0.1000   0.0000    0.40   --      --         
cp_ctrl[413]   out     0.1000   0.0000    0.40   --      --         
cp_ctrl[414]   out     0.1000   0.0000    0.40   --      --         
cp_ctrl[415]   out     0.1000   0.0000    0.40   --      --         
cp_ctrl[416]   out     0.1000   0.0000    0.40   --      --         
cp_ctrl[417]   out     0.1000   0.0000    0.40   --      --         
cp_ctrl[418]   out     0.1000   0.0000    0.40   --      --         
cp_ctrl[419]   out     0.1000   0.0000    0.40   --      --         
p_out          out     0.1000   0.0000    0.40   --      --         
p_out_vld      out     0.1000   0.0000    0.40   --      --         
rd_data_out    out     0.1000   0.0000    0.40   --      --         
rd_vld         out     0.1000   0.0000    0.40   --      --         


              External  Max             Min                Min       Min
              Number    Wireload        Wireload           Pin       Wire
Port          Points    Model           Model              Load      Load
--------------------------------------------------------------------------------
clk                1      --              --              --        -- 
p_code[0]          1      --              --              --        -- 
p_code[1]          1      --              --              --        -- 
p_code[2]          1      --              --              --        -- 
p_code[3]          1      --              --              --        -- 
p_code[4]          1      --              --              --        -- 
p_code[5]          1      --              --              --        -- 
p_code[6]          1      --              --              --        -- 
p_code[7]          1      --              --              --        -- 
p_code[8]          1      --              --              --        -- 
p_code[9]          1      --              --              --        -- 
p_code[10]         1      --              --              --        -- 
p_code[11]         1      --              --              --        -- 
p_code[12]         1      --              --              --        -- 
p_code[13]         1      --              --              --        -- 
p_code[14]         1      --              --              --        -- 
p_code[15]         1      --              --              --        -- 
p_code[16]         1      --              --              --        -- 
p_code[17]         1      --              --              --        -- 
p_code[18]         1      --              --              --        -- 
p_code[19]         1      --              --              --        -- 
p_code_vld         1      --              --              --        -- 
rd_rdy             1      --              --              --        -- 
rstn               1      --              --              --        -- 
wr_data_in         1      --              --              --        -- 
wr_vld             1      --              --              --        -- 
cp_ctrl[0]         1      --              --              --        -- 
cp_ctrl[1]         1      --              --              --        -- 
cp_ctrl[2]         1      --              --              --        -- 
cp_ctrl[3]         1      --              --              --        -- 
cp_ctrl[4]         1      --              --              --        -- 
cp_ctrl[5]         1      --              --              --        -- 
cp_ctrl[6]         1      --              --              --        -- 
cp_ctrl[7]         1      --              --              --        -- 
cp_ctrl[8]         1      --              --              --        -- 
cp_ctrl[9]         1      --              --              --        -- 
cp_ctrl[10]        1      --              --              --        -- 
cp_ctrl[11]        1      --              --              --        -- 
cp_ctrl[12]        1      --              --              --        -- 
cp_ctrl[13]        1      --              --              --        -- 
cp_ctrl[14]        1      --              --              --        -- 
cp_ctrl[15]        1      --              --              --        -- 
cp_ctrl[16]        1      --              --              --        -- 
cp_ctrl[17]        1      --              --              --        -- 
cp_ctrl[18]        1      --              --              --        -- 
cp_ctrl[19]        1      --              --              --        -- 
cp_ctrl[20]        1      --              --              --        -- 
cp_ctrl[21]        1      --              --              --        -- 
cp_ctrl[22]        1      --              --              --        -- 
cp_ctrl[23]        1      --              --              --        -- 
cp_ctrl[24]        1      --              --              --        -- 
cp_ctrl[25]        1      --              --              --        -- 
cp_ctrl[26]        1      --              --              --        -- 
cp_ctrl[27]        1      --              --              --        -- 
cp_ctrl[28]        1      --              --              --        -- 
cp_ctrl[29]        1      --              --              --        -- 
cp_ctrl[30]        1      --              --              --        -- 
cp_ctrl[31]        1      --              --              --        -- 
cp_ctrl[32]        1      --              --              --        -- 
cp_ctrl[33]        1      --              --              --        -- 
cp_ctrl[34]        1      --              --              --        -- 
cp_ctrl[35]        1      --              --              --        -- 
cp_ctrl[36]        1      --              --              --        -- 
cp_ctrl[37]        1      --              --              --        -- 
cp_ctrl[38]        1      --              --              --        -- 
cp_ctrl[39]        1      --              --              --        -- 
cp_ctrl[40]        1      --              --              --        -- 
cp_ctrl[41]        1      --              --              --        -- 
cp_ctrl[42]        1      --              --              --        -- 
cp_ctrl[43]        1      --              --              --        -- 
cp_ctrl[44]        1      --              --              --        -- 
cp_ctrl[45]        1      --              --              --        -- 
cp_ctrl[46]        1      --              --              --        -- 
cp_ctrl[47]        1      --              --              --        -- 
cp_ctrl[48]        1      --              --              --        -- 
cp_ctrl[49]        1      --              --              --        -- 
cp_ctrl[50]        1      --              --              --        -- 
cp_ctrl[51]        1      --              --              --        -- 
cp_ctrl[52]        1      --              --              --        -- 
cp_ctrl[53]        1      --              --              --        -- 
cp_ctrl[54]        1      --              --              --        -- 
cp_ctrl[55]        1      --              --              --        -- 
cp_ctrl[56]        1      --              --              --        -- 
cp_ctrl[57]        1      --              --              --        -- 
cp_ctrl[58]        1      --              --              --        -- 
cp_ctrl[59]        1      --              --              --        -- 
cp_ctrl[60]        1      --              --              --        -- 
cp_ctrl[61]        1      --              --              --        -- 
cp_ctrl[62]        1      --              --              --        -- 
cp_ctrl[63]        1      --              --              --        -- 
cp_ctrl[64]        1      --              --              --        -- 
cp_ctrl[65]        1      --              --              --        -- 
cp_ctrl[66]        1      --              --              --        -- 
cp_ctrl[67]        1      --              --              --        -- 
cp_ctrl[68]        1      --              --              --        -- 
cp_ctrl[69]        1      --              --              --        -- 
cp_ctrl[70]        1      --              --              --        -- 
cp_ctrl[71]        1      --              --              --        -- 
cp_ctrl[72]        1      --              --              --        -- 
cp_ctrl[73]        1      --              --              --        -- 
cp_ctrl[74]        1      --              --              --        -- 
cp_ctrl[75]        1      --              --              --        -- 
cp_ctrl[76]        1      --              --              --        -- 
cp_ctrl[77]        1      --              --              --        -- 
cp_ctrl[78]        1      --              --              --        -- 
cp_ctrl[79]        1      --              --              --        -- 
cp_ctrl[80]        1      --              --              --        -- 
cp_ctrl[81]        1      --              --              --        -- 
cp_ctrl[82]        1      --              --              --        -- 
cp_ctrl[83]        1      --              --              --        -- 
cp_ctrl[84]        1      --              --              --        -- 
cp_ctrl[85]        1      --              --              --        -- 
cp_ctrl[86]        1      --              --              --        -- 
cp_ctrl[87]        1      --              --              --        -- 
cp_ctrl[88]        1      --              --              --        -- 
cp_ctrl[89]        1      --              --              --        -- 
cp_ctrl[90]        1      --              --              --        -- 
cp_ctrl[91]        1      --              --              --        -- 
cp_ctrl[92]        1      --              --              --        -- 
cp_ctrl[93]        1      --              --              --        -- 
cp_ctrl[94]        1      --              --              --        -- 
cp_ctrl[95]        1      --              --              --        -- 
cp_ctrl[96]        1      --              --              --        -- 
cp_ctrl[97]        1      --              --              --        -- 
cp_ctrl[98]        1      --              --              --        -- 
cp_ctrl[99]        1      --              --              --        -- 
cp_ctrl[100]       1      --              --              --        -- 
cp_ctrl[101]       1      --              --              --        -- 
cp_ctrl[102]       1      --              --              --        -- 
cp_ctrl[103]       1      --              --              --        -- 
cp_ctrl[104]       1      --              --              --        -- 
cp_ctrl[105]       1      --              --              --        -- 
cp_ctrl[106]       1      --              --              --        -- 
cp_ctrl[107]       1      --              --              --        -- 
cp_ctrl[108]       1      --              --              --        -- 
cp_ctrl[109]       1      --              --              --        -- 
cp_ctrl[110]       1      --              --              --        -- 
cp_ctrl[111]       1      --              --              --        -- 
cp_ctrl[112]       1      --              --              --        -- 
cp_ctrl[113]       1      --              --              --        -- 
cp_ctrl[114]       1      --              --              --        -- 
cp_ctrl[115]       1      --              --              --        -- 
cp_ctrl[116]       1      --              --              --        -- 
cp_ctrl[117]       1      --              --              --        -- 
cp_ctrl[118]       1      --              --              --        -- 
cp_ctrl[119]       1      --              --              --        -- 
cp_ctrl[120]       1      --              --              --        -- 
cp_ctrl[121]       1      --              --              --        -- 
cp_ctrl[122]       1      --              --              --        -- 
cp_ctrl[123]       1      --              --              --        -- 
cp_ctrl[124]       1      --              --              --        -- 
cp_ctrl[125]       1      --              --              --        -- 
cp_ctrl[126]       1      --              --              --        -- 
cp_ctrl[127]       1      --              --              --        -- 
cp_ctrl[128]       1      --              --              --        -- 
cp_ctrl[129]       1      --              --              --        -- 
cp_ctrl[130]       1      --              --              --        -- 
cp_ctrl[131]       1      --              --              --        -- 
cp_ctrl[132]       1      --              --              --        -- 
cp_ctrl[133]       1      --              --              --        -- 
cp_ctrl[134]       1      --              --              --        -- 
cp_ctrl[135]       1      --              --              --        -- 
cp_ctrl[136]       1      --              --              --        -- 
cp_ctrl[137]       1      --              --              --        -- 
cp_ctrl[138]       1      --              --              --        -- 
cp_ctrl[139]       1      --              --              --        -- 
cp_ctrl[140]       1      --              --              --        -- 
cp_ctrl[141]       1      --              --              --        -- 
cp_ctrl[142]       1      --              --              --        -- 
cp_ctrl[143]       1      --              --              --        -- 
cp_ctrl[144]       1      --              --              --        -- 
cp_ctrl[145]       1      --              --              --        -- 
cp_ctrl[146]       1      --              --              --        -- 
cp_ctrl[147]       1      --              --              --        -- 
cp_ctrl[148]       1      --              --              --        -- 
cp_ctrl[149]       1      --              --              --        -- 
cp_ctrl[150]       1      --              --              --        -- 
cp_ctrl[151]       1      --              --              --        -- 
cp_ctrl[152]       1      --              --              --        -- 
cp_ctrl[153]       1      --              --              --        -- 
cp_ctrl[154]       1      --              --              --        -- 
cp_ctrl[155]       1      --              --              --        -- 
cp_ctrl[156]       1      --              --              --        -- 
cp_ctrl[157]       1      --              --              --        -- 
cp_ctrl[158]       1      --              --              --        -- 
cp_ctrl[159]       1      --              --              --        -- 
cp_ctrl[160]       1      --              --              --        -- 
cp_ctrl[161]       1      --              --              --        -- 
cp_ctrl[162]       1      --              --              --        -- 
cp_ctrl[163]       1      --              --              --        -- 
cp_ctrl[164]       1      --              --              --        -- 
cp_ctrl[165]       1      --              --              --        -- 
cp_ctrl[166]       1      --              --              --        -- 
cp_ctrl[167]       1      --              --              --        -- 
cp_ctrl[168]       1      --              --              --        -- 
cp_ctrl[169]       1      --              --              --        -- 
cp_ctrl[170]       1      --              --              --        -- 
cp_ctrl[171]       1      --              --              --        -- 
cp_ctrl[172]       1      --              --              --        -- 
cp_ctrl[173]       1      --              --              --        -- 
cp_ctrl[174]       1      --              --              --        -- 
cp_ctrl[175]       1      --              --              --        -- 
cp_ctrl[176]       1      --              --              --        -- 
cp_ctrl[177]       1      --              --              --        -- 
cp_ctrl[178]       1      --              --              --        -- 
cp_ctrl[179]       1      --              --              --        -- 
cp_ctrl[180]       1      --              --              --        -- 
cp_ctrl[181]       1      --              --              --        -- 
cp_ctrl[182]       1      --              --              --        -- 
cp_ctrl[183]       1      --              --              --        -- 
cp_ctrl[184]       1      --              --              --        -- 
cp_ctrl[185]       1      --              --              --        -- 
cp_ctrl[186]       1      --              --              --        -- 
cp_ctrl[187]       1      --              --              --        -- 
cp_ctrl[188]       1      --              --              --        -- 
cp_ctrl[189]       1      --              --              --        -- 
cp_ctrl[190]       1      --              --              --        -- 
cp_ctrl[191]       1      --              --              --        -- 
cp_ctrl[192]       1      --              --              --        -- 
cp_ctrl[193]       1      --              --              --        -- 
cp_ctrl[194]       1      --              --              --        -- 
cp_ctrl[195]       1      --              --              --        -- 
cp_ctrl[196]       1      --              --              --        -- 
cp_ctrl[197]       1      --              --              --        -- 
cp_ctrl[198]       1      --              --              --        -- 
cp_ctrl[199]       1      --              --              --        -- 
cp_ctrl[200]       1      --              --              --        -- 
cp_ctrl[201]       1      --              --              --        -- 
cp_ctrl[202]       1      --              --              --        -- 
cp_ctrl[203]       1      --              --              --        -- 
cp_ctrl[204]       1      --              --              --        -- 
cp_ctrl[205]       1      --              --              --        -- 
cp_ctrl[206]       1      --              --              --        -- 
cp_ctrl[207]       1      --              --              --        -- 
cp_ctrl[208]       1      --              --              --        -- 
cp_ctrl[209]       1      --              --              --        -- 
cp_ctrl[210]       1      --              --              --        -- 
cp_ctrl[211]       1      --              --              --        -- 
cp_ctrl[212]       1      --              --              --        -- 
cp_ctrl[213]       1      --              --              --        -- 
cp_ctrl[214]       1      --              --              --        -- 
cp_ctrl[215]       1      --              --              --        -- 
cp_ctrl[216]       1      --              --              --        -- 
cp_ctrl[217]       1      --              --              --        -- 
cp_ctrl[218]       1      --              --              --        -- 
cp_ctrl[219]       1      --              --              --        -- 
cp_ctrl[220]       1      --              --              --        -- 
cp_ctrl[221]       1      --              --              --        -- 
cp_ctrl[222]       1      --              --              --        -- 
cp_ctrl[223]       1      --              --              --        -- 
cp_ctrl[224]       1      --              --              --        -- 
cp_ctrl[225]       1      --              --              --        -- 
cp_ctrl[226]       1      --              --              --        -- 
cp_ctrl[227]       1      --              --              --        -- 
cp_ctrl[228]       1      --              --              --        -- 
cp_ctrl[229]       1      --              --              --        -- 
cp_ctrl[230]       1      --              --              --        -- 
cp_ctrl[231]       1      --              --              --        -- 
cp_ctrl[232]       1      --              --              --        -- 
cp_ctrl[233]       1      --              --              --        -- 
cp_ctrl[234]       1      --              --              --        -- 
cp_ctrl[235]       1      --              --              --        -- 
cp_ctrl[236]       1      --              --              --        -- 
cp_ctrl[237]       1      --              --              --        -- 
cp_ctrl[238]       1      --              --              --        -- 
cp_ctrl[239]       1      --              --              --        -- 
cp_ctrl[240]       1      --              --              --        -- 
cp_ctrl[241]       1      --              --              --        -- 
cp_ctrl[242]       1      --              --              --        -- 
cp_ctrl[243]       1      --              --              --        -- 
cp_ctrl[244]       1      --              --              --        -- 
cp_ctrl[245]       1      --              --              --        -- 
cp_ctrl[246]       1      --              --              --        -- 
cp_ctrl[247]       1      --              --              --        -- 
cp_ctrl[248]       1      --              --              --        -- 
cp_ctrl[249]       1      --              --              --        -- 
cp_ctrl[250]       1      --              --              --        -- 
cp_ctrl[251]       1      --              --              --        -- 
cp_ctrl[252]       1      --              --              --        -- 
cp_ctrl[253]       1      --              --              --        -- 
cp_ctrl[254]       1      --              --              --        -- 
cp_ctrl[255]       1      --              --              --        -- 
cp_ctrl[256]       1      --              --              --        -- 
cp_ctrl[257]       1      --              --              --        -- 
cp_ctrl[258]       1      --              --              --        -- 
cp_ctrl[259]       1      --              --              --        -- 
cp_ctrl[260]       1      --              --              --        -- 
cp_ctrl[261]       1      --              --              --        -- 
cp_ctrl[262]       1      --              --              --        -- 
cp_ctrl[263]       1      --              --              --        -- 
cp_ctrl[264]       1      --              --              --        -- 
cp_ctrl[265]       1      --              --              --        -- 
cp_ctrl[266]       1      --              --              --        -- 
cp_ctrl[267]       1      --              --              --        -- 
cp_ctrl[268]       1      --              --              --        -- 
cp_ctrl[269]       1      --              --              --        -- 
cp_ctrl[270]       1      --              --              --        -- 
cp_ctrl[271]       1      --              --              --        -- 
cp_ctrl[272]       1      --              --              --        -- 
cp_ctrl[273]       1      --              --              --        -- 
cp_ctrl[274]       1      --              --              --        -- 
cp_ctrl[275]       1      --              --              --        -- 
cp_ctrl[276]       1      --              --              --        -- 
cp_ctrl[277]       1      --              --              --        -- 
cp_ctrl[278]       1      --              --              --        -- 
cp_ctrl[279]       1      --              --              --        -- 
cp_ctrl[280]       1      --              --              --        -- 
cp_ctrl[281]       1      --              --              --        -- 
cp_ctrl[282]       1      --              --              --        -- 
cp_ctrl[283]       1      --              --              --        -- 
cp_ctrl[284]       1      --              --              --        -- 
cp_ctrl[285]       1      --              --              --        -- 
cp_ctrl[286]       1      --              --              --        -- 
cp_ctrl[287]       1      --              --              --        -- 
cp_ctrl[288]       1      --              --              --        -- 
cp_ctrl[289]       1      --              --              --        -- 
cp_ctrl[290]       1      --              --              --        -- 
cp_ctrl[291]       1      --              --              --        -- 
cp_ctrl[292]       1      --              --              --        -- 
cp_ctrl[293]       1      --              --              --        -- 
cp_ctrl[294]       1      --              --              --        -- 
cp_ctrl[295]       1      --              --              --        -- 
cp_ctrl[296]       1      --              --              --        -- 
cp_ctrl[297]       1      --              --              --        -- 
cp_ctrl[298]       1      --              --              --        -- 
cp_ctrl[299]       1      --              --              --        -- 
cp_ctrl[300]       1      --              --              --        -- 
cp_ctrl[301]       1      --              --              --        -- 
cp_ctrl[302]       1      --              --              --        -- 
cp_ctrl[303]       1      --              --              --        -- 
cp_ctrl[304]       1      --              --              --        -- 
cp_ctrl[305]       1      --              --              --        -- 
cp_ctrl[306]       1      --              --              --        -- 
cp_ctrl[307]       1      --              --              --        -- 
cp_ctrl[308]       1      --              --              --        -- 
cp_ctrl[309]       1      --              --              --        -- 
cp_ctrl[310]       1      --              --              --        -- 
cp_ctrl[311]       1      --              --              --        -- 
cp_ctrl[312]       1      --              --              --        -- 
cp_ctrl[313]       1      --              --              --        -- 
cp_ctrl[314]       1      --              --              --        -- 
cp_ctrl[315]       1      --              --              --        -- 
cp_ctrl[316]       1      --              --              --        -- 
cp_ctrl[317]       1      --              --              --        -- 
cp_ctrl[318]       1      --              --              --        -- 
cp_ctrl[319]       1      --              --              --        -- 
cp_ctrl[320]       1      --              --              --        -- 
cp_ctrl[321]       1      --              --              --        -- 
cp_ctrl[322]       1      --              --              --        -- 
cp_ctrl[323]       1      --              --              --        -- 
cp_ctrl[324]       1      --              --              --        -- 
cp_ctrl[325]       1      --              --              --        -- 
cp_ctrl[326]       1      --              --              --        -- 
cp_ctrl[327]       1      --              --              --        -- 
cp_ctrl[328]       1      --              --              --        -- 
cp_ctrl[329]       1      --              --              --        -- 
cp_ctrl[330]       1      --              --              --        -- 
cp_ctrl[331]       1      --              --              --        -- 
cp_ctrl[332]       1      --              --              --        -- 
cp_ctrl[333]       1      --              --              --        -- 
cp_ctrl[334]       1      --              --              --        -- 
cp_ctrl[335]       1      --              --              --        -- 
cp_ctrl[336]       1      --              --              --        -- 
cp_ctrl[337]       1      --              --              --        -- 
cp_ctrl[338]       1      --              --              --        -- 
cp_ctrl[339]       1      --              --              --        -- 
cp_ctrl[340]       1      --              --              --        -- 
cp_ctrl[341]       1      --              --              --        -- 
cp_ctrl[342]       1      --              --              --        -- 
cp_ctrl[343]       1      --              --              --        -- 
cp_ctrl[344]       1      --              --              --        -- 
cp_ctrl[345]       1      --              --              --        -- 
cp_ctrl[346]       1      --              --              --        -- 
cp_ctrl[347]       1      --              --              --        -- 
cp_ctrl[348]       1      --              --              --        -- 
cp_ctrl[349]       1      --              --              --        -- 
cp_ctrl[350]       1      --              --              --        -- 
cp_ctrl[351]       1      --              --              --        -- 
cp_ctrl[352]       1      --              --              --        -- 
cp_ctrl[353]       1      --              --              --        -- 
cp_ctrl[354]       1      --              --              --        -- 
cp_ctrl[355]       1      --              --              --        -- 
cp_ctrl[356]       1      --              --              --        -- 
cp_ctrl[357]       1      --              --              --        -- 
cp_ctrl[358]       1      --              --              --        -- 
cp_ctrl[359]       1      --              --              --        -- 
cp_ctrl[360]       1      --              --              --        -- 
cp_ctrl[361]       1      --              --              --        -- 
cp_ctrl[362]       1      --              --              --        -- 
cp_ctrl[363]       1      --              --              --        -- 
cp_ctrl[364]       1      --              --              --        -- 
cp_ctrl[365]       1      --              --              --        -- 
cp_ctrl[366]       1      --              --              --        -- 
cp_ctrl[367]       1      --              --              --        -- 
cp_ctrl[368]       1      --              --              --        -- 
cp_ctrl[369]       1      --              --              --        -- 
cp_ctrl[370]       1      --              --              --        -- 
cp_ctrl[371]       1      --              --              --        -- 
cp_ctrl[372]       1      --              --              --        -- 
cp_ctrl[373]       1      --              --              --        -- 
cp_ctrl[374]       1      --              --              --        -- 
cp_ctrl[375]       1      --              --              --        -- 
cp_ctrl[376]       1      --              --              --        -- 
cp_ctrl[377]       1      --              --              --        -- 
cp_ctrl[378]       1      --              --              --        -- 
cp_ctrl[379]       1      --              --              --        -- 
cp_ctrl[380]       1      --              --              --        -- 
cp_ctrl[381]       1      --              --              --        -- 
cp_ctrl[382]       1      --              --              --        -- 
cp_ctrl[383]       1      --              --              --        -- 
cp_ctrl[384]       1      --              --              --        -- 
cp_ctrl[385]       1      --              --              --        -- 
cp_ctrl[386]       1      --              --              --        -- 
cp_ctrl[387]       1      --              --              --        -- 
cp_ctrl[388]       1      --              --              --        -- 
cp_ctrl[389]       1      --              --              --        -- 
cp_ctrl[390]       1      --              --              --        -- 
cp_ctrl[391]       1      --              --              --        -- 
cp_ctrl[392]       1      --              --              --        -- 
cp_ctrl[393]       1      --              --              --        -- 
cp_ctrl[394]       1      --              --              --        -- 
cp_ctrl[395]       1      --              --              --        -- 
cp_ctrl[396]       1      --              --              --        -- 
cp_ctrl[397]       1      --              --              --        -- 
cp_ctrl[398]       1      --              --              --        -- 
cp_ctrl[399]       1      --              --              --        -- 
cp_ctrl[400]       1      --              --              --        -- 
cp_ctrl[401]       1      --              --              --        -- 
cp_ctrl[402]       1      --              --              --        -- 
cp_ctrl[403]       1      --              --              --        -- 
cp_ctrl[404]       1      --              --              --        -- 
cp_ctrl[405]       1      --              --              --        -- 
cp_ctrl[406]       1      --              --              --        -- 
cp_ctrl[407]       1      --              --              --        -- 
cp_ctrl[408]       1      --              --              --        -- 
cp_ctrl[409]       1      --              --              --        -- 
cp_ctrl[410]       1      --              --              --        -- 
cp_ctrl[411]       1      --              --              --        -- 
cp_ctrl[412]       1      --              --              --        -- 
cp_ctrl[413]       1      --              --              --        -- 
cp_ctrl[414]       1      --              --              --        -- 
cp_ctrl[415]       1      --              --              --        -- 
cp_ctrl[416]       1      --              --              --        -- 
cp_ctrl[417]       1      --              --              --        -- 
cp_ctrl[418]       1      --              --              --        -- 
cp_ctrl[419]       1      --              --              --        -- 
p_out              1      --              --              --        -- 
p_out_vld          1      --              --              --        -- 
rd_data_out        1      --              --              --        -- 
rd_vld             1      --              --              --        -- 

                    Input Delay
                  Min             Max       Related   Max
Input Port    Rise    Fall    Rise    Fall   Clock  Fanout
--------------------------------------------------------------------------------
clk           --      --      --      --      --      -- 
p_code[0]     0.50    0.50    5.00    5.00  clk       --    
p_code[1]     0.50    0.50    5.00    5.00  clk       --    
p_code[2]     0.50    0.50    5.00    5.00  clk       --    
p_code[3]     0.50    0.50    5.00    5.00  clk       --    
p_code[4]     0.50    0.50    5.00    5.00  clk       --    
p_code[5]     0.50    0.50    5.00    5.00  clk       --    
p_code[6]     0.50    0.50    5.00    5.00  clk       --    
p_code[7]     0.50    0.50    5.00    5.00  clk       --    
p_code[8]     0.50    0.50    5.00    5.00  clk       --    
p_code[9]     0.50    0.50    5.00    5.00  clk       --    
p_code[10]    0.50    0.50    5.00    5.00  clk       --    
p_code[11]    0.50    0.50    5.00    5.00  clk       --    
p_code[12]    0.50    0.50    5.00    5.00  clk       --    
p_code[13]    0.50    0.50    5.00    5.00  clk       --    
p_code[14]    0.50    0.50    5.00    5.00  clk       --    
p_code[15]    0.50    0.50    5.00    5.00  clk       --    
p_code[16]    0.50    0.50    5.00    5.00  clk       --    
p_code[17]    0.50    0.50    5.00    5.00  clk       --    
p_code[18]    0.50    0.50    5.00    5.00  clk       --    
p_code[19]    0.50    0.50    5.00    5.00  clk       --    
p_code_vld    0.50    0.50    5.00    5.00  clk       --    
rd_rdy        0.50    0.50    5.00    5.00  clk       --    
rstn          0.50    0.50    5.00    5.00  clk       --    
wr_data_in    0.50    0.50    5.00    5.00  clk       --    
wr_vld        0.50    0.50    5.00    5.00  clk       --    


               Max Drive      Min Drive      Resistance    Min    Min       Cell
Input Port    Rise    Fall   Rise    Fall   Max     Min    Cap    Fanout    Deg
--------------------------------------------------------------------------------
clk           --      --     --      --     --      --     --     --        -- 
p_code[0]     --      --     --      --     --      --     --     --        -- 
p_code[1]     --      --     --      --     --      --     --     --        -- 
p_code[2]     --      --     --      --     --      --     --     --        -- 
p_code[3]     --      --     --      --     --      --     --     --        -- 
p_code[4]     --      --     --      --     --      --     --     --        -- 
p_code[5]     --      --     --      --     --      --     --     --        -- 
p_code[6]     --      --     --      --     --      --     --     --        -- 
p_code[7]     --      --     --      --     --      --     --     --        -- 
p_code[8]     --      --     --      --     --      --     --     --        -- 
p_code[9]     --      --     --      --     --      --     --     --        -- 
p_code[10]    --      --     --      --     --      --     --     --        -- 
p_code[11]    --      --     --      --     --      --     --     --        -- 
p_code[12]    --      --     --      --     --      --     --     --        -- 
p_code[13]    --      --     --      --     --      --     --     --        -- 
p_code[14]    --      --     --      --     --      --     --     --        -- 
p_code[15]    --      --     --      --     --      --     --     --        -- 
p_code[16]    --      --     --      --     --      --     --     --        -- 
p_code[17]    --      --     --      --     --      --     --     --        -- 
p_code[18]    --      --     --      --     --      --     --     --        -- 
p_code[19]    --      --     --      --     --      --     --     --        -- 
p_code_vld    --      --     --      --     --      --     --     --        -- 
rd_rdy        --      --     --      --     --      --     --     --        -- 
rstn          --      --     --      --     --      --     --     --        -- 
wr_data_in    --      --     --      --     --      --     --     --        -- 
wr_vld        --      --     --      --     --      --     --     --        -- 


               Max Tran        Min Tran
Input Port    Rise    Fall    Rise    Fall
--------------------------------------------------------------------------------
clk           0.20    0.20    0.15    0.15
p_code[0]     0.20    0.20    0.15    0.15
p_code[1]     0.20    0.20    0.15    0.15
p_code[2]     0.20    0.20    0.15    0.15
p_code[3]     0.20    0.20    0.15    0.15
p_code[4]     0.20    0.20    0.15    0.15
p_code[5]     0.20    0.20    0.15    0.15
p_code[6]     0.20    0.20    0.15    0.15
p_code[7]     0.20    0.20    0.15    0.15
p_code[8]     0.20    0.20    0.15    0.15
p_code[9]     0.20    0.20    0.15    0.15
p_code[10]    0.20    0.20    0.15    0.15
p_code[11]    0.20    0.20    0.15    0.15
p_code[12]    0.20    0.20    0.15    0.15
p_code[13]    0.20    0.20    0.15    0.15
p_code[14]    0.20    0.20    0.15    0.15
p_code[15]    0.20    0.20    0.15    0.15
p_code[16]    0.20    0.20    0.15    0.15
p_code[17]    0.20    0.20    0.15    0.15
p_code[18]    0.20    0.20    0.15    0.15
p_code[19]    0.20    0.20    0.15    0.15
p_code_vld    0.20    0.20    0.15    0.15
rd_rdy        0.20    0.20    0.15    0.15
rstn          0.20    0.20    0.15    0.15
wr_data_in    0.20    0.20    0.15    0.15
wr_vld        0.20    0.20    0.15    0.15


                    Output Delay
                  Min             Max      Related  Fanout
Output Port   Rise    Fall    Rise    Fall  Clock     Load
--------------------------------------------------------------------------------
cp_ctrl[0]    0.50    0.50    5.00    5.00  clk       0.00  
cp_ctrl[1]    0.50    0.50    5.00    5.00  clk       0.00  
cp_ctrl[2]    0.50    0.50    5.00    5.00  clk       0.00  
cp_ctrl[3]    0.50    0.50    5.00    5.00  clk       0.00  
cp_ctrl[4]    0.50    0.50    5.00    5.00  clk       0.00  
cp_ctrl[5]    0.50    0.50    5.00    5.00  clk       0.00  
cp_ctrl[6]    0.50    0.50    5.00    5.00  clk       0.00  
cp_ctrl[7]    0.50    0.50    5.00    5.00  clk       0.00  
cp_ctrl[8]    0.50    0.50    5.00    5.00  clk       0.00  
cp_ctrl[9]    0.50    0.50    5.00    5.00  clk       0.00  
cp_ctrl[10]   0.50    0.50    5.00    5.00  clk       0.00  
cp_ctrl[11]   0.50    0.50    5.00    5.00  clk       0.00  
cp_ctrl[12]   0.50    0.50    5.00    5.00  clk       0.00  
cp_ctrl[13]   0.50    0.50    5.00    5.00  clk       0.00  
cp_ctrl[14]   0.50    0.50    5.00    5.00  clk       0.00  
cp_ctrl[15]   0.50    0.50    5.00    5.00  clk       0.00  
cp_ctrl[16]   0.50    0.50    5.00    5.00  clk       0.00  
cp_ctrl[17]   0.50    0.50    5.00    5.00  clk       0.00  
cp_ctrl[18]   0.50    0.50    5.00    5.00  clk       0.00  
cp_ctrl[19]   0.50    0.50    5.00    5.00  clk       0.00  
cp_ctrl[20]   0.50    0.50    5.00    5.00  clk       0.00  
cp_ctrl[21]   0.50    0.50    5.00    5.00  clk       0.00  
cp_ctrl[22]   0.50    0.50    5.00    5.00  clk       0.00  
cp_ctrl[23]   0.50    0.50    5.00    5.00  clk       0.00  
cp_ctrl[24]   0.50    0.50    5.00    5.00  clk       0.00  
cp_ctrl[25]   0.50    0.50    5.00    5.00  clk       0.00  
cp_ctrl[26]   0.50    0.50    5.00    5.00  clk       0.00  
cp_ctrl[27]   0.50    0.50    5.00    5.00  clk       0.00  
cp_ctrl[28]   0.50    0.50    5.00    5.00  clk       0.00  
cp_ctrl[29]   0.50    0.50    5.00    5.00  clk       0.00  
cp_ctrl[30]   0.50    0.50    5.00    5.00  clk       0.00  
cp_ctrl[31]   0.50    0.50    5.00    5.00  clk       0.00  
cp_ctrl[32]   0.50    0.50    5.00    5.00  clk       0.00  
cp_ctrl[33]   0.50    0.50    5.00    5.00  clk       0.00  
cp_ctrl[34]   0.50    0.50    5.00    5.00  clk       0.00  
cp_ctrl[35]   0.50    0.50    5.00    5.00  clk       0.00  
cp_ctrl[36]   0.50    0.50    5.00    5.00  clk       0.00  
cp_ctrl[37]   0.50    0.50    5.00    5.00  clk       0.00  
cp_ctrl[38]   0.50    0.50    5.00    5.00  clk       0.00  
cp_ctrl[39]   0.50    0.50    5.00    5.00  clk       0.00  
cp_ctrl[40]   0.50    0.50    5.00    5.00  clk       0.00  
cp_ctrl[41]   0.50    0.50    5.00    5.00  clk       0.00  
cp_ctrl[42]   0.50    0.50    5.00    5.00  clk       0.00  
cp_ctrl[43]   0.50    0.50    5.00    5.00  clk       0.00  
cp_ctrl[44]   0.50    0.50    5.00    5.00  clk       0.00  
cp_ctrl[45]   0.50    0.50    5.00    5.00  clk       0.00  
cp_ctrl[46]   0.50    0.50    5.00    5.00  clk       0.00  
cp_ctrl[47]   0.50    0.50    5.00    5.00  clk       0.00  
cp_ctrl[48]   0.50    0.50    5.00    5.00  clk       0.00  
cp_ctrl[49]   0.50    0.50    5.00    5.00  clk       0.00  
cp_ctrl[50]   0.50    0.50    5.00    5.00  clk       0.00  
cp_ctrl[51]   0.50    0.50    5.00    5.00  clk       0.00  
cp_ctrl[52]   0.50    0.50    5.00    5.00  clk       0.00  
cp_ctrl[53]   0.50    0.50    5.00    5.00  clk       0.00  
cp_ctrl[54]   0.50    0.50    5.00    5.00  clk       0.00  
cp_ctrl[55]   0.50    0.50    5.00    5.00  clk       0.00  
cp_ctrl[56]   0.50    0.50    5.00    5.00  clk       0.00  
cp_ctrl[57]   0.50    0.50    5.00    5.00  clk       0.00  
cp_ctrl[58]   0.50    0.50    5.00    5.00  clk       0.00  
cp_ctrl[59]   0.50    0.50    5.00    5.00  clk       0.00  
cp_ctrl[60]   0.50    0.50    5.00    5.00  clk       0.00  
cp_ctrl[61]   0.50    0.50    5.00    5.00  clk       0.00  
cp_ctrl[62]   0.50    0.50    5.00    5.00  clk       0.00  
cp_ctrl[63]   0.50    0.50    5.00    5.00  clk       0.00  
cp_ctrl[64]   0.50    0.50    5.00    5.00  clk       0.00  
cp_ctrl[65]   0.50    0.50    5.00    5.00  clk       0.00  
cp_ctrl[66]   0.50    0.50    5.00    5.00  clk       0.00  
cp_ctrl[67]   0.50    0.50    5.00    5.00  clk       0.00  
cp_ctrl[68]   0.50    0.50    5.00    5.00  clk       0.00  
cp_ctrl[69]   0.50    0.50    5.00    5.00  clk       0.00  
cp_ctrl[70]   0.50    0.50    5.00    5.00  clk       0.00  
cp_ctrl[71]   0.50    0.50    5.00    5.00  clk       0.00  
cp_ctrl[72]   0.50    0.50    5.00    5.00  clk       0.00  
cp_ctrl[73]   0.50    0.50    5.00    5.00  clk       0.00  
cp_ctrl[74]   0.50    0.50    5.00    5.00  clk       0.00  
cp_ctrl[75]   0.50    0.50    5.00    5.00  clk       0.00  
cp_ctrl[76]   0.50    0.50    5.00    5.00  clk       0.00  
cp_ctrl[77]   0.50    0.50    5.00    5.00  clk       0.00  
cp_ctrl[78]   0.50    0.50    5.00    5.00  clk       0.00  
cp_ctrl[79]   0.50    0.50    5.00    5.00  clk       0.00  
cp_ctrl[80]   0.50    0.50    5.00    5.00  clk       0.00  
cp_ctrl[81]   0.50    0.50    5.00    5.00  clk       0.00  
cp_ctrl[82]   0.50    0.50    5.00    5.00  clk       0.00  
cp_ctrl[83]   0.50    0.50    5.00    5.00  clk       0.00  
cp_ctrl[84]   0.50    0.50    5.00    5.00  clk       0.00  
cp_ctrl[85]   0.50    0.50    5.00    5.00  clk       0.00  
cp_ctrl[86]   0.50    0.50    5.00    5.00  clk       0.00  
cp_ctrl[87]   0.50    0.50    5.00    5.00  clk       0.00  
cp_ctrl[88]   0.50    0.50    5.00    5.00  clk       0.00  
cp_ctrl[89]   0.50    0.50    5.00    5.00  clk       0.00  
cp_ctrl[90]   0.50    0.50    5.00    5.00  clk       0.00  
cp_ctrl[91]   0.50    0.50    5.00    5.00  clk       0.00  
cp_ctrl[92]   0.50    0.50    5.00    5.00  clk       0.00  
cp_ctrl[93]   0.50    0.50    5.00    5.00  clk       0.00  
cp_ctrl[94]   0.50    0.50    5.00    5.00  clk       0.00  
cp_ctrl[95]   0.50    0.50    5.00    5.00  clk       0.00  
cp_ctrl[96]   0.50    0.50    5.00    5.00  clk       0.00  
cp_ctrl[97]   0.50    0.50    5.00    5.00  clk       0.00  
cp_ctrl[98]   0.50    0.50    5.00    5.00  clk       0.00  
cp_ctrl[99]   0.50    0.50    5.00    5.00  clk       0.00  
cp_ctrl[100]
              0.50    0.50    5.00    5.00  clk       0.00  
cp_ctrl[101]
              0.50    0.50    5.00    5.00  clk       0.00  
cp_ctrl[102]
              0.50    0.50    5.00    5.00  clk       0.00  
cp_ctrl[103]
              0.50    0.50    5.00    5.00  clk       0.00  
cp_ctrl[104]
              0.50    0.50    5.00    5.00  clk       0.00  
cp_ctrl[105]
              0.50    0.50    5.00    5.00  clk       0.00  
cp_ctrl[106]
              0.50    0.50    5.00    5.00  clk       0.00  
cp_ctrl[107]
              0.50    0.50    5.00    5.00  clk       0.00  
cp_ctrl[108]
              0.50    0.50    5.00    5.00  clk       0.00  
cp_ctrl[109]
              0.50    0.50    5.00    5.00  clk       0.00  
cp_ctrl[110]
              0.50    0.50    5.00    5.00  clk       0.00  
cp_ctrl[111]
              0.50    0.50    5.00    5.00  clk       0.00  
cp_ctrl[112]
              0.50    0.50    5.00    5.00  clk       0.00  
cp_ctrl[113]
              0.50    0.50    5.00    5.00  clk       0.00  
cp_ctrl[114]
              0.50    0.50    5.00    5.00  clk       0.00  
cp_ctrl[115]
              0.50    0.50    5.00    5.00  clk       0.00  
cp_ctrl[116]
              0.50    0.50    5.00    5.00  clk       0.00  
cp_ctrl[117]
              0.50    0.50    5.00    5.00  clk       0.00  
cp_ctrl[118]
              0.50    0.50    5.00    5.00  clk       0.00  
cp_ctrl[119]
              0.50    0.50    5.00    5.00  clk       0.00  
cp_ctrl[120]
              0.50    0.50    5.00    5.00  clk       0.00  
cp_ctrl[121]
              0.50    0.50    5.00    5.00  clk       0.00  
cp_ctrl[122]
              0.50    0.50    5.00    5.00  clk       0.00  
cp_ctrl[123]
              0.50    0.50    5.00    5.00  clk       0.00  
cp_ctrl[124]
              0.50    0.50    5.00    5.00  clk       0.00  
cp_ctrl[125]
              0.50    0.50    5.00    5.00  clk       0.00  
cp_ctrl[126]
              0.50    0.50    5.00    5.00  clk       0.00  
cp_ctrl[127]
              0.50    0.50    5.00    5.00  clk       0.00  
cp_ctrl[128]
              0.50    0.50    5.00    5.00  clk       0.00  
cp_ctrl[129]
              0.50    0.50    5.00    5.00  clk       0.00  
cp_ctrl[130]
              0.50    0.50    5.00    5.00  clk       0.00  
cp_ctrl[131]
              0.50    0.50    5.00    5.00  clk       0.00  
cp_ctrl[132]
              0.50    0.50    5.00    5.00  clk       0.00  
cp_ctrl[133]
              0.50    0.50    5.00    5.00  clk       0.00  
cp_ctrl[134]
              0.50    0.50    5.00    5.00  clk       0.00  
cp_ctrl[135]
              0.50    0.50    5.00    5.00  clk       0.00  
cp_ctrl[136]
              0.50    0.50    5.00    5.00  clk       0.00  
cp_ctrl[137]
              0.50    0.50    5.00    5.00  clk       0.00  
cp_ctrl[138]
              0.50    0.50    5.00    5.00  clk       0.00  
cp_ctrl[139]
              0.50    0.50    5.00    5.00  clk       0.00  
cp_ctrl[140]
              0.50    0.50    5.00    5.00  clk       0.00  
cp_ctrl[141]
              0.50    0.50    5.00    5.00  clk       0.00  
cp_ctrl[142]
              0.50    0.50    5.00    5.00  clk       0.00  
cp_ctrl[143]
              0.50    0.50    5.00    5.00  clk       0.00  
cp_ctrl[144]
              0.50    0.50    5.00    5.00  clk       0.00  
cp_ctrl[145]
              0.50    0.50    5.00    5.00  clk       0.00  
cp_ctrl[146]
              0.50    0.50    5.00    5.00  clk       0.00  
cp_ctrl[147]
              0.50    0.50    5.00    5.00  clk       0.00  
cp_ctrl[148]
              0.50    0.50    5.00    5.00  clk       0.00  
cp_ctrl[149]
              0.50    0.50    5.00    5.00  clk       0.00  
cp_ctrl[150]
              0.50    0.50    5.00    5.00  clk       0.00  
cp_ctrl[151]
              0.50    0.50    5.00    5.00  clk       0.00  
cp_ctrl[152]
              0.50    0.50    5.00    5.00  clk       0.00  
cp_ctrl[153]
              0.50    0.50    5.00    5.00  clk       0.00  
cp_ctrl[154]
              0.50    0.50    5.00    5.00  clk       0.00  
cp_ctrl[155]
              0.50    0.50    5.00    5.00  clk       0.00  
cp_ctrl[156]
              0.50    0.50    5.00    5.00  clk       0.00  
cp_ctrl[157]
              0.50    0.50    5.00    5.00  clk       0.00  
cp_ctrl[158]
              0.50    0.50    5.00    5.00  clk       0.00  
cp_ctrl[159]
              0.50    0.50    5.00    5.00  clk       0.00  
cp_ctrl[160]
              0.50    0.50    5.00    5.00  clk       0.00  
cp_ctrl[161]
              0.50    0.50    5.00    5.00  clk       0.00  
cp_ctrl[162]
              0.50    0.50    5.00    5.00  clk       0.00  
cp_ctrl[163]
              0.50    0.50    5.00    5.00  clk       0.00  
cp_ctrl[164]
              0.50    0.50    5.00    5.00  clk       0.00  
cp_ctrl[165]
              0.50    0.50    5.00    5.00  clk       0.00  
cp_ctrl[166]
              0.50    0.50    5.00    5.00  clk       0.00  
cp_ctrl[167]
              0.50    0.50    5.00    5.00  clk       0.00  
cp_ctrl[168]
              0.50    0.50    5.00    5.00  clk       0.00  
cp_ctrl[169]
              0.50    0.50    5.00    5.00  clk       0.00  
cp_ctrl[170]
              0.50    0.50    5.00    5.00  clk       0.00  
cp_ctrl[171]
              0.50    0.50    5.00    5.00  clk       0.00  
cp_ctrl[172]
              0.50    0.50    5.00    5.00  clk       0.00  
cp_ctrl[173]
              0.50    0.50    5.00    5.00  clk       0.00  
cp_ctrl[174]
              0.50    0.50    5.00    5.00  clk       0.00  
cp_ctrl[175]
              0.50    0.50    5.00    5.00  clk       0.00  
cp_ctrl[176]
              0.50    0.50    5.00    5.00  clk       0.00  
cp_ctrl[177]
              0.50    0.50    5.00    5.00  clk       0.00  
cp_ctrl[178]
              0.50    0.50    5.00    5.00  clk       0.00  
cp_ctrl[179]
              0.50    0.50    5.00    5.00  clk       0.00  
cp_ctrl[180]
              0.50    0.50    5.00    5.00  clk       0.00  
cp_ctrl[181]
              0.50    0.50    5.00    5.00  clk       0.00  
cp_ctrl[182]
              0.50    0.50    5.00    5.00  clk       0.00  
cp_ctrl[183]
              0.50    0.50    5.00    5.00  clk       0.00  
cp_ctrl[184]
              0.50    0.50    5.00    5.00  clk       0.00  
cp_ctrl[185]
              0.50    0.50    5.00    5.00  clk       0.00  
cp_ctrl[186]
              0.50    0.50    5.00    5.00  clk       0.00  
cp_ctrl[187]
              0.50    0.50    5.00    5.00  clk       0.00  
cp_ctrl[188]
              0.50    0.50    5.00    5.00  clk       0.00  
cp_ctrl[189]
              0.50    0.50    5.00    5.00  clk       0.00  
cp_ctrl[190]
              0.50    0.50    5.00    5.00  clk       0.00  
cp_ctrl[191]
              0.50    0.50    5.00    5.00  clk       0.00  
cp_ctrl[192]
              0.50    0.50    5.00    5.00  clk       0.00  
cp_ctrl[193]
              0.50    0.50    5.00    5.00  clk       0.00  
cp_ctrl[194]
              0.50    0.50    5.00    5.00  clk       0.00  
cp_ctrl[195]
              0.50    0.50    5.00    5.00  clk       0.00  
cp_ctrl[196]
              0.50    0.50    5.00    5.00  clk       0.00  
cp_ctrl[197]
              0.50    0.50    5.00    5.00  clk       0.00  
cp_ctrl[198]
              0.50    0.50    5.00    5.00  clk       0.00  
cp_ctrl[199]
              0.50    0.50    5.00    5.00  clk       0.00  
cp_ctrl[200]
              0.50    0.50    5.00    5.00  clk       0.00  
cp_ctrl[201]
              0.50    0.50    5.00    5.00  clk       0.00  
cp_ctrl[202]
              0.50    0.50    5.00    5.00  clk       0.00  
cp_ctrl[203]
              0.50    0.50    5.00    5.00  clk       0.00  
cp_ctrl[204]
              0.50    0.50    5.00    5.00  clk       0.00  
cp_ctrl[205]
              0.50    0.50    5.00    5.00  clk       0.00  
cp_ctrl[206]
              0.50    0.50    5.00    5.00  clk       0.00  
cp_ctrl[207]
              0.50    0.50    5.00    5.00  clk       0.00  
cp_ctrl[208]
              0.50    0.50    5.00    5.00  clk       0.00  
cp_ctrl[209]
              0.50    0.50    5.00    5.00  clk       0.00  
cp_ctrl[210]
              0.50    0.50    5.00    5.00  clk       0.00  
cp_ctrl[211]
              0.50    0.50    5.00    5.00  clk       0.00  
cp_ctrl[212]
              0.50    0.50    5.00    5.00  clk       0.00  
cp_ctrl[213]
              0.50    0.50    5.00    5.00  clk       0.00  
cp_ctrl[214]
              0.50    0.50    5.00    5.00  clk       0.00  
cp_ctrl[215]
              0.50    0.50    5.00    5.00  clk       0.00  
cp_ctrl[216]
              0.50    0.50    5.00    5.00  clk       0.00  
cp_ctrl[217]
              0.50    0.50    5.00    5.00  clk       0.00  
cp_ctrl[218]
              0.50    0.50    5.00    5.00  clk       0.00  
cp_ctrl[219]
              0.50    0.50    5.00    5.00  clk       0.00  
cp_ctrl[220]
              0.50    0.50    5.00    5.00  clk       0.00  
cp_ctrl[221]
              0.50    0.50    5.00    5.00  clk       0.00  
cp_ctrl[222]
              0.50    0.50    5.00    5.00  clk       0.00  
cp_ctrl[223]
              0.50    0.50    5.00    5.00  clk       0.00  
cp_ctrl[224]
              0.50    0.50    5.00    5.00  clk       0.00  
cp_ctrl[225]
              0.50    0.50    5.00    5.00  clk       0.00  
cp_ctrl[226]
              0.50    0.50    5.00    5.00  clk       0.00  
cp_ctrl[227]
              0.50    0.50    5.00    5.00  clk       0.00  
cp_ctrl[228]
              0.50    0.50    5.00    5.00  clk       0.00  
cp_ctrl[229]
              0.50    0.50    5.00    5.00  clk       0.00  
cp_ctrl[230]
              0.50    0.50    5.00    5.00  clk       0.00  
cp_ctrl[231]
              0.50    0.50    5.00    5.00  clk       0.00  
cp_ctrl[232]
              0.50    0.50    5.00    5.00  clk       0.00  
cp_ctrl[233]
              0.50    0.50    5.00    5.00  clk       0.00  
cp_ctrl[234]
              0.50    0.50    5.00    5.00  clk       0.00  
cp_ctrl[235]
              0.50    0.50    5.00    5.00  clk       0.00  
cp_ctrl[236]
              0.50    0.50    5.00    5.00  clk       0.00  
cp_ctrl[237]
              0.50    0.50    5.00    5.00  clk       0.00  
cp_ctrl[238]
              0.50    0.50    5.00    5.00  clk       0.00  
cp_ctrl[239]
              0.50    0.50    5.00    5.00  clk       0.00  
cp_ctrl[240]
              0.50    0.50    5.00    5.00  clk       0.00  
cp_ctrl[241]
              0.50    0.50    5.00    5.00  clk       0.00  
cp_ctrl[242]
              0.50    0.50    5.00    5.00  clk       0.00  
cp_ctrl[243]
              0.50    0.50    5.00    5.00  clk       0.00  
cp_ctrl[244]
              0.50    0.50    5.00    5.00  clk       0.00  
cp_ctrl[245]
              0.50    0.50    5.00    5.00  clk       0.00  
cp_ctrl[246]
              0.50    0.50    5.00    5.00  clk       0.00  
cp_ctrl[247]
              0.50    0.50    5.00    5.00  clk       0.00  
cp_ctrl[248]
              0.50    0.50    5.00    5.00  clk       0.00  
cp_ctrl[249]
              0.50    0.50    5.00    5.00  clk       0.00  
cp_ctrl[250]
              0.50    0.50    5.00    5.00  clk       0.00  
cp_ctrl[251]
              0.50    0.50    5.00    5.00  clk       0.00  
cp_ctrl[252]
              0.50    0.50    5.00    5.00  clk       0.00  
cp_ctrl[253]
              0.50    0.50    5.00    5.00  clk       0.00  
cp_ctrl[254]
              0.50    0.50    5.00    5.00  clk       0.00  
cp_ctrl[255]
              0.50    0.50    5.00    5.00  clk       0.00  
cp_ctrl[256]
              0.50    0.50    5.00    5.00  clk       0.00  
cp_ctrl[257]
              0.50    0.50    5.00    5.00  clk       0.00  
cp_ctrl[258]
              0.50    0.50    5.00    5.00  clk       0.00  
cp_ctrl[259]
              0.50    0.50    5.00    5.00  clk       0.00  
cp_ctrl[260]
              0.50    0.50    5.00    5.00  clk       0.00  
cp_ctrl[261]
              0.50    0.50    5.00    5.00  clk       0.00  
cp_ctrl[262]
              0.50    0.50    5.00    5.00  clk       0.00  
cp_ctrl[263]
              0.50    0.50    5.00    5.00  clk       0.00  
cp_ctrl[264]
              0.50    0.50    5.00    5.00  clk       0.00  
cp_ctrl[265]
              0.50    0.50    5.00    5.00  clk       0.00  
cp_ctrl[266]
              0.50    0.50    5.00    5.00  clk       0.00  
cp_ctrl[267]
              0.50    0.50    5.00    5.00  clk       0.00  
cp_ctrl[268]
              0.50    0.50    5.00    5.00  clk       0.00  
cp_ctrl[269]
              0.50    0.50    5.00    5.00  clk       0.00  
cp_ctrl[270]
              0.50    0.50    5.00    5.00  clk       0.00  
cp_ctrl[271]
              0.50    0.50    5.00    5.00  clk       0.00  
cp_ctrl[272]
              0.50    0.50    5.00    5.00  clk       0.00  
cp_ctrl[273]
              0.50    0.50    5.00    5.00  clk       0.00  
cp_ctrl[274]
              0.50    0.50    5.00    5.00  clk       0.00  
cp_ctrl[275]
              0.50    0.50    5.00    5.00  clk       0.00  
cp_ctrl[276]
              0.50    0.50    5.00    5.00  clk       0.00  
cp_ctrl[277]
              0.50    0.50    5.00    5.00  clk       0.00  
cp_ctrl[278]
              0.50    0.50    5.00    5.00  clk       0.00  
cp_ctrl[279]
              0.50    0.50    5.00    5.00  clk       0.00  
cp_ctrl[280]
              0.50    0.50    5.00    5.00  clk       0.00  
cp_ctrl[281]
              0.50    0.50    5.00    5.00  clk       0.00  
cp_ctrl[282]
              0.50    0.50    5.00    5.00  clk       0.00  
cp_ctrl[283]
              0.50    0.50    5.00    5.00  clk       0.00  
cp_ctrl[284]
              0.50    0.50    5.00    5.00  clk       0.00  
cp_ctrl[285]
              0.50    0.50    5.00    5.00  clk       0.00  
cp_ctrl[286]
              0.50    0.50    5.00    5.00  clk       0.00  
cp_ctrl[287]
              0.50    0.50    5.00    5.00  clk       0.00  
cp_ctrl[288]
              0.50    0.50    5.00    5.00  clk       0.00  
cp_ctrl[289]
              0.50    0.50    5.00    5.00  clk       0.00  
cp_ctrl[290]
              0.50    0.50    5.00    5.00  clk       0.00  
cp_ctrl[291]
              0.50    0.50    5.00    5.00  clk       0.00  
cp_ctrl[292]
              0.50    0.50    5.00    5.00  clk       0.00  
cp_ctrl[293]
              0.50    0.50    5.00    5.00  clk       0.00  
cp_ctrl[294]
              0.50    0.50    5.00    5.00  clk       0.00  
cp_ctrl[295]
              0.50    0.50    5.00    5.00  clk       0.00  
cp_ctrl[296]
              0.50    0.50    5.00    5.00  clk       0.00  
cp_ctrl[297]
              0.50    0.50    5.00    5.00  clk       0.00  
cp_ctrl[298]
              0.50    0.50    5.00    5.00  clk       0.00  
cp_ctrl[299]
              0.50    0.50    5.00    5.00  clk       0.00  
cp_ctrl[300]
              0.50    0.50    5.00    5.00  clk       0.00  
cp_ctrl[301]
              0.50    0.50    5.00    5.00  clk       0.00  
cp_ctrl[302]
              0.50    0.50    5.00    5.00  clk       0.00  
cp_ctrl[303]
              0.50    0.50    5.00    5.00  clk       0.00  
cp_ctrl[304]
              0.50    0.50    5.00    5.00  clk       0.00  
cp_ctrl[305]
              0.50    0.50    5.00    5.00  clk       0.00  
cp_ctrl[306]
              0.50    0.50    5.00    5.00  clk       0.00  
cp_ctrl[307]
              0.50    0.50    5.00    5.00  clk       0.00  
cp_ctrl[308]
              0.50    0.50    5.00    5.00  clk       0.00  
cp_ctrl[309]
              0.50    0.50    5.00    5.00  clk       0.00  
cp_ctrl[310]
              0.50    0.50    5.00    5.00  clk       0.00  
cp_ctrl[311]
              0.50    0.50    5.00    5.00  clk       0.00  
cp_ctrl[312]
              0.50    0.50    5.00    5.00  clk       0.00  
cp_ctrl[313]
              0.50    0.50    5.00    5.00  clk       0.00  
cp_ctrl[314]
              0.50    0.50    5.00    5.00  clk       0.00  
cp_ctrl[315]
              0.50    0.50    5.00    5.00  clk       0.00  
cp_ctrl[316]
              0.50    0.50    5.00    5.00  clk       0.00  
cp_ctrl[317]
              0.50    0.50    5.00    5.00  clk       0.00  
cp_ctrl[318]
              0.50    0.50    5.00    5.00  clk       0.00  
cp_ctrl[319]
              0.50    0.50    5.00    5.00  clk       0.00  
cp_ctrl[320]
              0.50    0.50    5.00    5.00  clk       0.00  
cp_ctrl[321]
              0.50    0.50    5.00    5.00  clk       0.00  
cp_ctrl[322]
              0.50    0.50    5.00    5.00  clk       0.00  
cp_ctrl[323]
              0.50    0.50    5.00    5.00  clk       0.00  
cp_ctrl[324]
              0.50    0.50    5.00    5.00  clk       0.00  
cp_ctrl[325]
              0.50    0.50    5.00    5.00  clk       0.00  
cp_ctrl[326]
              0.50    0.50    5.00    5.00  clk       0.00  
cp_ctrl[327]
              0.50    0.50    5.00    5.00  clk       0.00  
cp_ctrl[328]
              0.50    0.50    5.00    5.00  clk       0.00  
cp_ctrl[329]
              0.50    0.50    5.00    5.00  clk       0.00  
cp_ctrl[330]
              0.50    0.50    5.00    5.00  clk       0.00  
cp_ctrl[331]
              0.50    0.50    5.00    5.00  clk       0.00  
cp_ctrl[332]
              0.50    0.50    5.00    5.00  clk       0.00  
cp_ctrl[333]
              0.50    0.50    5.00    5.00  clk       0.00  
cp_ctrl[334]
              0.50    0.50    5.00    5.00  clk       0.00  
cp_ctrl[335]
              0.50    0.50    5.00    5.00  clk       0.00  
cp_ctrl[336]
              0.50    0.50    5.00    5.00  clk       0.00  
cp_ctrl[337]
              0.50    0.50    5.00    5.00  clk       0.00  
cp_ctrl[338]
              0.50    0.50    5.00    5.00  clk       0.00  
cp_ctrl[339]
              0.50    0.50    5.00    5.00  clk       0.00  
cp_ctrl[340]
              0.50    0.50    5.00    5.00  clk       0.00  
cp_ctrl[341]
              0.50    0.50    5.00    5.00  clk       0.00  
cp_ctrl[342]
              0.50    0.50    5.00    5.00  clk       0.00  
cp_ctrl[343]
              0.50    0.50    5.00    5.00  clk       0.00  
cp_ctrl[344]
              0.50    0.50    5.00    5.00  clk       0.00  
cp_ctrl[345]
              0.50    0.50    5.00    5.00  clk       0.00  
cp_ctrl[346]
              0.50    0.50    5.00    5.00  clk       0.00  
cp_ctrl[347]
              0.50    0.50    5.00    5.00  clk       0.00  
cp_ctrl[348]
              0.50    0.50    5.00    5.00  clk       0.00  
cp_ctrl[349]
              0.50    0.50    5.00    5.00  clk       0.00  
cp_ctrl[350]
              0.50    0.50    5.00    5.00  clk       0.00  
cp_ctrl[351]
              0.50    0.50    5.00    5.00  clk       0.00  
cp_ctrl[352]
              0.50    0.50    5.00    5.00  clk       0.00  
cp_ctrl[353]
              0.50    0.50    5.00    5.00  clk       0.00  
cp_ctrl[354]
              0.50    0.50    5.00    5.00  clk       0.00  
cp_ctrl[355]
              0.50    0.50    5.00    5.00  clk       0.00  
cp_ctrl[356]
              0.50    0.50    5.00    5.00  clk       0.00  
cp_ctrl[357]
              0.50    0.50    5.00    5.00  clk       0.00  
cp_ctrl[358]
              0.50    0.50    5.00    5.00  clk       0.00  
cp_ctrl[359]
              0.50    0.50    5.00    5.00  clk       0.00  
cp_ctrl[360]
              0.50    0.50    5.00    5.00  clk       0.00  
cp_ctrl[361]
              0.50    0.50    5.00    5.00  clk       0.00  
cp_ctrl[362]
              0.50    0.50    5.00    5.00  clk       0.00  
cp_ctrl[363]
              0.50    0.50    5.00    5.00  clk       0.00  
cp_ctrl[364]
              0.50    0.50    5.00    5.00  clk       0.00  
cp_ctrl[365]
              0.50    0.50    5.00    5.00  clk       0.00  
cp_ctrl[366]
              0.50    0.50    5.00    5.00  clk       0.00  
cp_ctrl[367]
              0.50    0.50    5.00    5.00  clk       0.00  
cp_ctrl[368]
              0.50    0.50    5.00    5.00  clk       0.00  
cp_ctrl[369]
              0.50    0.50    5.00    5.00  clk       0.00  
cp_ctrl[370]
              0.50    0.50    5.00    5.00  clk       0.00  
cp_ctrl[371]
              0.50    0.50    5.00    5.00  clk       0.00  
cp_ctrl[372]
              0.50    0.50    5.00    5.00  clk       0.00  
cp_ctrl[373]
              0.50    0.50    5.00    5.00  clk       0.00  
cp_ctrl[374]
              0.50    0.50    5.00    5.00  clk       0.00  
cp_ctrl[375]
              0.50    0.50    5.00    5.00  clk       0.00  
cp_ctrl[376]
              0.50    0.50    5.00    5.00  clk       0.00  
cp_ctrl[377]
              0.50    0.50    5.00    5.00  clk       0.00  
cp_ctrl[378]
              0.50    0.50    5.00    5.00  clk       0.00  
cp_ctrl[379]
              0.50    0.50    5.00    5.00  clk       0.00  
cp_ctrl[380]
              0.50    0.50    5.00    5.00  clk       0.00  
cp_ctrl[381]
              0.50    0.50    5.00    5.00  clk       0.00  
cp_ctrl[382]
              0.50    0.50    5.00    5.00  clk       0.00  
cp_ctrl[383]
              0.50    0.50    5.00    5.00  clk       0.00  
cp_ctrl[384]
              0.50    0.50    5.00    5.00  clk       0.00  
cp_ctrl[385]
              0.50    0.50    5.00    5.00  clk       0.00  
cp_ctrl[386]
              0.50    0.50    5.00    5.00  clk       0.00  
cp_ctrl[387]
              0.50    0.50    5.00    5.00  clk       0.00  
cp_ctrl[388]
              0.50    0.50    5.00    5.00  clk       0.00  
cp_ctrl[389]
              0.50    0.50    5.00    5.00  clk       0.00  
cp_ctrl[390]
              0.50    0.50    5.00    5.00  clk       0.00  
cp_ctrl[391]
              0.50    0.50    5.00    5.00  clk       0.00  
cp_ctrl[392]
              0.50    0.50    5.00    5.00  clk       0.00  
cp_ctrl[393]
              0.50    0.50    5.00    5.00  clk       0.00  
cp_ctrl[394]
              0.50    0.50    5.00    5.00  clk       0.00  
cp_ctrl[395]
              0.50    0.50    5.00    5.00  clk       0.00  
cp_ctrl[396]
              0.50    0.50    5.00    5.00  clk       0.00  
cp_ctrl[397]
              0.50    0.50    5.00    5.00  clk       0.00  
cp_ctrl[398]
              0.50    0.50    5.00    5.00  clk       0.00  
cp_ctrl[399]
              0.50    0.50    5.00    5.00  clk       0.00  
cp_ctrl[400]
              0.50    0.50    5.00    5.00  clk       0.00  
cp_ctrl[401]
              0.50    0.50    5.00    5.00  clk       0.00  
cp_ctrl[402]
              0.50    0.50    5.00    5.00  clk       0.00  
cp_ctrl[403]
              0.50    0.50    5.00    5.00  clk       0.00  
cp_ctrl[404]
              0.50    0.50    5.00    5.00  clk       0.00  
cp_ctrl[405]
              0.50    0.50    5.00    5.00  clk       0.00  
cp_ctrl[406]
              0.50    0.50    5.00    5.00  clk       0.00  
cp_ctrl[407]
              0.50    0.50    5.00    5.00  clk       0.00  
cp_ctrl[408]
              0.50    0.50    5.00    5.00  clk       0.00  
cp_ctrl[409]
              0.50    0.50    5.00    5.00  clk       0.00  
cp_ctrl[410]
              0.50    0.50    5.00    5.00  clk       0.00  
cp_ctrl[411]
              0.50    0.50    5.00    5.00  clk       0.00  
cp_ctrl[412]
              0.50    0.50    5.00    5.00  clk       0.00  
cp_ctrl[413]
              0.50    0.50    5.00    5.00  clk       0.00  
cp_ctrl[414]
              0.50    0.50    5.00    5.00  clk       0.00  
cp_ctrl[415]
              0.50    0.50    5.00    5.00  clk       0.00  
cp_ctrl[416]
              0.50    0.50    5.00    5.00  clk       0.00  
cp_ctrl[417]
              0.50    0.50    5.00    5.00  clk       0.00  
cp_ctrl[418]
              0.50    0.50    5.00    5.00  clk       0.00  
cp_ctrl[419]
              0.50    0.50    5.00    5.00  clk       0.00  
p_out         0.50    0.50    5.00    5.00  clk       0.00  
p_out_vld     0.50    0.50    5.00    5.00  clk       0.00  
rd_data_out   0.50    0.50    5.00    5.00  clk       0.00  
rd_vld        0.50    0.50    5.00    5.00  clk       0.00  

1
