 
****************************************
Report : path_group
Design : local_ctrl_row
Version: S-2021.06-SP1
Date   : Tue Apr 28 19:32:11 2026
****************************************

                        Critical
Group Name    Weight    Range
--------------------------------------------------------------------------------
**default**   1.00      0.00                 
COMBO         1.00      1.00                 
INPUTS        1.00      1.00                 
OUTPUTS       1.00      1.00                 
clk           1.00      0.00                 

Path Group COMBO:
	-from    { clk\
		   rstn\
		   wr_vld\
		   wr_data_in\
		   rd_rdy\
		   p_code_vld\
		   p_code[19]\
		   p_code[18]\
		   p_code[17]\
		   p_code[16]\
		   p_code[15]\
		   p_code[14]\
		   p_code[13]\
		   p_code[12]\
		   p_code[11]\
		   p_code[10]\
		   p_code[9]\
		   p_code[8]\
		   p_code[7]\
		   p_code[6]\
		   p_code[5]\
		   p_code[4]\
		   p_code[3]\
		   p_code[2]\
		   p_code[1]\
		   p_code[0] }\
	-to      { cp_ctrl[419]\
		   cp_ctrl[418]\
		   cp_ctrl[417]\
		   cp_ctrl[416]\
		   cp_ctrl[415]\
		   cp_ctrl[414]\
		   cp_ctrl[413]\
		   cp_ctrl[412]\
		   cp_ctrl[411]\
		   cp_ctrl[410]\
		   cp_ctrl[409]\
		   cp_ctrl[408]\
		   cp_ctrl[407]\
		   cp_ctrl[406]\
		   cp_ctrl[405]\
		   cp_ctrl[404]\
		   cp_ctrl[403]\
		   cp_ctrl[402]\
		   cp_ctrl[401]\
		   cp_ctrl[400]\
		   cp_ctrl[399]\
		   cp_ctrl[398]\
		   cp_ctrl[397]\
		   cp_ctrl[396]\
		   cp_ctrl[395]\
		   cp_ctrl[394]\
		   cp_ctrl[393]\
		   cp_ctrl[392]\
		   cp_ctrl[391]\
		   cp_ctrl[390]\
		   cp_ctrl[389]\
		   cp_ctrl[388]\
		   cp_ctrl[387]\
		   cp_ctrl[386]\
		   cp_ctrl[385]\
		   cp_ctrl[384]\
		   cp_ctrl[383]\
		   cp_ctrl[382]\
		   cp_ctrl[381]\
		   cp_ctrl[380]\
		   cp_ctrl[379]\
		   cp_ctrl[378]\
		   cp_ctrl[377]\
		   cp_ctrl[376]\
		   cp_ctrl[375]\
		   cp_ctrl[374]\
		   cp_ctrl[373]\
		   cp_ctrl[372]\
		   cp_ctrl[371]\
		   cp_ctrl[370]\
		   cp_ctrl[369]\
		   cp_ctrl[368]\
		   cp_ctrl[367]\
		   cp_ctrl[366]\
		   cp_ctrl[365]\
		   cp_ctrl[364]\
		   cp_ctrl[363]\
		   cp_ctrl[362]\
		   cp_ctrl[361]\
		   cp_ctrl[360]\
		   cp_ctrl[359]\
		   cp_ctrl[358]\
		   cp_ctrl[357]\
		   cp_ctrl[356]\
		   cp_ctrl[355]\
		   cp_ctrl[354]\
		   cp_ctrl[353]\
		   cp_ctrl[352]\
		   cp_ctrl[351]\
		   cp_ctrl[350]\
		   cp_ctrl[349]\
		   cp_ctrl[348]\
		   cp_ctrl[347]\
		   cp_ctrl[346]\
		   cp_ctrl[345]\
		   cp_ctrl[344]\
		   cp_ctrl[343]\
		   cp_ctrl[342]\
		   cp_ctrl[341]\
		   cp_ctrl[340]\
		   cp_ctrl[339]\
		   cp_ctrl[338]\
		   cp_ctrl[337]\
		   cp_ctrl[336]\
		   cp_ctrl[335]\
		   cp_ctrl[334]\
		   cp_ctrl[333]\
		   cp_ctrl[332]\
		   cp_ctrl[331]\
		   cp_ctrl[330]\
		   cp_ctrl[329]\
		   cp_ctrl[328]\
		   cp_ctrl[327]\
		   cp_ctrl[326]\
		   cp_ctrl[325]\
		   cp_ctrl[324]\
		   cp_ctrl[323]\
		   cp_ctrl[322]\
		   cp_ctrl[321]\
		   cp_ctrl[320]\
		   cp_ctrl[319]\
		   cp_ctrl[318]\
		   cp_ctrl[317]\
		   cp_ctrl[316]\
		   cp_ctrl[315]\
		   cp_ctrl[314]\
		   cp_ctrl[313]\
		   cp_ctrl[312]\
		   cp_ctrl[311]\
		   cp_ctrl[310]\
		   cp_ctrl[309]\
		   cp_ctrl[308]\
		   cp_ctrl[307]\
		   cp_ctrl[306]\
		   cp_ctrl[305]\
		   cp_ctrl[304]\
		   cp_ctrl[303]\
		   cp_ctrl[302]\
		   cp_ctrl[301]\
		   cp_ctrl[300]\
		   cp_ctrl[299]\
		   cp_ctrl[298]\
		   cp_ctrl[297]\
		   cp_ctrl[296]\
		   cp_ctrl[295]\
		   cp_ctrl[294]\
		   cp_ctrl[293]\
		   cp_ctrl[292]\
		   cp_ctrl[291]\
		   cp_ctrl[290]\
		   cp_ctrl[289]\
		   cp_ctrl[288]\
		   cp_ctrl[287]\
		   cp_ctrl[286]\
		   cp_ctrl[285]\
		   cp_ctrl[284]\
		   cp_ctrl[283]\
		   cp_ctrl[282]\
		   cp_ctrl[281]\
		   cp_ctrl[280]\
		   cp_ctrl[279]\
		   cp_ctrl[278]\
		   cp_ctrl[277]\
		   cp_ctrl[276]\
		   cp_ctrl[275]\
		   cp_ctrl[274]\
		   cp_ctrl[273]\
		   cp_ctrl[272]\
		   cp_ctrl[271]\
		   cp_ctrl[270]\
		   cp_ctrl[269]\
		   cp_ctrl[268]\
		   cp_ctrl[267]\
		   cp_ctrl[266]\
		   cp_ctrl[265]\
		   cp_ctrl[264]\
		   cp_ctrl[263]\
		   cp_ctrl[262]\
		   cp_ctrl[261]\
		   cp_ctrl[260]\
		   cp_ctrl[259]\
		   cp_ctrl[258]\
		   cp_ctrl[257]\
		   cp_ctrl[256]\
		   cp_ctrl[255]\
		   cp_ctrl[254]\
		   cp_ctrl[253]\
		   cp_ctrl[252]\
		   cp_ctrl[251]\
		   cp_ctrl[250]\
		   cp_ctrl[249]\
		   cp_ctrl[248]\
		   cp_ctrl[247]\
		   cp_ctrl[246]\
		   cp_ctrl[245]\
		   cp_ctrl[244]\
		   cp_ctrl[243]\
		   cp_ctrl[242]\
		   cp_ctrl[241]\
		   cp_ctrl[240]\
		   cp_ctrl[239]\
		   cp_ctrl[238]\
		   cp_ctrl[237]\
		   cp_ctrl[236]\
		   cp_ctrl[235]\
		   cp_ctrl[234]\
		   cp_ctrl[233]\
		   cp_ctrl[232]\
		   cp_ctrl[231]\
		   cp_ctrl[230]\
		   cp_ctrl[229]\
		   cp_ctrl[228]\
		   cp_ctrl[227]\
		   cp_ctrl[226]\
		   cp_ctrl[225]\
		   cp_ctrl[224]\
		   cp_ctrl[223]\
		   cp_ctrl[222]\
		   cp_ctrl[221]\
		   cp_ctrl[220]\
		   cp_ctrl[219]\
		   cp_ctrl[218]\
		   cp_ctrl[217]\
		   cp_ctrl[216]\
		   cp_ctrl[215]\
		   cp_ctrl[214]\
		   cp_ctrl[213]\
		   cp_ctrl[212]\
		   cp_ctrl[211]\
		   cp_ctrl[210]\
		   cp_ctrl[209]\
		   cp_ctrl[208]\
		   cp_ctrl[207]\
		   cp_ctrl[206]\
		   cp_ctrl[205]\
		   cp_ctrl[204]\
		   cp_ctrl[203]\
		   cp_ctrl[202]\
		   cp_ctrl[201]\
		   cp_ctrl[200]\
		   cp_ctrl[199]\
		   cp_ctrl[198]\
		   cp_ctrl[197]\
		   cp_ctrl[196]\
		   cp_ctrl[195]\
		   cp_ctrl[194]\
		   cp_ctrl[193]\
		   cp_ctrl[192]\
		   cp_ctrl[191]\
		   cp_ctrl[190]\
		   cp_ctrl[189]\
		   cp_ctrl[188]\
		   cp_ctrl[187]\
		   cp_ctrl[186]\
		   cp_ctrl[185]\
		   cp_ctrl[184]\
		   cp_ctrl[183]\
		   cp_ctrl[182]\
		   cp_ctrl[181]\
		   cp_ctrl[180]\
		   cp_ctrl[179]\
		   cp_ctrl[178]\
		   cp_ctrl[177]\
		   cp_ctrl[176]\
		   cp_ctrl[175]\
		   cp_ctrl[174]\
		   cp_ctrl[173]\
		   cp_ctrl[172]\
		   cp_ctrl[171]\
		   cp_ctrl[170]\
		   cp_ctrl[169]\
		   cp_ctrl[168]\
		   cp_ctrl[167]\
		   cp_ctrl[166]\
		   cp_ctrl[165]\
		   cp_ctrl[164]\
		   cp_ctrl[163]\
		   cp_ctrl[162]\
		   cp_ctrl[161]\
		   cp_ctrl[160]\
		   cp_ctrl[159]\
		   cp_ctrl[158]\
		   cp_ctrl[157]\
		   cp_ctrl[156]\
		   cp_ctrl[155]\
		   cp_ctrl[154]\
		   cp_ctrl[153]\
		   cp_ctrl[152]\
		   cp_ctrl[151]\
		   cp_ctrl[150]\
		   cp_ctrl[149]\
		   cp_ctrl[148]\
		   cp_ctrl[147]\
		   cp_ctrl[146]\
		   cp_ctrl[145]\
		   cp_ctrl[144]\
		   cp_ctrl[143]\
		   cp_ctrl[142]\
		   cp_ctrl[141]\
		   cp_ctrl[140]\
		   cp_ctrl[139]\
		   cp_ctrl[138]\
		   cp_ctrl[137]\
		   cp_ctrl[136]\
		   cp_ctrl[135]\
		   cp_ctrl[134]\
		   cp_ctrl[133]\
		   cp_ctrl[132]\
		   cp_ctrl[131]\
		   cp_ctrl[130]\
		   cp_ctrl[129]\
		   cp_ctrl[128]\
		   cp_ctrl[127]\
		   cp_ctrl[126]\
		   cp_ctrl[125]\
		   cp_ctrl[124]\
		   cp_ctrl[123]\
		   cp_ctrl[122]\
		   cp_ctrl[121]\
		   cp_ctrl[120]\
		   cp_ctrl[119]\
		   cp_ctrl[118]\
		   cp_ctrl[117]\
		   cp_ctrl[116]\
		   cp_ctrl[115]\
		   cp_ctrl[114]\
		   cp_ctrl[113]\
		   cp_ctrl[112]\
		   cp_ctrl[111]\
		   cp_ctrl[110]\
		   cp_ctrl[109]\
		   cp_ctrl[108]\
		   cp_ctrl[107]\
		   cp_ctrl[106]\
		   cp_ctrl[105]\
		   cp_ctrl[104]\
		   cp_ctrl[103]\
		   cp_ctrl[102]\
		   cp_ctrl[101]\
		   cp_ctrl[100]\
		   cp_ctrl[99]\
		   cp_ctrl[98]\
		   cp_ctrl[97]\
		   cp_ctrl[96]\
		   cp_ctrl[95]\
		   cp_ctrl[94]\
		   cp_ctrl[93]\
		   cp_ctrl[92]\
		   cp_ctrl[91]\
		   cp_ctrl[90]\
		   cp_ctrl[89]\
		   cp_ctrl[88]\
		   cp_ctrl[87]\
		   cp_ctrl[86]\
		   cp_ctrl[85]\
		   cp_ctrl[84]\
		   cp_ctrl[83]\
		   cp_ctrl[82]\
		   cp_ctrl[81]\
		   cp_ctrl[80]\
		   cp_ctrl[79]\
		   cp_ctrl[78]\
		   cp_ctrl[77]\
		   cp_ctrl[76]\
		   cp_ctrl[75]\
		   cp_ctrl[74]\
		   cp_ctrl[73]\
		   cp_ctrl[72]\
		   cp_ctrl[71]\
		   cp_ctrl[70]\
		   cp_ctrl[69]\
		   cp_ctrl[68]\
		   cp_ctrl[67]\
		   cp_ctrl[66]\
		   cp_ctrl[65]\
		   cp_ctrl[64]\
		   cp_ctrl[63]\
		   cp_ctrl[62]\
		   cp_ctrl[61]\
		   cp_ctrl[60]\
		   cp_ctrl[59]\
		   cp_ctrl[58]\
		   cp_ctrl[57]\
		   cp_ctrl[56]\
		   cp_ctrl[55]\
		   cp_ctrl[54]\
		   cp_ctrl[53]\
		   cp_ctrl[52]\
		   cp_ctrl[51]\
		   cp_ctrl[50]\
		   cp_ctrl[49]\
		   cp_ctrl[48]\
		   cp_ctrl[47]\
		   cp_ctrl[46]\
		   cp_ctrl[45]\
		   cp_ctrl[44]\
		   cp_ctrl[43]\
		   cp_ctrl[42]\
		   cp_ctrl[41]\
		   cp_ctrl[40]\
		   cp_ctrl[39]\
		   cp_ctrl[38]\
		   cp_ctrl[37]\
		   cp_ctrl[36]\
		   cp_ctrl[35]\
		   cp_ctrl[34]\
		   cp_ctrl[33]\
		   cp_ctrl[32]\
		   cp_ctrl[31]\
		   cp_ctrl[30]\
		   cp_ctrl[29]\
		   cp_ctrl[28]\
		   cp_ctrl[27]\
		   cp_ctrl[26]\
		   cp_ctrl[25]\
		   cp_ctrl[24]\
		   cp_ctrl[23]\
		   cp_ctrl[22]\
		   cp_ctrl[21]\
		   cp_ctrl[20]\
		   cp_ctrl[19]\
		   cp_ctrl[18]\
		   cp_ctrl[17]\
		   cp_ctrl[16]\
		   cp_ctrl[15]\
		   cp_ctrl[14]\
		   cp_ctrl[13]\
		   cp_ctrl[12]\
		   cp_ctrl[11]\
		   cp_ctrl[10]\
		   cp_ctrl[9]\
		   cp_ctrl[8]\
		   cp_ctrl[7]\
		   cp_ctrl[6]\
		   cp_ctrl[5]\
		   cp_ctrl[4]\
		   cp_ctrl[3]\
		   cp_ctrl[2]\
		   cp_ctrl[1]\
		   cp_ctrl[0]\
		   rd_vld\
		   rd_data_out\
		   p_out_vld\
		   p_out }

Path Group INPUTS:
	-from    rstn
	-from    { clk\
		   wr_vld\
		   wr_data_in\
		   rd_rdy\
		   p_code_vld\
		   p_code[19]\
		   p_code[18]\
		   p_code[17]\
		   p_code[16]\
		   p_code[15]\
		   p_code[14]\
		   p_code[13]\
		   p_code[12]\
		   p_code[11]\
		   p_code[10]\
		   p_code[9]\
		   p_code[8]\
		   p_code[7]\
		   p_code[6]\
		   p_code[5]\
		   p_code[4]\
		   p_code[3]\
		   p_code[2]\
		   p_code[1]\
		   p_code[0] }

Path Group OUTPUTS:
	-to      { cp_ctrl[419]\
		   cp_ctrl[418]\
		   cp_ctrl[417]\
		   cp_ctrl[416]\
		   cp_ctrl[415]\
		   cp_ctrl[414]\
		   cp_ctrl[413]\
		   cp_ctrl[412]\
		   cp_ctrl[411]\
		   cp_ctrl[410]\
		   cp_ctrl[409]\
		   cp_ctrl[408]\
		   cp_ctrl[407]\
		   cp_ctrl[406]\
		   cp_ctrl[405]\
		   cp_ctrl[404]\
		   cp_ctrl[403]\
		   cp_ctrl[402]\
		   cp_ctrl[401]\
		   cp_ctrl[400]\
		   cp_ctrl[399]\
		   cp_ctrl[398]\
		   cp_ctrl[397]\
		   cp_ctrl[396]\
		   cp_ctrl[395]\
		   cp_ctrl[394]\
		   cp_ctrl[393]\
		   cp_ctrl[392]\
		   cp_ctrl[391]\
		   cp_ctrl[390]\
		   cp_ctrl[389]\
		   cp_ctrl[388]\
		   cp_ctrl[387]\
		   cp_ctrl[386]\
		   cp_ctrl[385]\
		   cp_ctrl[384]\
		   cp_ctrl[383]\
		   cp_ctrl[382]\
		   cp_ctrl[381]\
		   cp_ctrl[380]\
		   cp_ctrl[379]\
		   cp_ctrl[378]\
		   cp_ctrl[377]\
		   cp_ctrl[376]\
		   cp_ctrl[375]\
		   cp_ctrl[374]\
		   cp_ctrl[373]\
		   cp_ctrl[372]\
		   cp_ctrl[371]\
		   cp_ctrl[370]\
		   cp_ctrl[369]\
		   cp_ctrl[368]\
		   cp_ctrl[367]\
		   cp_ctrl[366]\
		   cp_ctrl[365]\
		   cp_ctrl[364]\
		   cp_ctrl[363]\
		   cp_ctrl[362]\
		   cp_ctrl[361]\
		   cp_ctrl[360]\
		   cp_ctrl[359]\
		   cp_ctrl[358]\
		   cp_ctrl[357]\
		   cp_ctrl[356]\
		   cp_ctrl[355]\
		   cp_ctrl[354]\
		   cp_ctrl[353]\
		   cp_ctrl[352]\
		   cp_ctrl[351]\
		   cp_ctrl[350]\
		   cp_ctrl[349]\
		   cp_ctrl[348]\
		   cp_ctrl[347]\
		   cp_ctrl[346]\
		   cp_ctrl[345]\
		   cp_ctrl[344]\
		   cp_ctrl[343]\
		   cp_ctrl[342]\
		   cp_ctrl[341]\
		   cp_ctrl[340]\
		   cp_ctrl[339]\
		   cp_ctrl[338]\
		   cp_ctrl[337]\
		   cp_ctrl[336]\
		   cp_ctrl[335]\
		   cp_ctrl[334]\
		   cp_ctrl[333]\
		   cp_ctrl[332]\
		   cp_ctrl[331]\
		   cp_ctrl[330]\
		   cp_ctrl[329]\
		   cp_ctrl[328]\
		   cp_ctrl[327]\
		   cp_ctrl[326]\
		   cp_ctrl[325]\
		   cp_ctrl[324]\
		   cp_ctrl[323]\
		   cp_ctrl[322]\
		   cp_ctrl[321]\
		   cp_ctrl[320]\
		   cp_ctrl[319]\
		   cp_ctrl[318]\
		   cp_ctrl[317]\
		   cp_ctrl[316]\
		   cp_ctrl[315]\
		   cp_ctrl[314]\
		   cp_ctrl[313]\
		   cp_ctrl[312]\
		   cp_ctrl[311]\
		   cp_ctrl[310]\
		   cp_ctrl[309]\
		   cp_ctrl[308]\
		   cp_ctrl[307]\
		   cp_ctrl[306]\
		   cp_ctrl[305]\
		   cp_ctrl[304]\
		   cp_ctrl[303]\
		   cp_ctrl[302]\
		   cp_ctrl[301]\
		   cp_ctrl[300]\
		   cp_ctrl[299]\
		   cp_ctrl[298]\
		   cp_ctrl[297]\
		   cp_ctrl[296]\
		   cp_ctrl[295]\
		   cp_ctrl[294]\
		   cp_ctrl[293]\
		   cp_ctrl[292]\
		   cp_ctrl[291]\
		   cp_ctrl[290]\
		   cp_ctrl[289]\
		   cp_ctrl[288]\
		   cp_ctrl[287]\
		   cp_ctrl[286]\
		   cp_ctrl[285]\
		   cp_ctrl[284]\
		   cp_ctrl[283]\
		   cp_ctrl[282]\
		   cp_ctrl[281]\
		   cp_ctrl[280]\
		   cp_ctrl[279]\
		   cp_ctrl[278]\
		   cp_ctrl[277]\
		   cp_ctrl[276]\
		   cp_ctrl[275]\
		   cp_ctrl[274]\
		   cp_ctrl[273]\
		   cp_ctrl[272]\
		   cp_ctrl[271]\
		   cp_ctrl[270]\
		   cp_ctrl[269]\
		   cp_ctrl[268]\
		   cp_ctrl[267]\
		   cp_ctrl[266]\
		   cp_ctrl[265]\
		   cp_ctrl[264]\
		   cp_ctrl[263]\
		   cp_ctrl[262]\
		   cp_ctrl[261]\
		   cp_ctrl[260]\
		   cp_ctrl[259]\
		   cp_ctrl[258]\
		   cp_ctrl[257]\
		   cp_ctrl[256]\
		   cp_ctrl[255]\
		   cp_ctrl[254]\
		   cp_ctrl[253]\
		   cp_ctrl[252]\
		   cp_ctrl[251]\
		   cp_ctrl[250]\
		   cp_ctrl[249]\
		   cp_ctrl[248]\
		   cp_ctrl[247]\
		   cp_ctrl[246]\
		   cp_ctrl[245]\
		   cp_ctrl[244]\
		   cp_ctrl[243]\
		   cp_ctrl[242]\
		   cp_ctrl[241]\
		   cp_ctrl[240]\
		   cp_ctrl[239]\
		   cp_ctrl[238]\
		   cp_ctrl[237]\
		   cp_ctrl[236]\
		   cp_ctrl[235]\
		   cp_ctrl[234]\
		   cp_ctrl[233]\
		   cp_ctrl[232]\
		   cp_ctrl[231]\
		   cp_ctrl[230]\
		   cp_ctrl[229]\
		   cp_ctrl[228]\
		   cp_ctrl[227]\
		   cp_ctrl[226]\
		   cp_ctrl[225]\
		   cp_ctrl[224]\
		   cp_ctrl[223]\
		   cp_ctrl[222]\
		   cp_ctrl[221]\
		   cp_ctrl[220]\
		   cp_ctrl[219]\
		   cp_ctrl[218]\
		   cp_ctrl[217]\
		   cp_ctrl[216]\
		   cp_ctrl[215]\
		   cp_ctrl[214]\
		   cp_ctrl[213]\
		   cp_ctrl[212]\
		   cp_ctrl[211]\
		   cp_ctrl[210]\
		   cp_ctrl[209]\
		   cp_ctrl[208]\
		   cp_ctrl[207]\
		   cp_ctrl[206]\
		   cp_ctrl[205]\
		   cp_ctrl[204]\
		   cp_ctrl[203]\
		   cp_ctrl[202]\
		   cp_ctrl[201]\
		   cp_ctrl[200]\
		   cp_ctrl[199]\
		   cp_ctrl[198]\
		   cp_ctrl[197]\
		   cp_ctrl[196]\
		   cp_ctrl[195]\
		   cp_ctrl[194]\
		   cp_ctrl[193]\
		   cp_ctrl[192]\
		   cp_ctrl[191]\
		   cp_ctrl[190]\
		   cp_ctrl[189]\
		   cp_ctrl[188]\
		   cp_ctrl[187]\
		   cp_ctrl[186]\
		   cp_ctrl[185]\
		   cp_ctrl[184]\
		   cp_ctrl[183]\
		   cp_ctrl[182]\
		   cp_ctrl[181]\
		   cp_ctrl[180]\
		   cp_ctrl[179]\
		   cp_ctrl[178]\
		   cp_ctrl[177]\
		   cp_ctrl[176]\
		   cp_ctrl[175]\
		   cp_ctrl[174]\
		   cp_ctrl[173]\
		   cp_ctrl[172]\
		   cp_ctrl[171]\
		   cp_ctrl[170]\
		   cp_ctrl[169]\
		   cp_ctrl[168]\
		   cp_ctrl[167]\
		   cp_ctrl[166]\
		   cp_ctrl[165]\
		   cp_ctrl[164]\
		   cp_ctrl[163]\
		   cp_ctrl[162]\
		   cp_ctrl[161]\
		   cp_ctrl[160]\
		   cp_ctrl[159]\
		   cp_ctrl[158]\
		   cp_ctrl[157]\
		   cp_ctrl[156]\
		   cp_ctrl[155]\
		   cp_ctrl[154]\
		   cp_ctrl[153]\
		   cp_ctrl[152]\
		   cp_ctrl[151]\
		   cp_ctrl[150]\
		   cp_ctrl[149]\
		   cp_ctrl[148]\
		   cp_ctrl[147]\
		   cp_ctrl[146]\
		   cp_ctrl[145]\
		   cp_ctrl[144]\
		   cp_ctrl[143]\
		   cp_ctrl[142]\
		   cp_ctrl[141]\
		   cp_ctrl[140]\
		   cp_ctrl[139]\
		   cp_ctrl[138]\
		   cp_ctrl[137]\
		   cp_ctrl[136]\
		   cp_ctrl[135]\
		   cp_ctrl[134]\
		   cp_ctrl[133]\
		   cp_ctrl[132]\
		   cp_ctrl[131]\
		   cp_ctrl[130]\
		   cp_ctrl[129]\
		   cp_ctrl[128]\
		   cp_ctrl[127]\
		   cp_ctrl[126]\
		   cp_ctrl[125]\
		   cp_ctrl[124]\
		   cp_ctrl[123]\
		   cp_ctrl[122]\
		   cp_ctrl[121]\
		   cp_ctrl[120]\
		   cp_ctrl[119]\
		   cp_ctrl[118]\
		   cp_ctrl[117]\
		   cp_ctrl[116]\
		   cp_ctrl[115]\
		   cp_ctrl[114]\
		   cp_ctrl[113]\
		   cp_ctrl[112]\
		   cp_ctrl[111]\
		   cp_ctrl[110]\
		   cp_ctrl[109]\
		   cp_ctrl[108]\
		   cp_ctrl[107]\
		   cp_ctrl[106]\
		   cp_ctrl[105]\
		   cp_ctrl[104]\
		   cp_ctrl[103]\
		   cp_ctrl[102]\
		   cp_ctrl[101]\
		   cp_ctrl[100]\
		   cp_ctrl[99]\
		   cp_ctrl[98]\
		   cp_ctrl[97]\
		   cp_ctrl[96]\
		   cp_ctrl[95]\
		   cp_ctrl[94]\
		   cp_ctrl[93]\
		   cp_ctrl[92]\
		   cp_ctrl[91]\
		   cp_ctrl[90]\
		   cp_ctrl[89]\
		   cp_ctrl[88]\
		   cp_ctrl[87]\
		   cp_ctrl[86]\
		   cp_ctrl[85]\
		   cp_ctrl[84]\
		   cp_ctrl[83]\
		   cp_ctrl[82]\
		   cp_ctrl[81]\
		   cp_ctrl[80]\
		   cp_ctrl[79]\
		   cp_ctrl[78]\
		   cp_ctrl[77]\
		   cp_ctrl[76]\
		   cp_ctrl[75]\
		   cp_ctrl[74]\
		   cp_ctrl[73]\
		   cp_ctrl[72]\
		   cp_ctrl[71]\
		   cp_ctrl[70]\
		   cp_ctrl[69]\
		   cp_ctrl[68]\
		   cp_ctrl[67]\
		   cp_ctrl[66]\
		   cp_ctrl[65]\
		   cp_ctrl[64]\
		   cp_ctrl[63]\
		   cp_ctrl[62]\
		   cp_ctrl[61]\
		   cp_ctrl[60]\
		   cp_ctrl[59]\
		   cp_ctrl[58]\
		   cp_ctrl[57]\
		   cp_ctrl[56]\
		   cp_ctrl[55]\
		   cp_ctrl[54]\
		   cp_ctrl[53]\
		   cp_ctrl[52]\
		   cp_ctrl[51]\
		   cp_ctrl[50]\
		   cp_ctrl[49]\
		   cp_ctrl[48]\
		   cp_ctrl[47]\
		   cp_ctrl[46]\
		   cp_ctrl[45]\
		   cp_ctrl[44]\
		   cp_ctrl[43]\
		   cp_ctrl[42]\
		   cp_ctrl[41]\
		   cp_ctrl[40]\
		   cp_ctrl[39]\
		   cp_ctrl[38]\
		   cp_ctrl[37]\
		   cp_ctrl[36]\
		   cp_ctrl[35]\
		   cp_ctrl[34]\
		   cp_ctrl[33]\
		   cp_ctrl[32]\
		   cp_ctrl[31]\
		   cp_ctrl[30]\
		   cp_ctrl[29]\
		   cp_ctrl[28]\
		   cp_ctrl[27]\
		   cp_ctrl[26]\
		   cp_ctrl[25]\
		   cp_ctrl[24]\
		   cp_ctrl[23]\
		   cp_ctrl[22]\
		   cp_ctrl[21]\
		   cp_ctrl[20]\
		   cp_ctrl[19]\
		   cp_ctrl[18]\
		   cp_ctrl[17]\
		   cp_ctrl[16]\
		   cp_ctrl[15]\
		   cp_ctrl[14]\
		   cp_ctrl[13]\
		   cp_ctrl[12]\
		   cp_ctrl[11]\
		   cp_ctrl[10]\
		   cp_ctrl[9]\
		   cp_ctrl[8]\
		   cp_ctrl[7]\
		   cp_ctrl[6]\
		   cp_ctrl[5]\
		   cp_ctrl[4]\
		   cp_ctrl[3]\
		   cp_ctrl[2]\
		   cp_ctrl[1]\
		   cp_ctrl[0]\
		   rd_vld\
		   rd_data_out\
		   p_out_vld\
		   p_out }

Path Group clk:
	-to      clk

1
