 
****************************************
Report : clocks
Design : global_ctrl
Version: S-2021.06-SP1
Date   : Tue Apr 28 16:37:53 2026
****************************************

Attributes:
    d - dont_touch_network
    f - fix_hold
    p - propagated_clock
    G - generated_clock
    g - lib_generated_clock

Clock          Period   Waveform            Attrs     Sources
--------------------------------------------------------------------------------
clk              9.50   {0 4.75}            d         {clk}
--------------------------------------------------------------------------------
 
****************************************
Report : clock_skew
Design : global_ctrl
Version: S-2021.06-SP1
Date   : Tue Apr 28 16:37:53 2026
****************************************

                 Rise      Fall  Min Rise  Min fall        Uncertainty
Object          Delay     Delay     Delay     Delay     Plus      Minus
--------------------------------------------------------------------------------
clk                 -         -         -         -      0.15      0.20

                 Max Transition      Min Transition
Object           Rise      Fall      Rise      Fall
-------------------------------------------------------
clk              0.40      0.40      0.15      0.15
1
