 
****************************************
Report : port
        -verbose
Design : global_ctrl
Version: S-2021.06-SP1
Date   : Tue Apr 28 16:37:23 2026
****************************************



Attributes:
    d - dont_touch_network
    i - ideal_network

                       Pin      Wire     Max     Max     Connection
Port           Dir     Load     Load     Trans   Cap     Class      Attrs
--------------------------------------------------------------------------------
clk            in      0.0000   0.0000   --      --      --         d, i
en_g           in      0.0000   0.0000   --      --      --         
p_en           in      0.0000   0.0000   --      --      --         
p_out_bus[0]   in      0.0000   0.0000   --      --      --         
p_out_bus[1]   in      0.0000   0.0000   --      --      --         
p_out_bus[2]   in      0.0000   0.0000   --      --      --         
p_out_bus[3]   in      0.0000   0.0000   --      --      --         
p_out_bus[4]   in      0.0000   0.0000   --      --      --         
p_out_bus[5]   in      0.0000   0.0000   --      --      --         
p_out_bus[6]   in      0.0000   0.0000   --      --      --         
p_out_bus[7]   in      0.0000   0.0000   --      --      --         
p_out_vld_bus[0]
               in      0.0000   0.0000   --      --      --         
p_out_vld_bus[1]
               in      0.0000   0.0000   --      --      --         
p_out_vld_bus[2]
               in      0.0000   0.0000   --      --      --         
p_out_vld_bus[3]
               in      0.0000   0.0000   --      --      --         
p_out_vld_bus[4]
               in      0.0000   0.0000   --      --      --         
p_out_vld_bus[5]
               in      0.0000   0.0000   --      --      --         
p_out_vld_bus[6]
               in      0.0000   0.0000   --      --      --         
p_out_vld_bus[7]
               in      0.0000   0.0000   --      --      --         
rd_data_out_bus[0]
               in      0.0000   0.0000   --      --      --         
rd_data_out_bus[1]
               in      0.0000   0.0000   --      --      --         
rd_data_out_bus[2]
               in      0.0000   0.0000   --      --      --         
rd_data_out_bus[3]
               in      0.0000   0.0000   --      --      --         
rd_data_out_bus[4]
               in      0.0000   0.0000   --      --      --         
rd_data_out_bus[5]
               in      0.0000   0.0000   --      --      --         
rd_data_out_bus[6]
               in      0.0000   0.0000   --      --      --         
rd_data_out_bus[7]
               in      0.0000   0.0000   --      --      --         
rd_vld_bus[0]  in      0.0000   0.0000   --      --      --         
rd_vld_bus[1]  in      0.0000   0.0000   --      --      --         
rd_vld_bus[2]  in      0.0000   0.0000   --      --      --         
rd_vld_bus[3]  in      0.0000   0.0000   --      --      --         
rd_vld_bus[4]  in      0.0000   0.0000   --      --      --         
rd_vld_bus[5]  in      0.0000   0.0000   --      --      --         
rd_vld_bus[6]  in      0.0000   0.0000   --      --      --         
rd_vld_bus[7]  in      0.0000   0.0000   --      --      --         
rstn           in      0.0000   0.0000   --      --      --         d, i
wr_data_in_g   in      0.0000   0.0000   --      --      --         
couple_en      out     0.1000   0.0000    0.40   --      --         
p_code_vld_bus[0]
               out     0.1000   0.0000    0.40   --      --         
p_code_vld_bus[1]
               out     0.1000   0.0000    0.40   --      --         
p_code_vld_bus[2]
               out     0.1000   0.0000    0.40   --      --         
p_code_vld_bus[3]
               out     0.1000   0.0000    0.40   --      --         
p_code_vld_bus[4]
               out     0.1000   0.0000    0.40   --      --         
p_code_vld_bus[5]
               out     0.1000   0.0000    0.40   --      --         
p_code_vld_bus[6]
               out     0.1000   0.0000    0.40   --      --         
p_code_vld_bus[7]
               out     0.1000   0.0000    0.40   --      --         
p_out_g        out     0.1000   0.0000    0.40   --      --         
p_out_vld_g    out     0.1000   0.0000    0.40   --      --         
rd_data_out_g  out     0.1000   0.0000    0.40   --      --         
rd_rdy_bus[0]  out     0.1000   0.0000    0.40   --      --         
rd_rdy_bus[1]  out     0.1000   0.0000    0.40   --      --         
rd_rdy_bus[2]  out     0.1000   0.0000    0.40   --      --         
rd_rdy_bus[3]  out     0.1000   0.0000    0.40   --      --         
rd_rdy_bus[4]  out     0.1000   0.0000    0.40   --      --         
rd_rdy_bus[5]  out     0.1000   0.0000    0.40   --      --         
rd_rdy_bus[6]  out     0.1000   0.0000    0.40   --      --         
rd_rdy_bus[7]  out     0.1000   0.0000    0.40   --      --         
rd_vld_g       out     0.1000   0.0000    0.40   --      --         
wr_data_in_g_d2
               out     0.1000   0.0000    0.40   --      --         
wr_vld_bus[0]  out     0.1000   0.0000    0.40   --      --         
wr_vld_bus[1]  out     0.1000   0.0000    0.40   --      --         
wr_vld_bus[2]  out     0.1000   0.0000    0.40   --      --         
wr_vld_bus[3]  out     0.1000   0.0000    0.40   --      --         
wr_vld_bus[4]  out     0.1000   0.0000    0.40   --      --         
wr_vld_bus[5]  out     0.1000   0.0000    0.40   --      --         
wr_vld_bus[6]  out     0.1000   0.0000    0.40   --      --         
wr_vld_bus[7]  out     0.1000   0.0000    0.40   --      --         


              External  Max             Min                Min       Min
              Number    Wireload        Wireload           Pin       Wire
Port          Points    Model           Model              Load      Load
--------------------------------------------------------------------------------
clk                1      --              --              --        -- 
en_g               1      --              --              --        -- 
p_en               1      --              --              --        -- 
p_out_bus[0]       1      --              --              --        -- 
p_out_bus[1]       1      --              --              --        -- 
p_out_bus[2]       1      --              --              --        -- 
p_out_bus[3]       1      --              --              --        -- 
p_out_bus[4]       1      --              --              --        -- 
p_out_bus[5]       1      --              --              --        -- 
p_out_bus[6]       1      --              --              --        -- 
p_out_bus[7]       1      --              --              --        -- 
p_out_vld_bus[0]
                   1      --              --              --        -- 
p_out_vld_bus[1]
                   1      --              --              --        -- 
p_out_vld_bus[2]
                   1      --              --              --        -- 
p_out_vld_bus[3]
                   1      --              --              --        -- 
p_out_vld_bus[4]
                   1      --              --              --        -- 
p_out_vld_bus[5]
                   1      --              --              --        -- 
p_out_vld_bus[6]
                   1      --              --              --        -- 
p_out_vld_bus[7]
                   1      --              --              --        -- 
rd_data_out_bus[0]
                   1      --              --              --        -- 
rd_data_out_bus[1]
                   1      --              --              --        -- 
rd_data_out_bus[2]
                   1      --              --              --        -- 
rd_data_out_bus[3]
                   1      --              --              --        -- 
rd_data_out_bus[4]
                   1      --              --              --        -- 
rd_data_out_bus[5]
                   1      --              --              --        -- 
rd_data_out_bus[6]
                   1      --              --              --        -- 
rd_data_out_bus[7]
                   1      --              --              --        -- 
rd_vld_bus[0]      1      --              --              --        -- 
rd_vld_bus[1]      1      --              --              --        -- 
rd_vld_bus[2]      1      --              --              --        -- 
rd_vld_bus[3]      1      --              --              --        -- 
rd_vld_bus[4]      1      --              --              --        -- 
rd_vld_bus[5]      1      --              --              --        -- 
rd_vld_bus[6]      1      --              --              --        -- 
rd_vld_bus[7]      1      --              --              --        -- 
rstn               1      --              --              --        -- 
wr_data_in_g       1      --              --              --        -- 
couple_en          1      --              --              --        -- 
p_code_vld_bus[0]
                   1      --              --              --        -- 
p_code_vld_bus[1]
                   1      --              --              --        -- 
p_code_vld_bus[2]
                   1      --              --              --        -- 
p_code_vld_bus[3]
                   1      --              --              --        -- 
p_code_vld_bus[4]
                   1      --              --              --        -- 
p_code_vld_bus[5]
                   1      --              --              --        -- 
p_code_vld_bus[6]
                   1      --              --              --        -- 
p_code_vld_bus[7]
                   1      --              --              --        -- 
p_out_g            1      --              --              --        -- 
p_out_vld_g        1      --              --              --        -- 
rd_data_out_g      1      --              --              --        -- 
rd_rdy_bus[0]      1      --              --              --        -- 
rd_rdy_bus[1]      1      --              --              --        -- 
rd_rdy_bus[2]      1      --              --              --        -- 
rd_rdy_bus[3]      1      --              --              --        -- 
rd_rdy_bus[4]      1      --              --              --        -- 
rd_rdy_bus[5]      1      --              --              --        -- 
rd_rdy_bus[6]      1      --              --              --        -- 
rd_rdy_bus[7]      1      --              --              --        -- 
rd_vld_g           1      --              --              --        -- 
wr_data_in_g_d2
                   1      --              --              --        -- 
wr_vld_bus[0]      1      --              --              --        -- 
wr_vld_bus[1]      1      --              --              --        -- 
wr_vld_bus[2]      1      --              --              --        -- 
wr_vld_bus[3]      1      --              --              --        -- 
wr_vld_bus[4]      1      --              --              --        -- 
wr_vld_bus[5]      1      --              --              --        -- 
wr_vld_bus[6]      1      --              --              --        -- 
wr_vld_bus[7]      1      --              --              --        -- 

                    Input Delay
                  Min             Max       Related   Max
Input Port    Rise    Fall    Rise    Fall   Clock  Fanout
--------------------------------------------------------------------------------
clk           --      --      --      --      --      -- 
en_g          0.50    0.50    5.00    5.00  clk       --    
p_en          0.50    0.50    5.00    5.00  clk       --    
p_out_bus[0]
              0.50    0.50    5.00    5.00  clk       --    
p_out_bus[1]
              0.50    0.50    5.00    5.00  clk       --    
p_out_bus[2]
              0.50    0.50    5.00    5.00  clk       --    
p_out_bus[3]
              0.50    0.50    5.00    5.00  clk       --    
p_out_bus[4]
              0.50    0.50    5.00    5.00  clk       --    
p_out_bus[5]
              0.50    0.50    5.00    5.00  clk       --    
p_out_bus[6]
              0.50    0.50    5.00    5.00  clk       --    
p_out_bus[7]
              0.50    0.50    5.00    5.00  clk       --    
p_out_vld_bus[0]
              0.50    0.50    5.00    5.00  clk       --    
p_out_vld_bus[1]
              0.50    0.50    5.00    5.00  clk       --    
p_out_vld_bus[2]
              0.50    0.50    5.00    5.00  clk       --    
p_out_vld_bus[3]
              0.50    0.50    5.00    5.00  clk       --    
p_out_vld_bus[4]
              0.50    0.50    5.00    5.00  clk       --    
p_out_vld_bus[5]
              0.50    0.50    5.00    5.00  clk       --    
p_out_vld_bus[6]
              0.50    0.50    5.00    5.00  clk       --    
p_out_vld_bus[7]
              0.50    0.50    5.00    5.00  clk       --    
rd_data_out_bus[0]
              0.50    0.50    5.00    5.00  clk       --    
rd_data_out_bus[1]
              0.50    0.50    5.00    5.00  clk       --    
rd_data_out_bus[2]
              0.50    0.50    5.00    5.00  clk       --    
rd_data_out_bus[3]
              0.50    0.50    5.00    5.00  clk       --    
rd_data_out_bus[4]
              0.50    0.50    5.00    5.00  clk       --    
rd_data_out_bus[5]
              0.50    0.50    5.00    5.00  clk       --    
rd_data_out_bus[6]
              0.50    0.50    5.00    5.00  clk       --    
rd_data_out_bus[7]
              0.50    0.50    5.00    5.00  clk       --    
rd_vld_bus[0]
              0.50    0.50    5.00    5.00  clk       --    
rd_vld_bus[1]
              0.50    0.50    5.00    5.00  clk       --    
rd_vld_bus[2]
              0.50    0.50    5.00    5.00  clk       --    
rd_vld_bus[3]
              0.50    0.50    5.00    5.00  clk       --    
rd_vld_bus[4]
              0.50    0.50    5.00    5.00  clk       --    
rd_vld_bus[5]
              0.50    0.50    5.00    5.00  clk       --    
rd_vld_bus[6]
              0.50    0.50    5.00    5.00  clk       --    
rd_vld_bus[7]
              0.50    0.50    5.00    5.00  clk       --    
rstn          0.50    0.50    5.00    5.00  clk       --    
wr_data_in_g
              0.50    0.50    5.00    5.00  clk       --    


               Max Drive      Min Drive      Resistance    Min    Min       Cell
Input Port    Rise    Fall   Rise    Fall   Max     Min    Cap    Fanout    Deg
--------------------------------------------------------------------------------
clk           --      --     --      --     --      --     --     --        -- 
en_g          --      --     --      --     --      --     --     --        -- 
p_en          --      --     --      --     --      --     --     --        -- 
p_out_bus[0]
              --      --     --      --     --      --     --     --        -- 
p_out_bus[1]
              --      --     --      --     --      --     --     --        -- 
p_out_bus[2]
              --      --     --      --     --      --     --     --        -- 
p_out_bus[3]
              --      --     --      --     --      --     --     --        -- 
p_out_bus[4]
              --      --     --      --     --      --     --     --        -- 
p_out_bus[5]
              --      --     --      --     --      --     --     --        -- 
p_out_bus[6]
              --      --     --      --     --      --     --     --        -- 
p_out_bus[7]
              --      --     --      --     --      --     --     --        -- 
p_out_vld_bus[0]
              --      --     --      --     --      --     --     --        -- 
p_out_vld_bus[1]
              --      --     --      --     --      --     --     --        -- 
p_out_vld_bus[2]
              --      --     --      --     --      --     --     --        -- 
p_out_vld_bus[3]
              --      --     --      --     --      --     --     --        -- 
p_out_vld_bus[4]
              --      --     --      --     --      --     --     --        -- 
p_out_vld_bus[5]
              --      --     --      --     --      --     --     --        -- 
p_out_vld_bus[6]
              --      --     --      --     --      --     --     --        -- 
p_out_vld_bus[7]
              --      --     --      --     --      --     --     --        -- 
rd_data_out_bus[0]
              --      --     --      --     --      --     --     --        -- 
rd_data_out_bus[1]
              --      --     --      --     --      --     --     --        -- 
rd_data_out_bus[2]
              --      --     --      --     --      --     --     --        -- 
rd_data_out_bus[3]
              --      --     --      --     --      --     --     --        -- 
rd_data_out_bus[4]
              --      --     --      --     --      --     --     --        -- 
rd_data_out_bus[5]
              --      --     --      --     --      --     --     --        -- 
rd_data_out_bus[6]
              --      --     --      --     --      --     --     --        -- 
rd_data_out_bus[7]
              --      --     --      --     --      --     --     --        -- 
rd_vld_bus[0]
              --      --     --      --     --      --     --     --        -- 
rd_vld_bus[1]
              --      --     --      --     --      --     --     --        -- 
rd_vld_bus[2]
              --      --     --      --     --      --     --     --        -- 
rd_vld_bus[3]
              --      --     --      --     --      --     --     --        -- 
rd_vld_bus[4]
              --      --     --      --     --      --     --     --        -- 
rd_vld_bus[5]
              --      --     --      --     --      --     --     --        -- 
rd_vld_bus[6]
              --      --     --      --     --      --     --     --        -- 
rd_vld_bus[7]
              --      --     --      --     --      --     --     --        -- 
rstn          --      --     --      --     --      --     --     --        -- 
wr_data_in_g
              --      --     --      --     --      --     --     --        -- 


               Max Tran        Min Tran
Input Port    Rise    Fall    Rise    Fall
--------------------------------------------------------------------------------
clk           0.20    0.20    0.15    0.15
en_g          0.20    0.20    0.15    0.15
p_en          0.20    0.20    0.15    0.15
p_out_bus[0]
              0.20    0.20    0.15    0.15
p_out_bus[1]
              0.20    0.20    0.15    0.15
p_out_bus[2]
              0.20    0.20    0.15    0.15
p_out_bus[3]
              0.20    0.20    0.15    0.15
p_out_bus[4]
              0.20    0.20    0.15    0.15
p_out_bus[5]
              0.20    0.20    0.15    0.15
p_out_bus[6]
              0.20    0.20    0.15    0.15
p_out_bus[7]
              0.20    0.20    0.15    0.15
p_out_vld_bus[0]
              0.20    0.20    0.15    0.15
p_out_vld_bus[1]
              0.20    0.20    0.15    0.15
p_out_vld_bus[2]
              0.20    0.20    0.15    0.15
p_out_vld_bus[3]
              0.20    0.20    0.15    0.15
p_out_vld_bus[4]
              0.20    0.20    0.15    0.15
p_out_vld_bus[5]
              0.20    0.20    0.15    0.15
p_out_vld_bus[6]
              0.20    0.20    0.15    0.15
p_out_vld_bus[7]
              0.20    0.20    0.15    0.15
rd_data_out_bus[0]
              0.20    0.20    0.15    0.15
rd_data_out_bus[1]
              0.20    0.20    0.15    0.15
rd_data_out_bus[2]
              0.20    0.20    0.15    0.15
rd_data_out_bus[3]
              0.20    0.20    0.15    0.15
rd_data_out_bus[4]
              0.20    0.20    0.15    0.15
rd_data_out_bus[5]
              0.20    0.20    0.15    0.15
rd_data_out_bus[6]
              0.20    0.20    0.15    0.15
rd_data_out_bus[7]
              0.20    0.20    0.15    0.15
rd_vld_bus[0]
              0.20    0.20    0.15    0.15
rd_vld_bus[1]
              0.20    0.20    0.15    0.15
rd_vld_bus[2]
              0.20    0.20    0.15    0.15
rd_vld_bus[3]
              0.20    0.20    0.15    0.15
rd_vld_bus[4]
              0.20    0.20    0.15    0.15
rd_vld_bus[5]
              0.20    0.20    0.15    0.15
rd_vld_bus[6]
              0.20    0.20    0.15    0.15
rd_vld_bus[7]
              0.20    0.20    0.15    0.15
rstn          0.20    0.20    0.15    0.15
wr_data_in_g
              0.20    0.20    0.15    0.15


                    Output Delay
                  Min             Max      Related  Fanout
Output Port   Rise    Fall    Rise    Fall  Clock     Load
--------------------------------------------------------------------------------
couple_en     0.50    0.50    5.00    5.00  clk       0.00  
p_code_vld_bus[0]
              0.50    0.50    5.00    5.00  clk       0.00  
p_code_vld_bus[1]
              0.50    0.50    5.00    5.00  clk       0.00  
p_code_vld_bus[2]
              0.50    0.50    5.00    5.00  clk       0.00  
p_code_vld_bus[3]
              0.50    0.50    5.00    5.00  clk       0.00  
p_code_vld_bus[4]
              0.50    0.50    5.00    5.00  clk       0.00  
p_code_vld_bus[5]
              0.50    0.50    5.00    5.00  clk       0.00  
p_code_vld_bus[6]
              0.50    0.50    5.00    5.00  clk       0.00  
p_code_vld_bus[7]
              0.50    0.50    5.00    5.00  clk       0.00  
p_out_g       0.50    0.50    5.00    5.00  clk       0.00  
p_out_vld_g   0.50    0.50    5.00    5.00  clk       0.00  
rd_data_out_g
              0.50    0.50    5.00    5.00  clk       0.00  
rd_rdy_bus[0]
              0.50    0.50    5.00    5.00  clk       0.00  
rd_rdy_bus[1]
              0.50    0.50    5.00    5.00  clk       0.00  
rd_rdy_bus[2]
              0.50    0.50    5.00    5.00  clk       0.00  
rd_rdy_bus[3]
              0.50    0.50    5.00    5.00  clk       0.00  
rd_rdy_bus[4]
              0.50    0.50    5.00    5.00  clk       0.00  
rd_rdy_bus[5]
              0.50    0.50    5.00    5.00  clk       0.00  
rd_rdy_bus[6]
              0.50    0.50    5.00    5.00  clk       0.00  
rd_rdy_bus[7]
              0.50    0.50    5.00    5.00  clk       0.00  
rd_vld_g      0.50    0.50    5.00    5.00  clk       0.00  
wr_data_in_g_d2
              0.50    0.50    5.00    5.00  clk       0.00  
wr_vld_bus[0]
              0.50    0.50    5.00    5.00  clk       0.00  
wr_vld_bus[1]
              0.50    0.50    5.00    5.00  clk       0.00  
wr_vld_bus[2]
              0.50    0.50    5.00    5.00  clk       0.00  
wr_vld_bus[3]
              0.50    0.50    5.00    5.00  clk       0.00  
wr_vld_bus[4]
              0.50    0.50    5.00    5.00  clk       0.00  
wr_vld_bus[5]
              0.50    0.50    5.00    5.00  clk       0.00  
wr_vld_bus[6]
              0.50    0.50    5.00    5.00  clk       0.00  
wr_vld_bus[7]
              0.50    0.50    5.00    5.00  clk       0.00  

1
