 
****************************************
Report : timing
        -path full
        -delay min
        -max_paths 1
Design : global_ctrl
Version: S-2021.06-SP1
Date   : Tue Apr 28 16:37:53 2026
****************************************

Operating Conditions: WCCOM   Library: tcbn40lpbwpwc_ccs
Wire Load Model Mode: segmented

  Startpoint: en_g (input port clocked by clk)
  Endpoint: en_g_d1_reg
            (rising edge-triggered flip-flop clocked by clk)
  Path Group: INPUTS
  Path Type: min

  Des/Clust/Port     Wire Load Model       Library
  ------------------------------------------------
  global_ctrl        ZeroWireload          tcbn40lpbwpwc_ccs

  Point                                    Incr       Path
  -----------------------------------------------------------
  clock clk (rise edge)                    0.00       0.00
  clock network delay (ideal)              0.00       0.00
  input external delay                     0.50       0.50 f
  en_g (in)                                0.00       0.50 f
  en_g_d1_reg/D (DFCNQD1BWP)               0.00       0.50 f
  data arrival time                                   0.50

  clock clk (rise edge)                    0.00       0.00
  clock network delay (ideal)              0.00       0.00
  clock uncertainty                        0.15       0.15
  en_g_d1_reg/CP (DFCNQD1BWP)              0.00       0.15 r
  library hold time                        0.09       0.24
  data required time                                  0.24
  -----------------------------------------------------------
  data required time                                  0.24
  data arrival time                                  -0.50
  -----------------------------------------------------------
  slack (MET)                                         0.26


  Startpoint: p_code_vld_bus_reg[0]
              (rising edge-triggered flip-flop clocked by clk)
  Endpoint: p_code_vld_bus[0]
            (output port clocked by clk)
  Path Group: OUTPUTS
  Path Type: min

  Des/Clust/Port     Wire Load Model       Library
  ------------------------------------------------
  global_ctrl        ZeroWireload          tcbn40lpbwpwc_ccs

  Point                                                   Incr       Path
  --------------------------------------------------------------------------
  clock clk (rise edge)                                   0.00       0.00
  clock network delay (ideal)                             0.00       0.00
  p_code_vld_bus_reg[0]/CP (DFCNQD1BWP)                   0.00       0.00 r
  p_code_vld_bus_reg[0]/Q (DFCNQD1BWP)                    0.29       0.29 r
  U163/ZN (INVD0BWP)                                      0.07       0.36 f
  U164/ZN (CKND6BWP)                                      0.21       0.57 r
  p_code_vld_bus[0] (out)                                 0.00       0.57 r
  data arrival time                                                  0.57

  clock clk (rise edge)                                   0.00       0.00
  clock network delay (ideal)                             0.00       0.00
  clock uncertainty                                       0.15       0.15
  output external delay                                  -0.50      -0.35
  data required time                                                -0.35
  --------------------------------------------------------------------------
  data required time                                                -0.35
  data arrival time                                                 -0.57
  --------------------------------------------------------------------------
  slack (MET)                                                        0.92


  Startpoint: dl_cur_state_d1_reg
              (rising edge-triggered flip-flop clocked by clk)
  Endpoint: dl_cur_state_d2_reg
            (rising edge-triggered flip-flop clocked by clk)
  Path Group: clk
  Path Type: min

  Des/Clust/Port     Wire Load Model       Library
  ------------------------------------------------
  global_ctrl        ZeroWireload          tcbn40lpbwpwc_ccs

  Point                                    Incr       Path
  -----------------------------------------------------------
  clock clk (rise edge)                    0.00       0.00
  clock network delay (ideal)              0.00       0.00
  dl_cur_state_d1_reg/CP (DFCNQD1BWP)      0.00       0.00 r
  dl_cur_state_d1_reg/Q (DFCNQD1BWP)       0.30       0.30 f
  dl_cur_state_d2_reg/D (DFCNQD1BWP)       0.00       0.30 f
  data arrival time                                   0.30

  clock clk (rise edge)                    0.00       0.00
  clock network delay (ideal)              0.00       0.00
  clock uncertainty                        0.15       0.15
  dl_cur_state_d2_reg/CP (DFCNQD1BWP)      0.00       0.15 r
  library hold time                        0.11       0.26
  data required time                                  0.26
  -----------------------------------------------------------
  data required time                                  0.26
  data arrival time                                  -0.30
  -----------------------------------------------------------
  slack (MET)                                         0.04


1
