###############################################################
#  Generated by:      Cadence Innovus 19.12-s087_1
#  OS:                Linux x86_64(Host ID pdk5)
#  Generated on:      Tue Apr 28 15:50:15 2026
#  Design:            local_ctrl_row
#  Command:           report_ccopt_clock_trees -filename ./ccopt/local_ctrl_row/ccopt_report_trees.rpt
###############################################################

Clock DAG stats:
================

------------------------------------------------------------
Cell type                     Count    Area      Capacitance
------------------------------------------------------------
Buffers                        29      90.670       0.054
Inverters                       0       0.000       0.000
Integrated Clock Gates          0       0.000       0.000
Non-Integrated Clock Gates      0       0.000       0.000
Clock Logic                     0       0.000       0.000
All                            29      90.670       0.054
------------------------------------------------------------


Clock DAG wire lengths:
=======================

--------------------
Type     Wire Length
--------------------
Top          0.000
Trunk     3307.500
Leaf      5562.900
Total     8870.400
--------------------


Clock DAG hp wire lengths:
==========================

-----------------------
Type     hp Wire Length
-----------------------
Top            0.000
Trunk       3124.800
Leaf        2445.030
Total       5569.830
-----------------------


Clock DAG capacitances:
=======================

--------------------------------
Type     Gate     Wire     Total
--------------------------------
Top      0.000    0.000    0.000
Trunk    0.054    0.512    0.566
Leaf     0.889    0.965    1.854
Total    0.943    1.477    2.420
--------------------------------


Clock DAG sink capacitances:
============================

--------------------------------------------------------
Count    Total    Average    Std. Dev.    Min      Max
--------------------------------------------------------
1916     0.889     0.000       0.000      0.000    0.000
--------------------------------------------------------


Clock DAG net violations:
=========================

None


Clock DAG primary half-corner transition distribution:
======================================================

---------------------------------------------------------------------------------------------------------------------------------------------------------------
Net Type    Target    Count    Average    Std. Dev.    Min      Max      Distribution                                                               Over Target
---------------------------------------------------------------------------------------------------------------------------------------------------------------
Trunk       0.271       9       0.109       0.072      0.042    0.230    {6 <= 0.163ns, 2 <= 0.217ns, 1 <= 0.244ns, 0 <= 0.258ns, 0 <= 0.271ns}          -
Leaf        0.271      21       0.146       0.052      0.042    0.213    {9 <= 0.163ns, 12 <= 0.217ns, 0 <= 0.244ns, 0 <= 0.258ns, 0 <= 0.271ns}         -
---------------------------------------------------------------------------------------------------------------------------------------------------------------


Clock DAG library cell distribution:
====================================

-------------------------------------------
Name          Type      Inst     Inst Area 
                        Count    (um^2)
-------------------------------------------
BUFFD24BWP    buffer      1         7.409
BUFFD20BWP    buffer      4        24.696
BUFFD16BWP    buffer      1         5.116
BUFFD12BWP    buffer      3        11.642
BUFFD8BWP     buffer      3         8.467
BUFFD6BWP     buffer     13        27.518
BUFFD4BWP     buffer      3         4.763
BUFFD2BWP     buffer      1         1.058
-------------------------------------------



Please note that the following tables reflect only the defined clock trees, so the flop counts might not include all flops in your design.

Clock Tree Summary:
===================

-------------------------------------------------------------------------------------------------------------------------------------------------------------------------------------------------------
Clock Tree  # Posedge  # Negedge  # RAM  # Enable  # Non enable  # Other  # Clock  # Bufs  # Invs  # Other  # Implicit  Max       Max     Max     Max          Standard   Wire   Gate   Clock Tree Root
Name        Flops      Flops      Clock  Latch     Latch         Sinks    Gates                    Clock    ignore/     Non-leaf  Leaf    Length  Source-sink  cell area  cap    cap    
                                  Pins   Sinks     Sinks                                           Cells    stop pins   Fanout    Fanout  (um)    Resistance   (um^2)     (pF)   (pF)   
                                                                                                                                                  (Ohms)                                
-------------------------------------------------------------------------------------------------------------------------------------------------------------------------------------------------------
clk           1916         0        0       0           0           0        0       29      0        0         0          6       100    826.64    17538.2     90.670    1.477  0.943  clk
-------------------------------------------------------------------------------------------------------------------------------------------------------------------------------------------------------

Summary across all clock trees :
================================

----------------------------------------------------------------------------------------------------------------------------------------------------------------------------------------------
# Posedge  # Negedge  # RAM  # Enable  # Non enable  # Other  # Clock  # Bufs  # Invs  # Other  # Implicit  Max       Average   Max     Average  Max      Max          Standard   Wire   Gate
Flops      Flops      Clock  Latch     Latch         Sinks    Gates                    Clock    ignore/     Non-leaf  Non-leaf  Leaf    Leaf     Length   Source-sink  cell area  cap    cap
                      Pins   Sinks     Sinks                                           Cells    stop pins   Fanout    Fanout    Fanout  Fanout   (um)     Resistance   (um^2)     (pF)   (pF)
                                                                                                                                                          (Ohms)                         
----------------------------------------------------------------------------------------------------------------------------------------------------------------------------------------------
  1916         0        0       0           0           0        0       29      0        0         0          6      3.22222    100    91.2381  826.640   1753.820     90.670    1.477  0.943
----------------------------------------------------------------------------------------------------------------------------------------------------------------------------------------------

Physical metrics across all clock trees
=======================================

------------------------------------------------------------------------
Metric                               Minimum  Average  Maximum   Std.dev
------------------------------------------------------------------------
Source-sink routed net length (um)    42.360  168.588   826.640  188.725
Source-sink manhattan distance (um)   42.000  164.041   826.140  190.093
Source-sink resistance (Ohm)         109.062  388.799  1753.820  390.513
------------------------------------------------------------------------

Transition distribution for half-corner fast_delay:setup.late:
==============================================================

---------------------------------------------------------------------------------------------------------------------------------------------------------------
Net Type    Target    Count    Average    Std. Dev.    Min      Max      Distribution                                                               Over Target
---------------------------------------------------------------------------------------------------------------------------------------------------------------
Trunk       0.271       9       0.109       0.072      0.042    0.230    {6 <= 0.163ns, 2 <= 0.217ns, 1 <= 0.244ns, 0 <= 0.258ns, 0 <= 0.271ns}          -
Leaf        0.271      21       0.146       0.052      0.042    0.213    {9 <= 0.163ns, 12 <= 0.217ns, 0 <= 0.244ns, 0 <= 0.258ns, 0 <= 0.271ns}         -
---------------------------------------------------------------------------------------------------------------------------------------------------------------

Count of violations across all clock trees:
===========================================

---------------------------------------------------------------------------------------
Clock Tree  # Max capacitance  # Max resistance  # Max length  # Max fanout  # Slew
Name        violations         violations        violations    violations    violations
---------------------------------------------------------------------------------------
clk                 0                 0               0             0            0
---------------------------------------------------------------------------------------
Total               0                 0               0             0            0
---------------------------------------------------------------------------------------

Note the above table per clock tree is based on CCOpt clock tree view. The violations are counted across half corners.

Found a total of 0 clock tree pins with max capacitance violations.
Found a total of 0 clock tree nets with max resistance violations.
Found a total of 0 clock tree nets with max length violations.
Found a total of 0 clock tree nets with max fanout violations.
Found a total of 0 clock tree pins with a slew violation.

Report for clock tree: clk
==========================

Clock Tree Gating Structure (Logical):

# Full cycle clock gates   : 0
Minimum clock gating depth : 0
Maximum clock gating depth : 0
Clock gate area (um^2)     : 0.000

Clock Tree Buffering Structure (Logical):

# Buffers             : 29
# Inverters           :  0
  Total               : 29
Minimum depth         :  4
Maximum depth         :  5
Buffering area (um^2) : 90.670

Clock Tree Level Structure (Logical):

---------------------------------------------------------------------------
Level  # Full  # Posedge  # Negedge  # RAM  # Enable  # Non enable  # Other
       Cycle   Flops      Flops      Clock  Latch     Latch         Sinks
                                     Pins   Sinks     Sinks         
---------------------------------------------------------------------------
root     0       1916         0        0       0           0           0
---------------------------------------------------------------------------
Total    0       1916         0        0       0           0           0
---------------------------------------------------------------------------

Target and measured clock slews (in ns):

---------------------------------------------------------------------------------------------------------------------------------------
Timing Corner           Worst Rising  Worst Falling  Worst Rising  Worst Falling  Leaf Slew       Leaf Slew  Trunk Slew      Trunk Slew
                        Leaf Slew     Leaf Slew      Trunk Slew    Trunk Slew     Target Type     Target     Target Type     Target
---------------------------------------------------------------------------------------------------------------------------------------
fast_delay:hold.early      0.213          0.133         0.230          0.206      ignored             -      ignored             -
fast_delay:hold.late       0.213          0.133         0.230          0.207      ignored             -      ignored             -
fast_delay:setup.early     0.213          0.133         0.230          0.206      ignored             -      ignored             -
fast_delay:setup.late      0.213          0.133         0.230          0.207      auto extracted   0.400     auto extracted   0.400
slow_delay:hold.early      0.393          0.257         0.388          0.347      ignored             -      ignored             -
slow_delay:hold.late       0.393          0.257         0.388          0.347      ignored             -      ignored             -
slow_delay:setup.early     0.393          0.257         0.388          0.347      ignored             -      ignored             -
slow_delay:setup.late      0.393          0.257         0.388          0.347      ignored             -      ignored             -
typ_delay:hold.early       0.271          0.168         0.283          0.250      ignored             -      ignored             -
typ_delay:hold.late        0.271          0.168         0.282          0.250      ignored             -      ignored             -
typ_delay:setup.early      0.271          0.168         0.283          0.250      ignored             -      ignored             -
typ_delay:setup.late       0.271          0.168         0.282          0.250      ignored             -      ignored             -
---------------------------------------------------------------------------------------------------------------------------------------

* - indicates that target was not met.

auto extracted - target was extracted from SDC.
auto computed - target was computed when balancing trees.

