###############################################################
#  Generated by:      Cadence Innovus 19.12-s087_1
#  OS:                Linux x86_64(Host ID pdk5)
#  Generated on:      Tue Apr 28 16:51:32 2026
#  Design:            global_ctrl
#  Command:           report_ccopt_clock_trees -filename ./ccopt/global_ctrl/ccopt_report_trees.rpt
###############################################################

Clock DAG stats:
================

-----------------------------------------------------------
Cell type                     Count    Area     Capacitance
-----------------------------------------------------------
Buffers                         1      6.174       0.004
Inverters                       0      0.000       0.000
Integrated Clock Gates          0      0.000       0.000
Non-Integrated Clock Gates      0      0.000       0.000
Clock Logic                     0      0.000       0.000
All                             1      6.174       0.004
-----------------------------------------------------------


Clock DAG wire lengths:
=======================

--------------------
Type     Wire Length
--------------------
Top          0.000
Trunk      154.980
Leaf       350.980
Total      505.960
--------------------


Clock DAG hp wire lengths:
==========================

-----------------------
Type     hp Wire Length
-----------------------
Top           0.000
Trunk         0.000
Leaf        283.500
Total       283.500
-----------------------


Clock DAG capacitances:
=======================

--------------------------------
Type     Gate     Wire     Total
--------------------------------
Top      0.000    0.000    0.000
Trunk    0.004    0.017    0.020
Leaf     0.035    0.042    0.077
Total    0.039    0.059    0.098
--------------------------------


Clock DAG sink capacitances:
============================

--------------------------------------------------------
Count    Total    Average    Std. Dev.    Min      Max
--------------------------------------------------------
 76      0.035     0.000       0.000      0.000    0.000
--------------------------------------------------------


Clock DAG net violations:
=========================

None


Clock DAG primary half-corner transition distribution:
======================================================

--------------------------------------------------------------------------------------------------------------------------------------------------------------
Net Type    Target    Count    Average    Std. Dev.    Min      Max      Distribution                                                              Over Target
--------------------------------------------------------------------------------------------------------------------------------------------------------------
Trunk       0.271       1       0.200       0.000      0.200    0.200    {0 <= 0.163ns, 1 <= 0.217ns, 0 <= 0.244ns, 0 <= 0.258ns, 0 <= 0.271ns}         -
Leaf        0.271       1       0.050       0.000      0.050    0.050    {1 <= 0.163ns, 0 <= 0.217ns, 0 <= 0.244ns, 0 <= 0.258ns, 0 <= 0.271ns}         -
--------------------------------------------------------------------------------------------------------------------------------------------------------------


Clock DAG library cell distribution:
====================================

-------------------------------------------
Name          Type      Inst     Inst Area 
                        Count    (um^2)
-------------------------------------------
BUFFD20BWP    buffer      1        6.174
-------------------------------------------



Please note that the following tables reflect only the defined clock trees, so the flop counts might not include all flops in your design.

Clock Tree Summary:
===================

-------------------------------------------------------------------------------------------------------------------------------------------------------------------------------------------------------
Clock Tree  # Posedge  # Negedge  # RAM  # Enable  # Non enable  # Other  # Clock  # Bufs  # Invs  # Other  # Implicit  Max       Max     Max     Max          Standard   Wire   Gate   Clock Tree Root
Name        Flops      Flops      Clock  Latch     Latch         Sinks    Gates                    Clock    ignore/     Non-leaf  Leaf    Length  Source-sink  cell area  cap    cap    
                                  Pins   Sinks     Sinks                                           Cells    stop pins   Fanout    Fanout  (um)    Resistance   (um^2)     (pF)   (pF)   
                                                                                                                                                  (Ohms)                                
-------------------------------------------------------------------------------------------------------------------------------------------------------------------------------------------------------
clk            76          0        0       0           0           0        0       1       0        0         0          1        76    155.48    3142.35      6.174    0.059  0.039  clk
-------------------------------------------------------------------------------------------------------------------------------------------------------------------------------------------------------

Summary across all clock trees :
================================

----------------------------------------------------------------------------------------------------------------------------------------------------------------------------------------------
# Posedge  # Negedge  # RAM  # Enable  # Non enable  # Other  # Clock  # Bufs  # Invs  # Other  # Implicit  Max       Average   Max     Average  Max      Max          Standard   Wire   Gate
Flops      Flops      Clock  Latch     Latch         Sinks    Gates                    Clock    ignore/     Non-leaf  Non-leaf  Leaf    Leaf     Length   Source-sink  cell area  cap    cap
                      Pins   Sinks     Sinks                                           Cells    stop pins   Fanout    Fanout    Fanout  Fanout   (um)     Resistance   (um^2)     (pF)   (pF)
                                                                                                                                                          (Ohms)                         
----------------------------------------------------------------------------------------------------------------------------------------------------------------------------------------------
   76          0        0       0           0           0        0       1       0        0         0          1         1        76      76     155.480    314.235      6.174    0.059  0.039
----------------------------------------------------------------------------------------------------------------------------------------------------------------------------------------------

Physical metrics across all clock trees
=======================================

-----------------------------------------------------------------------
Metric                               Minimum  Average  Maximum  Std.dev
-----------------------------------------------------------------------
Source-sink routed net length (um)   155.340  155.410  155.480   0.070
Source-sink manhattan distance (um)  150.080  152.595  155.110   2.515
Source-sink resistance (Ohm)         289.715  301.975  314.235  12.260
-----------------------------------------------------------------------

Transition distribution for half-corner fast_delay:setup.late:
==============================================================

--------------------------------------------------------------------------------------------------------------------------------------------------------------
Net Type    Target    Count    Average    Std. Dev.    Min      Max      Distribution                                                              Over Target
--------------------------------------------------------------------------------------------------------------------------------------------------------------
Trunk       0.271       1       0.200       0.000      0.200    0.200    {0 <= 0.163ns, 1 <= 0.217ns, 0 <= 0.244ns, 0 <= 0.258ns, 0 <= 0.271ns}         -
Leaf        0.271       1       0.050       0.000      0.050    0.050    {1 <= 0.163ns, 0 <= 0.217ns, 0 <= 0.244ns, 0 <= 0.258ns, 0 <= 0.271ns}         -
--------------------------------------------------------------------------------------------------------------------------------------------------------------

Count of violations across all clock trees:
===========================================

---------------------------------------------------------------------------------------
Clock Tree  # Max capacitance  # Max resistance  # Max length  # Max fanout  # Slew
Name        violations         violations        violations    violations    violations
---------------------------------------------------------------------------------------
clk                 0                 0               0             0            0
---------------------------------------------------------------------------------------
Total               0                 0               0             0            0
---------------------------------------------------------------------------------------

Note the above table per clock tree is based on CCOpt clock tree view. The violations are counted across half corners.

Found a total of 0 clock tree pins with max capacitance violations.
Found a total of 0 clock tree nets with max resistance violations.
Found a total of 0 clock tree nets with max length violations.
Found a total of 0 clock tree nets with max fanout violations.
Found a total of 0 clock tree pins with a slew violation.

Report for clock tree: clk
==========================

Clock Tree Gating Structure (Logical):

# Full cycle clock gates   : 0
Minimum clock gating depth : 0
Maximum clock gating depth : 0
Clock gate area (um^2)     : 0.000

Clock Tree Buffering Structure (Logical):

# Buffers             : 1
# Inverters           : 0
  Total               : 1
Minimum depth         : 1
Maximum depth         : 1
Buffering area (um^2) : 6.174

Clock Tree Level Structure (Logical):

---------------------------------------------------------------------------
Level  # Full  # Posedge  # Negedge  # RAM  # Enable  # Non enable  # Other
       Cycle   Flops      Flops      Clock  Latch     Latch         Sinks
                                     Pins   Sinks     Sinks         
---------------------------------------------------------------------------
root     0        76          0        0       0           0           0
---------------------------------------------------------------------------
Total    0        76          0        0       0           0           0
---------------------------------------------------------------------------

Target and measured clock slews (in ns):

---------------------------------------------------------------------------------------------------------------------------------------
Timing Corner           Worst Rising  Worst Falling  Worst Rising  Worst Falling  Leaf Slew       Leaf Slew  Trunk Slew      Trunk Slew
                        Leaf Slew     Leaf Slew      Trunk Slew    Trunk Slew     Target Type     Target     Target Type     Target
---------------------------------------------------------------------------------------------------------------------------------------
fast_delay:hold.early      0.049          0.039         0.150          0.150      ignored             -      ignored             -
fast_delay:hold.late       0.050          0.042         0.200          0.200      ignored             -      ignored             -
fast_delay:setup.early     0.049          0.039         0.150          0.150      ignored             -      ignored             -
fast_delay:setup.late      0.050          0.042         0.200          0.200      auto extracted   0.400     auto extracted   0.400
slow_delay:hold.early      0.096          0.076         0.150          0.150      ignored             -      ignored             -
slow_delay:hold.late       0.097          0.077         0.200          0.200      ignored             -      ignored             -
slow_delay:setup.early     0.096          0.076         0.150          0.150      ignored             -      ignored             -
slow_delay:setup.late      0.097          0.077         0.200          0.200      ignored             -      ignored             -
typ_delay:hold.early       0.064          0.049         0.150          0.150      ignored             -      ignored             -
typ_delay:hold.late        0.066          0.052         0.200          0.200      ignored             -      ignored             -
typ_delay:setup.early      0.064          0.049         0.150          0.150      ignored             -      ignored             -
typ_delay:setup.late       0.066          0.052         0.200          0.200      ignored             -      ignored             -
---------------------------------------------------------------------------------------------------------------------------------------

* - indicates that target was not met.

auto extracted - target was extracted from SDC.
auto computed - target was computed when balancing trees.

